C:/ncs/v3.1.1/zephyr/include/zephyr/pm/device.h:718:19:pm_device_driver_init	16	static
C:/ncs/v3.1.1/modules/hal/nordic/nrfx/hal/nrf_uarte.h:1034:24:nrf_uarte_configure	0	static
C:/ncs/v3.1.1/zephyr/drivers/serial/uart_nrfx_uarte.c:569:13:uarte_nrfx_isr_int	0	static
C:/ncs/v3.1.1/zephyr/drivers/serial/uart_nrfx_uarte.c:780:12:uarte_nrfx_err_check	0	static
C:/ncs/v3.1.1/zephyr/drivers/serial/uart_nrfx_uarte.c:791:13:is_tx_ready	0	static
C:/ncs/v3.1.1/zephyr/drivers/serial/uart_nrfx_uarte.c:922:13:tx_start	0	static
C:/ncs/v3.1.1/zephyr/drivers/serial/uart_nrfx_uarte.c:2811:12:uarte_nrfx_poll_in	0	static
C:/ncs/v3.1.1/zephyr/drivers/serial/uart_nrfx_uarte.c:3310:12:uarte_tx_path_init	0	static
C:/ncs/v3.1.1/zephyr/include/zephyr/kernel.h:579:23:k_msleep	8	static
C:/ncs/v3.1.1/zephyr/drivers/serial/uart_nrfx_uarte.c:806:12:wait_tx_ready	16	static
C:/ncs/v3.1.1/zephyr/drivers/serial/uart_nrfx_uarte.c:2847:13:uarte_nrfx_poll_out	24	static
C:/ncs/v3.1.1/zephyr/drivers/serial/uart_nrfx_uarte.c:536:13:uarte_has_cross_domain_connection	16	static
C:/ncs/v3.1.1/zephyr/include/zephyr/drivers/pinctrl.h:344:19:pinctrl_apply_state	16	static
C:/ncs/v3.1.1/zephyr/drivers/serial/uart_nrfx_uarte.c:3359:12:uarte_instance_init	16	static
C:/ncs/v3.1.1/zephyr/drivers/serial/uart_nrfx_uarte.c:3690:1:uarte_20_init	8	static
C:/ncs/v3.1.1/zephyr/drivers/serial/uart_nrfx_uarte.c:836:13:uarte_periph_enable	16	static
C:/ncs/v3.1.1/zephyr/drivers/serial/uart_nrfx_uarte.c:3200:13:uarte_pm_resume	8	static
C:/ncs/v3.1.1/zephyr/drivers/serial/uart_nrfx_uarte.c:3297:12:uarte_nrfx_pm_action	8	static
