C:/ncs/v3.1.1/modules/crypto/mbedtls/library/oid.c:474:1:oid_sig_alg_from_asn1	0	static
C:/ncs/v3.1.1/modules/crypto/mbedtls/library/oid.c:795:1:oid_md_alg_from_asn1	0	static
C:/ncs/v3.1.1/modules/crypto/mbedtls/library/oid.c:879:1:oid_md_hmac_from_asn1	0	static
C:/ncs/v3.1.1/modules/crypto/mbedtls/library/oid.c:991:12:oid_parse_number	4	static
C:/ncs/v3.1.1/modules/crypto/mbedtls/library/oid.c:1009:15:oid_subidentifier_num_bytes	0	static
C:/ncs/v3.1.1/modules/crypto/mbedtls/library/oid.c:1021:12:oid_subidentifier_encode_into	16	static
C:/ncs/v3.1.1/modules/crypto/mbedtls/library/oid.c:259:1:oid_x520_attr_from_asn1	16	static
C:/ncs/v3.1.1/modules/crypto/mbedtls/library/oid.c:328:1:oid_x509_ext_from_asn1	16	static
C:/ncs/v3.1.1/modules/crypto/mbedtls/library/oid.c:350:1:oid_ext_key_usage_from_asn1	16	static
C:/ncs/v3.1.1/modules/crypto/mbedtls/library/oid.c:363:1:oid_certificate_policies_from_asn1	16	static
C:/ncs/v3.1.1/modules/crypto/mbedtls/library/oid.c:527:1:oid_pk_alg_from_asn1	16	static
C:/ncs/v3.1.1/modules/crypto/mbedtls/library/oid.c:260:1:mbedtls_oid_get_attr_short_name	8	static
C:/ncs/v3.1.1/modules/crypto/mbedtls/library/oid.c:329:1:mbedtls_oid_get_x509_ext_type	8	static
C:/ncs/v3.1.1/modules/crypto/mbedtls/library/oid.c:351:1:mbedtls_oid_get_extended_key_usage	8	static
C:/ncs/v3.1.1/modules/crypto/mbedtls/library/oid.c:364:1:mbedtls_oid_get_certificate_policies	8	static
C:/ncs/v3.1.1/modules/crypto/mbedtls/library/oid.c:477:1:mbedtls_oid_get_sig_alg_desc	8	static
C:/ncs/v3.1.1/modules/crypto/mbedtls/library/oid.c:484:1:mbedtls_oid_get_sig_alg	16	static
C:/ncs/v3.1.1/modules/crypto/mbedtls/library/oid.c:491:1:mbedtls_oid_get_oid_by_sig_alg	0	static
C:/ncs/v3.1.1/modules/crypto/mbedtls/library/oid.c:528:1:mbedtls_oid_get_pk_alg	8	static
C:/ncs/v3.1.1/modules/crypto/mbedtls/library/oid.c:529:1:mbedtls_oid_get_oid_by_pk_alg	4	static
C:/ncs/v3.1.1/modules/crypto/mbedtls/library/oid.c:796:1:mbedtls_oid_get_md_alg	8	static
C:/ncs/v3.1.1/modules/crypto/mbedtls/library/oid.c:797:1:mbedtls_oid_get_oid_by_md	0	static
C:/ncs/v3.1.1/modules/crypto/mbedtls/library/oid.c:880:1:mbedtls_oid_get_md_hmac	8	static
C:/ncs/v3.1.1/modules/crypto/mbedtls/library/oid.c:923:5:mbedtls_oid_get_numeric_string	32	static
C:/ncs/v3.1.1/modules/crypto/mbedtls/library/oid.c:1043:5:mbedtls_oid_from_numeric_string	48	static
