C:/ncs/v3.1.1/modules/hal/nordic/nrfx/hal/nrf_clock.h:1197:24:nrf_clock_is_running	0	static
C:/ncs/v3.1.1/zephyr/drivers/clock_control/clock_control_nrf.c:88:43:get_sub_data	0	static
C:/ncs/v3.1.1/zephyr/drivers/clock_control/clock_control_nrf.c:96:51:get_sub_config	0	static
C:/ncs/v3.1.1/zephyr/drivers/clock_control/clock_control_nrf.c:105:30:get_onoff_manager	0	static
C:/ncs/v3.1.1/zephyr/drivers/clock_control/clock_control_nrf.c:122:34:get_status	8	static
C:/ncs/v3.1.1/zephyr/drivers/clock_control/clock_control_nrf.c:132:12:set_off_state	0	static
C:/ncs/v3.1.1/zephyr/drivers/clock_control/clock_control_nrf.c:149:12:set_starting_state	0	static
C:/ncs/v3.1.1/zephyr/drivers/clock_control/clock_control_nrf.c:168:13:set_on_state	0	static
C:/ncs/v3.1.1/zephyr/drivers/clock_control/clock_control_nrf.c:252:13:clkstarted_handle	24	static
C:/ncs/v3.1.1/zephyr/drivers/clock_control/clock_control_nrf.c:368:18:get_hf_flags	0	static
C:/ncs/v3.1.1/zephyr/drivers/clock_control/clock_control_nrf.c:458:12:stop	16	static
C:/ncs/v3.1.1/zephyr/drivers/clock_control/clock_control_nrf.c:477:12:api_stop	8	static
C:/ncs/v3.1.1/zephyr/drivers/clock_control/clock_control_nrf.c:482:12:async_start	24	static
C:/ncs/v3.1.1/zephyr/drivers/clock_control/clock_control_nrf.c:502:12:api_start	16	static
C:/ncs/v3.1.1/zephyr/drivers/clock_control/clock_control_nrf.c:535:31:get_subsys	0	static
C:/ncs/v3.1.1/zephyr/drivers/clock_control/clock_control_nrf.c:543:13:onoff_stop	16	static
C:/ncs/v3.1.1/zephyr/drivers/clock_control/clock_control_nrf.c:552:13:onoff_started_callback	8	static
C:/ncs/v3.1.1/zephyr/drivers/clock_control/clock_control_nrf.c:563:13:onoff_start	24	static
C:/ncs/v3.1.1/zephyr/drivers/clock_control/clock_control_nrf.c:698:13:clock_event_handler	8	static
C:/ncs/v3.1.1/zephyr/drivers/clock_control/clock_control_nrf.c:314:13:hfclk_start	8	static
C:/ncs/v3.1.1/zephyr/drivers/clock_control/clock_control_nrf.c:375:13:generic_hfclk_start	16	static
C:/ncs/v3.1.1/zephyr/drivers/clock_control/clock_control_nrf.c:285:13:lfclk_start	8	static
C:/ncs/v3.1.1/zephyr/drivers/clock_control/clock_control_nrf.c:323:13:hfclk_stop	8	static
C:/ncs/v3.1.1/zephyr/drivers/clock_control/clock_control_nrf.c:405:13:generic_hfclk_stop	8	static
C:/ncs/v3.1.1/zephyr/drivers/clock_control/clock_control_nrf.c:300:13:lfclk_stop	8	static
C:/ncs/v3.1.1/zephyr/include/zephyr/kernel.h:579:23:k_msleep	8	static
C:/ncs/v3.1.1/zephyr/drivers/clock_control/clock_control_nrf.c:590:13:lfclk_spinwait	24	static
C:/ncs/v3.1.1/zephyr/drivers/clock_control/clock_control_nrf.c:508:13:blocking_start_callback	8	static
C:/ncs/v3.1.1/zephyr/drivers/clock_control/clock_control_nrf.c:517:12:api_blocking_start	40	static
C:/ncs/v3.1.1/zephyr/drivers/clock_control/clock_control_nrf.c:797:12:clk_init	16	static
C:/ncs/v3.1.1/zephyr/drivers/clock_control/clock_control_nrf.c:116:23:z_nrf_clock_control_get_onoff	8	static
C:/ncs/v3.1.1/zephyr/drivers/clock_control/clock_control_nrf.c:425:6:z_nrf_clock_bt_ctlr_hf_request	8	static
C:/ncs/v3.1.1/zephyr/drivers/clock_control/clock_control_nrf.c:435:6:z_nrf_clock_bt_ctlr_hf_release	8	static
C:/ncs/v3.1.1/zephyr/drivers/clock_control/clock_control_nrf.c:452:10:z_nrf_clock_bt_ctlr_hf_get_startup_time_us	0	static
C:/ncs/v3.1.1/zephyr/drivers/clock_control/clock_control_nrf.c:663:6:z_nrf_clock_control_lf_on	8	static
