C:/ncs/v3.1.1/zephyr/include/zephyr/sys/slist.h:408:1:sys_slist_remove	0	static
C:/ncs/v3.1.1/zephyr/include/zephyr/sys/slist.h:450:1:sys_slist_find_and_remove	8	static
C:/ncs/v3.1.1/modules/hal/nordic/nrfx/hal/nrf_gpio.h:968:35:nrf_gpio_pin_port_decode	0	static
C:/ncs/v3.1.1/modules/hal/nordic/nrfx/hal/nrf_gpio.h:1042:24:nrf_gpio_reconfigure	32	static
C:/ncs/v3.1.1/modules/hal/nordic/nrfx/hal/nrf_gpio.h:1279:38:nrf_gpio_pin_dir_get	16	static
C:/ncs/v3.1.1/zephyr/include/zephyr/pm/device.h:718:19:pm_device_driver_init	16	static
C:/ncs/v3.1.1/zephyr/include/zephyr/drivers/gpio/gpio_utils.h:59:19:gpio_manage_callback	16	static
C:/ncs/v3.1.1/zephyr/include/zephyr/drivers/gpio/gpio_utils.h:90:20:gpio_fire_callbacks	16	static
C:/ncs/v3.1.1/zephyr/drivers/gpio/gpio_nrfx.c:76:13:has_gpiote	0	static
C:/ncs/v3.1.1/zephyr/drivers/gpio/gpio_nrfx.c:81:28:get_pull	0	static
C:/ncs/v3.1.1/zephyr/drivers/gpio/gpio_nrfx.c:303:12:gpio_nrfx_port_get_raw	0	static
C:/ncs/v3.1.1/zephyr/drivers/gpio/gpio_nrfx.c:313:12:gpio_nrfx_port_set_masked_raw	0	static
C:/ncs/v3.1.1/zephyr/drivers/gpio/gpio_nrfx.c:333:12:gpio_nrfx_port_set_bits_raw	0	static
C:/ncs/v3.1.1/zephyr/drivers/gpio/gpio_nrfx.c:348:12:gpio_nrfx_port_clear_bits_raw	0	static
C:/ncs/v3.1.1/zephyr/drivers/gpio/gpio_nrfx.c:363:12:gpio_nrfx_port_toggle_bits	0	static
C:/ncs/v3.1.1/zephyr/drivers/gpio/gpio_nrfx.c:383:30:get_trigger	0	static
C:/ncs/v3.1.1/zephyr/drivers/gpio/gpio_nrfx.c:495:12:gpio_nrfx_manage_callback	8	static
C:/ncs/v3.1.1/zephyr/drivers/gpio/gpio_nrfx.c:542:29:get_dev	0	static
C:/ncs/v3.1.1/zephyr/drivers/gpio/gpio_nrfx.c:559:13:nrfx_gpio_handler	8	static
C:/ncs/v3.1.1/zephyr/drivers/gpio/gpio_nrfx.c:583:12:gpio_nrfx_pm_suspend	0	static
C:/ncs/v3.1.1/zephyr/drivers/gpio/gpio_nrfx.c:595:12:gpio_nrfx_pm_resume	0	static
C:/ncs/v3.1.1/zephyr/drivers/gpio/gpio_nrfx.c:607:12:gpio_nrfx_pm_hook	8	static
C:/ncs/v3.1.1/zephyr/drivers/gpio/gpio_nrfx.c:396:19:chan_alloc	8	static
C:/ncs/v3.1.1/zephyr/drivers/gpio/gpio_nrfx.c:427:12:gpio_nrfx_pin_interrupt_configure	56	static
C:/ncs/v3.1.1/zephyr/drivers/gpio/gpio_nrfx.c:92:12:gpio_nrfx_pin_configure	56	static
C:/ncs/v3.1.1/zephyr/drivers/gpio/gpio_nrfx.c:626:12:gpio_nrfx_init	16	static
