C:/ncs/v3.1.1/zephyr/arch/arm/core/cortex_m/fault.c:135:13:memory_fault_recoverable	0	static
C:/ncs/v3.1.1/zephyr/arch/arm/core/cortex_m/fault.c:626:20:z_arm_is_synchronous_svc	0	static
C:/ncs/v3.1.1/zephyr/arch/arm/core/cortex_m/fault.c:882:32:get_esf	8	static
C:/ncs/v3.1.1/zephyr/arch/arm/core/cortex_m/fault.c:489:17:usage_fault	8	static
C:/ncs/v3.1.1/zephyr/arch/arm/core/cortex_m/fault.c:601:13:debug_monitor	8	static
C:/ncs/v3.1.1/zephyr/arch/arm/core/cortex_m/fault.c:766:13:reserved_exception	64	dynamic,bounded
C:/ncs/v3.1.1/zephyr/arch/arm/core/cortex_m/fault.c:177:17:mem_manage_fault	24	static
C:/ncs/v3.1.1/zephyr/arch/arm/core/cortex_m/fault.c:333:12:bus_fault	24	static
C:/ncs/v3.1.1/zephyr/arch/arm/core/cortex_m/fault.c:701:17:hard_fault	16	static
C:/ncs/v3.1.1/zephyr/arch/arm/core/cortex_m/fault.c:775:17:fault_handle	8	static
C:/ncs/v3.1.1/zephyr/arch/arm/core/cortex_m/fault.c:1022:6:z_arm_fault	56	static
C:/ncs/v3.1.1/zephyr/arch/arm/core/cortex_m/fault.c:1090:6:z_arm_fault_init	0	static
