C:/ncs/v3.1.1/nrf/subsys/bluetooth/hci_vs_sdc.c:10:12:hci_vs_cmd_with_rsp_only	24	static
C:/ncs/v3.1.1/nrf/subsys/bluetooth/hci_vs_sdc.c:27:12:hci_vs_cmd_no_rsp	24	static
C:/ncs/v3.1.1/nrf/subsys/bluetooth/hci_vs_sdc.c:41:12:hci_vs_cmd_with_rsp	32	static
C:/ncs/v3.1.1/nrf/subsys/bluetooth/hci_vs_sdc.c:67:5:hci_vs_sdc_zephyr_read_version_info	8	static
C:/ncs/v3.1.1/nrf/subsys/bluetooth/hci_vs_sdc.c:75:5:hci_vs_sdc_zephyr_read_supported_commands	8	static
C:/ncs/v3.1.1/nrf/subsys/bluetooth/hci_vs_sdc.c:83:5:hci_vs_sdc_zephyr_write_bd_addr	8	static
C:/ncs/v3.1.1/nrf/subsys/bluetooth/hci_vs_sdc.c:90:5:hci_vs_sdc_zephyr_read_static_addresses	8	static
C:/ncs/v3.1.1/nrf/subsys/bluetooth/hci_vs_sdc.c:98:5:hci_vs_sdc_zephyr_read_key_hierarchy_roots	8	static
C:/ncs/v3.1.1/nrf/subsys/bluetooth/hci_vs_sdc.c:106:5:hci_vs_sdc_zephyr_read_chip_temp	8	static
C:/ncs/v3.1.1/nrf/subsys/bluetooth/hci_vs_sdc.c:113:5:hci_vs_sdc_zephyr_write_tx_power	16	static
C:/ncs/v3.1.1/nrf/subsys/bluetooth/hci_vs_sdc.c:122:5:hci_vs_sdc_zephyr_read_tx_power	16	static
C:/ncs/v3.1.1/nrf/subsys/bluetooth/hci_vs_sdc.c:131:5:hci_vs_sdc_llpm_mode_set	8	static
C:/ncs/v3.1.1/nrf/subsys/bluetooth/hci_vs_sdc.c:138:5:hci_vs_sdc_conn_update	8	static
C:/ncs/v3.1.1/nrf/subsys/bluetooth/hci_vs_sdc.c:146:5:hci_vs_sdc_conn_event_extend	8	static
C:/ncs/v3.1.1/nrf/subsys/bluetooth/hci_vs_sdc.c:153:5:hci_vs_sdc_qos_conn_event_report_enable	8	static
C:/ncs/v3.1.1/nrf/subsys/bluetooth/hci_vs_sdc.c:161:5:hci_vs_sdc_event_length_set	8	static
C:/ncs/v3.1.1/nrf/subsys/bluetooth/hci_vs_sdc.c:168:5:hci_vs_sdc_periodic_adv_event_length_set	8	static
C:/ncs/v3.1.1/nrf/subsys/bluetooth/hci_vs_sdc.c:176:5:hci_vs_sdc_peripheral_latency_mode_set	8	static
C:/ncs/v3.1.1/nrf/subsys/bluetooth/hci_vs_sdc.c:184:5:hci_vs_sdc_write_remote_tx_power	8	static
C:/ncs/v3.1.1/nrf/subsys/bluetooth/hci_vs_sdc.c:191:5:hci_vs_sdc_set_adv_randomness	8	static
C:/ncs/v3.1.1/nrf/subsys/bluetooth/hci_vs_sdc.c:198:5:hci_vs_sdc_compat_mode_window_offset_set	8	static
C:/ncs/v3.1.1/nrf/subsys/bluetooth/hci_vs_sdc.c:206:5:hci_vs_sdc_qos_channel_survey_enable	8	static
C:/ncs/v3.1.1/nrf/subsys/bluetooth/hci_vs_sdc.c:213:5:hci_vs_sdc_set_power_control_request_params	8	static
C:/ncs/v3.1.1/nrf/subsys/bluetooth/hci_vs_sdc.c:221:5:hci_vs_sdc_read_average_rssi	16	static
C:/ncs/v3.1.1/nrf/subsys/bluetooth/hci_vs_sdc.c:229:5:hci_vs_sdc_central_acl_event_spacing_set	8	static
C:/ncs/v3.1.1/nrf/subsys/bluetooth/hci_vs_sdc.c:237:5:hci_vs_sdc_get_next_conn_event_counter	16	static
C:/ncs/v3.1.1/nrf/subsys/bluetooth/hci_vs_sdc.c:246:5:hci_vs_sdc_allow_parallel_connection_establishments	8	static
C:/ncs/v3.1.1/nrf/subsys/bluetooth/hci_vs_sdc.c:254:5:hci_vs_sdc_min_val_of_max_acl_tx_payload_set	8	static
C:/ncs/v3.1.1/nrf/subsys/bluetooth/hci_vs_sdc.c:262:5:hci_vs_sdc_iso_read_tx_timestamp	16	static
C:/ncs/v3.1.1/nrf/subsys/bluetooth/hci_vs_sdc.c:270:5:hci_vs_sdc_big_reserved_time_set	8	static
C:/ncs/v3.1.1/nrf/subsys/bluetooth/hci_vs_sdc.c:277:5:hci_vs_sdc_cig_reserved_time_set	8	static
C:/ncs/v3.1.1/nrf/subsys/bluetooth/hci_vs_sdc.c:284:5:hci_vs_sdc_cis_subevent_length_set	8	static
C:/ncs/v3.1.1/nrf/subsys/bluetooth/hci_vs_sdc.c:291:5:hci_vs_sdc_scan_channel_map_set	8	static
C:/ncs/v3.1.1/nrf/subsys/bluetooth/hci_vs_sdc.c:298:5:hci_vs_sdc_scan_accept_ext_adv_packets_set	8	static
C:/ncs/v3.1.1/nrf/subsys/bluetooth/hci_vs_sdc.c:306:5:hci_vs_sdc_set_role_priority	8	static
C:/ncs/v3.1.1/nrf/subsys/bluetooth/hci_vs_sdc.c:313:5:hci_vs_sdc_set_event_start_task	8	static
C:/ncs/v3.1.1/nrf/subsys/bluetooth/hci_vs_sdc.c:320:5:hci_vs_sdc_conn_anchor_point_update_event_report_enable	8	static
C:/ncs/v3.1.1/nrf/subsys/bluetooth/hci_vs_sdc.c:328:5:hci_vs_sdc_enable_periodic_adv_event_counter_reports	8	static
