C:/ncs/v3.1.1/nrf/subsys/bluetooth/controller/hci_internal.c:43:13:command_generates_command_complete_event	0	static
C:/ncs/v3.1.1/nrf/subsys/bluetooth/controller/hci_internal.c:84:13:encode_command_status	0	static
C:/ncs/v3.1.1/nrf/subsys/bluetooth/controller/hci_internal.c:101:13:encode_command_complete_header	0	static
C:/ncs/v3.1.1/nrf/subsys/bluetooth/controller/hci_internal.c:786:13:le_read_supported_states	0	static
C:/ncs/v3.1.1/nrf/subsys/bluetooth/controller/hci_internal.c:957:16:status_param_cmd_put	0	static
C:/ncs/v3.1.1/nrf/subsys/bluetooth/controller/hci_internal.c:670:13:supported_features	0	static
C:/ncs/v3.1.1/nrf/subsys/bluetooth/controller/hci_internal.c:649:13:vs_zephyr_supported_commands	0	static
C:/ncs/v3.1.1/nrf/subsys/bluetooth/controller/hci_internal.c:880:16:controller_and_baseband_cmd_put	8	static
C:/ncs/v3.1.1/nrf/subsys/bluetooth/controller/hci_internal.c:1589:16:vs_cmd_put	8	static
C:/ncs/v3.1.1/nrf/subsys/bluetooth/controller/hci_internal.c:334:6:hci_internal_supported_commands	8	static
C:/ncs/v3.1.1/nrf/subsys/bluetooth/controller/hci_internal.c:930:16:info_param_cmd_put	8	static
C:/ncs/v3.1.1/nrf/subsys/bluetooth/controller/hci_internal.c:678:6:hci_internal_le_supported_features	0	static
C:/ncs/v3.1.1/nrf/subsys/bluetooth/controller/hci_internal.c:979:16:le_controller_cmd_put	8	static
C:/ncs/v3.1.1/nrf/subsys/bluetooth/controller/hci_internal.c:1737:13:cmd_put	32	static
C:/ncs/v3.1.1/nrf/subsys/bluetooth/controller/hci_internal.c:853:5:hci_internal_user_cmd_handler_register	0	static
C:/ncs/v3.1.1/nrf/subsys/bluetooth/controller/hci_internal.c:1805:5:hci_internal_cmd_put	8	static
C:/ncs/v3.1.1/nrf/subsys/bluetooth/controller/hci_internal.c:1858:5:hci_internal_msg_get	16	static
