C:/ncs/v3.1.1/nrf/subsys/bluetooth/controller/hci_driver.c:519:13:event_packet_is_discardable	0	static
C:/ncs/v3.1.1/nrf/subsys/bluetooth/controller/hci_driver.c:689:13:rand_prio_low_vector_get_blocking	16	static
C:/ncs/v3.1.1/nrf/subsys/bluetooth/controller/hci_driver.c:312:6:sdc_assertion_handler	72	dynamic,bounded
C:/ncs/v3.1.1/nrf/subsys/bluetooth/controller/hci_driver.c:620:12:fetch_hci_msg	16	static
C:/ncs/v3.1.1/nrf/subsys/bluetooth/controller/hci_driver.c:563:12:event_packet_process	32	static
C:/ncs/v3.1.1/nrf/subsys/bluetooth/controller/hci_driver.c:453:12:data_packet_process	32	static
C:/ncs/v3.1.1/nrf/subsys/bluetooth/controller/hci_driver.c:491:12:iso_data_packet_process	32	static
C:/ncs/v3.1.1/nrf/subsys/bluetooth/controller/hci_driver.c:633:12:process_hci_msg	8	static
C:/ncs/v3.1.1/nrf/subsys/bluetooth/controller/hci_driver.c:655:6:hci_driver_receive_process	8	static
C:/ncs/v3.1.1/nrf/subsys/bluetooth/controller/hci_driver.c:680:13:receive_work_handler	8	static
C:/ncs/v3.1.1/nrf/subsys/bluetooth/controller/hci_driver.c:343:13:bt_buf_rx_freed_cb	8	static
C:/ncs/v3.1.1/nrf/subsys/bluetooth/controller/hci_driver.c:697:12:configure_supported_features	8	static
C:/ncs/v3.1.1/nrf/subsys/bluetooth/controller/hci_driver.c:1034:12:configure_memory_usage	32	static
C:/ncs/v3.1.1/nrf/subsys/bluetooth/controller/hci_driver.c:1534:12:hci_driver_init	8	static
C:/ncs/v3.1.1/nrf/subsys/bluetooth/controller/hci_driver.c:352:12:cmd_handle	16	static
C:/ncs/v3.1.1/nrf/subsys/bluetooth/controller/hci_driver.c:413:12:hci_driver_send	16	static
C:/ncs/v3.1.1/nrf/subsys/bluetooth/controller/hci_driver.c:1487:12:hci_driver_close	8	static
C:/ncs/v3.1.1/nrf/subsys/bluetooth/controller/hci_driver.c:1330:12:hci_driver_open	96	dynamic,bounded
C:/ncs/v3.1.1/nrf/subsys/bluetooth/controller/hci_driver.c:1527:6:bt_ctlr_set_public_addr	8	static
