C:/ncs/v3.1.1/nrf/subsys/nrf_security/src/drivers/cracen/silexpk/target/hw/ba414/pkhardware_ba414e.c:121:12:sx_pk_ik_mode	0	static
C:/ncs/v3.1.1/nrf/subsys/nrf_security/src/drivers/cracen/silexpk/target/hw/ba414/pkhardware_ba414e.c:219:12:sx_pk_gfcmd_opsize	0	static
C:/ncs/v3.1.1/nrf/subsys/nrf_security/src/drivers/cracen/silexpk/target/hw/ba414/pkhardware_ba414e.c:126:13:write_command	8	static
C:/ncs/v3.1.1/nrf/subsys/nrf_security/src/drivers/cracen/silexpk/target/hw/ba414/pkhardware_ba414e.c:293:13:run_ik_cmd	8	static
C:/ncs/v3.1.1/nrf/subsys/nrf_security/src/drivers/cracen/silexpk/target/hw/ba414/pkhardware_ba414e.c:133:13:sx_pk_blind	16	static
C:/ncs/v3.1.1/nrf/subsys/nrf_security/src/drivers/cracen/silexpk/target/hw/ba414/pkhardware_ba414e.c:41:6:sx_pk_select_ops	8	static
C:/ncs/v3.1.1/nrf/subsys/nrf_security/src/drivers/cracen/silexpk/target/hw/ba414/pkhardware_ba414e.c:52:5:sx_pk_get_opsize	0	static
C:/ncs/v3.1.1/nrf/subsys/nrf_security/src/drivers/cracen/silexpk/target/hw/ba414/pkhardware_ba414e.c:57:6:sx_pk_write_curve	32	static
C:/ncs/v3.1.1/nrf/subsys/nrf_security/src/drivers/cracen/silexpk/target/hw/ba414/pkhardware_ba414e.c:84:6:sx_pk_write_curve_gen	16	static
C:/ncs/v3.1.1/nrf/subsys/nrf_security/src/drivers/cracen/silexpk/target/hw/ba414/pkhardware_ba414e.c:95:14:sx_pk_get_output_ops	8	static
C:/ncs/v3.1.1/nrf/subsys/nrf_security/src/drivers/cracen/silexpk/target/hw/ba414/pkhardware_ba414e.c:165:5:sx_pk_list_ecc_inslots	48	static
C:/ncs/v3.1.1/nrf/subsys/nrf_security/src/drivers/cracen/silexpk/target/hw/ba414/pkhardware_ba414e.c:232:5:sx_pk_list_gfp_inslots	48	static
C:/ncs/v3.1.1/nrf/subsys/nrf_security/src/drivers/cracen/silexpk/target/hw/ba414/pkhardware_ba414e.c:311:6:sx_pk_run	8	static
C:/ncs/v3.1.1/nrf/subsys/nrf_security/src/drivers/cracen/silexpk/target/hw/ba414/pkhardware_ba414e.c:328:5:sx_pk_get_status	8	static
