C:/ncs/v3.1.1/modules/crypto/oberon-psa-crypto/include/psa/crypto_struct.h:396:20:psa_extend_key_usage_flags	0	static
C:/ncs/v3.1.1/modules/crypto/oberon-psa-crypto/library/psa_crypto_slot_management.c:195:16:psa_get_key_slots_initialized	16	static
C:/ncs/v3.1.1/modules/crypto/oberon-psa-crypto/library/psa_crypto_slot_management.c:734:21:psa_load_builtin_key_into_slot	72	static
C:/ncs/v3.1.1/modules/crypto/oberon-psa-crypto/library/psa_crypto_slot_management.c:331:5:psa_is_valid_key_id	0	static
C:/ncs/v3.1.1/modules/crypto/oberon-psa-crypto/library/psa_crypto_slot_management.c:383:21:psa_get_and_lock_key_slot_in_memory	16	static
C:/ncs/v3.1.1/modules/crypto/oberon-psa-crypto/library/psa_crypto_slot_management.c:430:14:psa_initialize_key_slots	0	static
C:/ncs/v3.1.1/modules/crypto/oberon-psa-crypto/library/psa_crypto_slot_management.c:451:6:psa_wipe_all_key_slots	16	static
C:/ncs/v3.1.1/modules/crypto/oberon-psa-crypto/library/psa_crypto_slot_management.c:595:14:psa_reserve_free_key_slot	24	static
C:/ncs/v3.1.1/modules/crypto/oberon-psa-crypto/library/psa_crypto_slot_management.c:806:14:psa_get_and_lock_key_slot	16	static
C:/ncs/v3.1.1/modules/crypto/oberon-psa-crypto/library/psa_crypto_slot_management.c:899:14:psa_unregister_read	8	static
C:/ncs/v3.1.1/modules/crypto/oberon-psa-crypto/library/psa_crypto_slot_management.c:933:14:psa_unregister_read_under_mutex	8	static
C:/ncs/v3.1.1/modules/crypto/oberon-psa-crypto/library/psa_crypto_slot_management.c:951:14:psa_validate_key_location	0	static
C:/ncs/v3.1.1/modules/crypto/oberon-psa-crypto/library/psa_crypto_slot_management.c:976:14:psa_validate_key_persistence	0	static
C:/ncs/v3.1.1/modules/crypto/oberon-psa-crypto/library/psa_crypto_slot_management.c:995:14:psa_open_key	24	static
C:/ncs/v3.1.1/modules/crypto/oberon-psa-crypto/library/psa_crypto_slot_management.c:1023:14:psa_close_key	16	static
C:/ncs/v3.1.1/modules/crypto/oberon-psa-crypto/library/psa_crypto_slot_management.c:1064:14:psa_purge_key	16	static
C:/ncs/v3.1.1/modules/crypto/oberon-psa-crypto/library/psa_crypto_slot_management.c:1099:6:mbedtls_psa_get_stats	8	static
