C:/ncs/v3.1.1/modules/crypto/oberon-psa-crypto/library/psa_crypto.c:49:12:key_type_is_raw_bytes	0	static
C:/ncs/v3.1.1/modules/crypto/oberon-psa-crypto/library/psa_crypto.c:83:16:psa_get_initialized	16	static
C:/ncs/v3.1.1/modules/crypto/oberon-psa-crypto/library/psa_crypto.c:111:16:psa_get_drivers_initialized	16	static
C:/ncs/v3.1.1/modules/crypto/oberon-psa-crypto/library/psa_crypto.c:261:38:psa_mac_key_can_do	0	static
C:/ncs/v3.1.1/modules/crypto/oberon-psa-crypto/library/psa_crypto.c:361:24:psa_key_policy_algorithm_intersection	24	static
C:/ncs/v3.1.1/modules/crypto/oberon-psa-crypto/library/psa_crypto.c:460:12:psa_key_algorithm_permits	24	static
C:/ncs/v3.1.1/modules/crypto/oberon-psa-crypto/library/psa_crypto.c:567:21:psa_key_policy_permits	24	static
C:/ncs/v3.1.1/modules/crypto/oberon-psa-crypto/library/psa_crypto.c:607:21:psa_restrict_key_policy	40	static
C:/ncs/v3.1.1/modules/crypto/oberon-psa-crypto/library/psa_crypto.c:1083:21:psa_validate_key_policy	0	static
C:/ncs/v3.1.1/modules/crypto/oberon-psa-crypto/library/psa_crypto.c:1275:21:psa_finish_key_creation	16	static
C:/ncs/v3.1.1/modules/crypto/oberon-psa-crypto/library/psa_crypto.c:1363:21:psa_validate_optional_attributes	0	static
C:/ncs/v3.1.1/modules/crypto/oberon-psa-crypto/library/psa_crypto.c:1382:21:psa_validate_ecc_key_attr	0	static
C:/ncs/v3.1.1/modules/crypto/oberon-psa-crypto/library/psa_crypto.c:1442:21:psa_validate_ecc_key_data_length	0	static
C:/ncs/v3.1.1/modules/crypto/oberon-psa-crypto/library/psa_crypto.c:1490:21:psa_ecc_key_zero_check	0	static
C:/ncs/v3.1.1/modules/crypto/oberon-psa-crypto/library/psa_crypto.c:1930:21:psa_mac_finalize_alg_and_key_validation	16	static
C:/ncs/v3.1.1/modules/crypto/oberon-psa-crypto/library/psa_crypto.c:2280:21:psa_sign_verify_check_alg	0	static
C:/ncs/v3.1.1/modules/crypto/oberon-psa-crypto/library/psa_crypto.c:3194:24:psa_aead_get_base_algorithm	0	static
C:/ncs/v3.1.1/modules/crypto/oberon-psa-crypto/library/psa_crypto.c:3200:21:psa_aead_check_nonce_length	0	static
C:/ncs/v3.1.1/modules/crypto/oberon-psa-crypto/library/psa_crypto.c:3250:21:psa_aead_check_algorithm	4	static
C:/ncs/v3.1.1/modules/crypto/oberon-psa-crypto/library/psa_crypto.c:3361:21:psa_validate_tag_length	0	static
C:/ncs/v3.1.1/modules/crypto/oberon-psa-crypto/library/psa_crypto.c:3770:21:psa_aead_final_checks	0	static
C:/ncs/v3.1.1/modules/crypto/oberon-psa-crypto/library/psa_crypto.c:3922:21:psa_key_derivation_check_state	0	static
C:/ncs/v3.1.1/modules/crypto/oberon-psa-crypto/library/psa_crypto.c:4544:12:psa_key_derivation_check_input_type	0	static
C:/ncs/v3.1.1/modules/crypto/oberon-psa-crypto/library/psa_crypto.c:917:21:psa_export_key_buffer_internal	16	static
C:/ncs/v3.1.1/modules/crypto/oberon-psa-crypto/library/psa_crypto.c:166:13:psa_wipe_tag_output_buffer	8	static
C:/ncs/v3.1.1/modules/crypto/oberon-psa-crypto/library/psa_crypto.c:649:21:psa_get_and_lock_key_slot_with_policy	24	static
C:/ncs/v3.1.1/modules/crypto/oberon-psa-crypto/library/psa_crypto.c:1116:21:psa_validate_key_attributes	16	static
C:/ncs/v3.1.1/modules/crypto/oberon-psa-crypto/library/psa_crypto.c:1190:21:psa_start_key_creation	32	static
C:/ncs/v3.1.1/modules/crypto/oberon-psa-crypto/library/psa_crypto.c:2169:21:psa_mac_compute_internal	64	static
C:/ncs/v3.1.1/modules/crypto/oberon-psa-crypto/library/psa_crypto.c:2302:21:psa_sign_internal	64	static
C:/ncs/v3.1.1/modules/crypto/oberon-psa-crypto/library/psa_crypto.c:2368:21:psa_verify_internal	48	static
C:/ncs/v3.1.1/modules/crypto/oberon-psa-crypto/library/psa_crypto.c:132:5:psa_can_do_hash	8	static
C:/ncs/v3.1.1/modules/crypto/oberon-psa-crypto/library/psa_crypto.c:138:5:psa_can_do_cipher	8	static
C:/ncs/v3.1.1/modules/crypto/oberon-psa-crypto/library/psa_crypto.c:189:14:psa_validate_unstructured_key_bit_size	0	static
C:/ncs/v3.1.1/modules/crypto/oberon-psa-crypto/library/psa_crypto.c:5788:21:psa_validate_key_type_and_size_for_key_generation	16	static
C:/ncs/v3.1.1/modules/crypto/oberon-psa-crypto/library/psa_crypto.c:287:14:psa_allocate_buffer_to_slot	16	static
C:/ncs/v3.1.1/modules/crypto/oberon-psa-crypto/library/psa_crypto.c:309:14:psa_copy_key_material_into_slot	24	static
C:/ncs/v3.1.1/modules/crypto/oberon-psa-crypto/library/psa_crypto.c:323:14:psa_import_key_into_slot	24	static
C:/ncs/v3.1.1/modules/crypto/oberon-psa-crypto/library/psa_crypto.c:696:14:psa_remove_key_data_from_memory	8	static
C:/ncs/v3.1.1/modules/crypto/oberon-psa-crypto/library/psa_crypto.c:717:14:psa_wipe_key_slot	16	static
C:/ncs/v3.1.1/modules/crypto/oberon-psa-crypto/library/psa_crypto.c:1331:13:psa_fail_key_creation	16	static
C:/ncs/v3.1.1/modules/crypto/oberon-psa-crypto/library/psa_crypto.c:789:14:psa_destroy_key	24	static
C:/ncs/v3.1.1/modules/crypto/oberon-psa-crypto/library/psa_crypto.c:899:14:psa_get_key_attributes	24	static
C:/ncs/v3.1.1/modules/crypto/oberon-psa-crypto/library/psa_crypto.c:933:14:psa_export_key_internal	32	static
C:/ncs/v3.1.1/modules/crypto/oberon-psa-crypto/library/psa_crypto.c:957:14:psa_export_key	40	static
C:/ncs/v3.1.1/modules/crypto/oberon-psa-crypto/library/psa_crypto.c:998:14:psa_export_public_key_internal	16	static
C:/ncs/v3.1.1/modules/crypto/oberon-psa-crypto/library/psa_crypto.c:1034:14:psa_export_public_key	40	static
C:/ncs/v3.1.1/modules/crypto/oberon-psa-crypto/library/psa_crypto.c:1505:14:psa_import_key	56	static
C:/ncs/v3.1.1/modules/crypto/oberon-psa-crypto/library/psa_crypto.c:1608:14:psa_copy_key	80	static
C:/ncs/v3.1.1/modules/crypto/oberon-psa-crypto/library/psa_crypto.c:1719:14:psa_hash_abort	8	static
C:/ncs/v3.1.1/modules/crypto/oberon-psa-crypto/library/psa_crypto.c:1732:14:psa_hash_setup	16	static
C:/ncs/v3.1.1/modules/crypto/oberon-psa-crypto/library/psa_crypto.c:1765:14:psa_hash_update	16	static
C:/ncs/v3.1.1/modules/crypto/oberon-psa-crypto/library/psa_crypto.c:1792:14:psa_hash_finish	16	static
C:/ncs/v3.1.1/modules/crypto/oberon-psa-crypto/library/psa_crypto.c:1808:14:psa_hash_verify	48	static
C:/ncs/v3.1.1/modules/crypto/oberon-psa-crypto/library/psa_crypto.c:1841:14:psa_hash_compute	24	static
C:/ncs/v3.1.1/modules/crypto/oberon-psa-crypto/library/psa_crypto.c:1855:14:psa_hash_compare	48	static
C:/ncs/v3.1.1/modules/crypto/oberon-psa-crypto/library/psa_crypto.c:1886:14:psa_hash_clone	16	static
C:/ncs/v3.1.1/modules/crypto/oberon-psa-crypto/library/psa_crypto.c:1915:14:psa_mac_abort	8	static
C:/ncs/v3.1.1/modules/crypto/oberon-psa-crypto/library/psa_crypto.c:1983:21:psa_mac_setup	40	static
C:/ncs/v3.1.1/modules/crypto/oberon-psa-crypto/library/psa_crypto.c:2046:14:psa_mac_sign_setup	8	static
C:/ncs/v3.1.1/modules/crypto/oberon-psa-crypto/library/psa_crypto.c:2053:14:psa_mac_verify_setup	8	static
C:/ncs/v3.1.1/modules/crypto/oberon-psa-crypto/library/psa_crypto.c:2060:14:psa_mac_update	16	static
C:/ncs/v3.1.1/modules/crypto/oberon-psa-crypto/library/psa_crypto.c:2083:14:psa_mac_sign_finish	24	static
C:/ncs/v3.1.1/modules/crypto/oberon-psa-crypto/library/psa_crypto.c:2138:14:psa_mac_verify_finish	16	static
C:/ncs/v3.1.1/modules/crypto/oberon-psa-crypto/library/psa_crypto.c:2229:14:psa_mac_compute	24	static
C:/ncs/v3.1.1/modules/crypto/oberon-psa-crypto/library/psa_crypto.c:2242:14:psa_mac_verify	48	static
C:/ncs/v3.1.1/modules/crypto/oberon-psa-crypto/library/psa_crypto.c:2413:14:psa_sign_message_builtin	72	static
C:/ncs/v3.1.1/modules/crypto/oberon-psa-crypto/library/psa_crypto.c:2448:14:psa_sign_message	24	static
C:/ncs/v3.1.1/modules/crypto/oberon-psa-crypto/library/psa_crypto.c:2461:14:psa_verify_message_builtin	64	static
C:/ncs/v3.1.1/modules/crypto/oberon-psa-crypto/library/psa_crypto.c:2495:14:psa_verify_message	24	static
C:/ncs/v3.1.1/modules/crypto/oberon-psa-crypto/library/psa_crypto.c:2507:14:psa_sign_hash	24	static
C:/ncs/v3.1.1/modules/crypto/oberon-psa-crypto/library/psa_crypto.c:2520:14:psa_verify_hash	24	static
C:/ncs/v3.1.1/modules/crypto/oberon-psa-crypto/library/psa_crypto.c:2532:14:psa_asymmetric_encrypt	64	static
C:/ncs/v3.1.1/modules/crypto/oberon-psa-crypto/library/psa_crypto.c:2579:14:psa_asymmetric_decrypt	64	static
C:/ncs/v3.1.1/modules/crypto/oberon-psa-crypto/library/psa_crypto.c:2630:14:psa_key_encapsulate	72	static
C:/ncs/v3.1.1/modules/crypto/oberon-psa-crypto/library/psa_crypto.c:2700:14:psa_key_decapsulate	64	static
C:/ncs/v3.1.1/modules/crypto/oberon-psa-crypto/library/psa_crypto.c:2769:14:psa_sign_hash_start	0	static
C:/ncs/v3.1.1/modules/crypto/oberon-psa-crypto/library/psa_crypto.c:2782:14:psa_sign_hash_abort	0	static
C:/ncs/v3.1.1/modules/crypto/oberon-psa-crypto/library/psa_crypto.c:2789:14:psa_verify_hash_start	0	static
C:/ncs/v3.1.1/modules/crypto/oberon-psa-crypto/library/psa_crypto.c:2805:14:psa_verify_hash_abort	0	static
C:/ncs/v3.1.1/modules/crypto/oberon-psa-crypto/library/psa_crypto.c:3055:14:psa_cipher_abort	8	static
C:/ncs/v3.1.1/modules/crypto/oberon-psa-crypto/library/psa_crypto.c:2816:21:psa_cipher_setup	40	static
C:/ncs/v3.1.1/modules/crypto/oberon-psa-crypto/library/psa_crypto.c:2889:14:psa_cipher_encrypt_setup	8	static
C:/ncs/v3.1.1/modules/crypto/oberon-psa-crypto/library/psa_crypto.c:2896:14:psa_cipher_decrypt_setup	8	static
C:/ncs/v3.1.1/modules/crypto/oberon-psa-crypto/library/psa_crypto.c:2957:14:psa_cipher_set_iv	16	static
C:/ncs/v3.1.1/modules/crypto/oberon-psa-crypto/library/psa_crypto.c:2991:14:psa_cipher_update	24	static
C:/ncs/v3.1.1/modules/crypto/oberon-psa-crypto/library/psa_crypto.c:3025:14:psa_cipher_finish	16	static
C:/ncs/v3.1.1/modules/crypto/oberon-psa-crypto/library/psa_crypto.c:3141:14:psa_cipher_decrypt	56	static
C:/ncs/v3.1.1/modules/crypto/oberon-psa-crypto/library/psa_crypto.c:3259:14:psa_aead_encrypt	80	static
C:/ncs/v3.1.1/modules/crypto/oberon-psa-crypto/library/psa_crypto.c:3310:14:psa_aead_decrypt	80	static
C:/ncs/v3.1.1/modules/crypto/oberon-psa-crypto/library/psa_crypto.c:3863:14:psa_aead_abort	16	static
C:/ncs/v3.1.1/modules/crypto/oberon-psa-crypto/library/psa_crypto.c:3402:21:psa_aead_setup	40	static
C:/ncs/v3.1.1/modules/crypto/oberon-psa-crypto/library/psa_crypto.c:3485:14:psa_aead_encrypt_setup	8	static
C:/ncs/v3.1.1/modules/crypto/oberon-psa-crypto/library/psa_crypto.c:3493:14:psa_aead_decrypt_setup	8	static
C:/ncs/v3.1.1/modules/crypto/oberon-psa-crypto/library/psa_crypto.c:3558:14:psa_aead_set_nonce	16	static
C:/ncs/v3.1.1/modules/crypto/oberon-psa-crypto/library/psa_crypto.c:3594:14:psa_aead_set_lengths	24	static
C:/ncs/v3.1.1/modules/crypto/oberon-psa-crypto/library/psa_crypto.c:3660:14:psa_aead_update_ad	16	static
C:/ncs/v3.1.1/modules/crypto/oberon-psa-crypto/library/psa_crypto.c:3712:14:psa_aead_update	24	static
C:/ncs/v3.1.1/modules/crypto/oberon-psa-crypto/library/psa_crypto.c:3785:14:psa_aead_finish	56	static
C:/ncs/v3.1.1/modules/crypto/oberon-psa-crypto/library/psa_crypto.c:3830:14:psa_aead_verify	32	static
C:/ncs/v3.1.1/modules/crypto/oberon-psa-crypto/library/psa_crypto.c:3885:14:psa_key_derivation_abort	16	static
C:/ncs/v3.1.1/modules/crypto/oberon-psa-crypto/library/psa_crypto.c:4588:21:psa_key_derivation_input_internal	32	static
C:/ncs/v3.1.1/modules/crypto/oberon-psa-crypto/library/psa_crypto.c:4742:21:psa_key_agreement_internal	48	static
C:/ncs/v3.1.1/modules/crypto/oberon-psa-crypto/library/psa_crypto.c:3895:14:psa_key_derivation_get_capacity	0	static
C:/ncs/v3.1.1/modules/crypto/oberon-psa-crypto/library/psa_crypto.c:3907:14:psa_key_derivation_set_capacity	8	static
C:/ncs/v3.1.1/modules/crypto/oberon-psa-crypto/library/psa_crypto.c:4164:14:psa_key_derivation_output_bytes_internal	24	static
C:/ncs/v3.1.1/modules/crypto/oberon-psa-crypto/library/psa_crypto.c:4233:21:psa_generate_derived_key_internal	56	static
C:/ncs/v3.1.1/modules/crypto/oberon-psa-crypto/library/psa_crypto.c:4193:14:psa_key_derivation_output_bytes	16	static
C:/ncs/v3.1.1/modules/crypto/oberon-psa-crypto/library/psa_crypto.c:4354:14:psa_key_derivation_output_key	32	static
C:/ncs/v3.1.1/modules/crypto/oberon-psa-crypto/library/psa_crypto.c:4394:14:psa_key_derivation_verify_bytes	280	static
C:/ncs/v3.1.1/modules/crypto/oberon-psa-crypto/library/psa_crypto.c:4424:14:psa_key_derivation_verify_key	24	static
C:/ncs/v3.1.1/modules/crypto/oberon-psa-crypto/library/psa_crypto.c:4458:14:psa_key_derivation_setup	16	static
C:/ncs/v3.1.1/modules/crypto/oberon-psa-crypto/library/psa_crypto.c:4636:14:psa_key_derivation_input_bytes	16	static
C:/ncs/v3.1.1/modules/crypto/oberon-psa-crypto/library/psa_crypto.c:4647:14:psa_key_derivation_input_integer	32	static
C:/ncs/v3.1.1/modules/crypto/oberon-psa-crypto/library/psa_crypto.c:4686:14:psa_key_derivation_input_key	32	static
C:/ncs/v3.1.1/modules/crypto/oberon-psa-crypto/library/psa_crypto.c:4776:14:psa_key_derivation_key_agreement	40	static
C:/ncs/v3.1.1/modules/crypto/oberon-psa-crypto/library/psa_crypto.c:5419:14:psa_pake_output	0	static
C:/ncs/v3.1.1/modules/crypto/oberon-psa-crypto/library/psa_crypto.c:5478:14:psa_pake_input	0	static
C:/ncs/v3.1.1/modules/crypto/oberon-psa-crypto/library/psa_crypto.c:5600:14:psa_pake_abort	8	static
C:/ncs/v3.1.1/modules/crypto/oberon-psa-crypto/library/psa_crypto.c:4892:14:psa_pake_setup	56	static
C:/ncs/v3.1.1/modules/crypto/oberon-psa-crypto/library/psa_crypto.c:5010:14:psa_pake_set_role	8	static
C:/ncs/v3.1.1/modules/crypto/oberon-psa-crypto/library/psa_crypto.c:5047:14:psa_pake_set_user	8	static
C:/ncs/v3.1.1/modules/crypto/oberon-psa-crypto/library/psa_crypto.c:5113:14:psa_pake_set_peer	8	static
C:/ncs/v3.1.1/modules/crypto/oberon-psa-crypto/library/psa_crypto.c:5176:14:psa_pake_set_context	8	static
C:/ncs/v3.1.1/modules/crypto/oberon-psa-crypto/library/psa_crypto.c:5537:14:psa_pake_get_shared_key	48	static
C:/ncs/v3.1.1/modules/crypto/oberon-psa-crypto/library/psa_crypto.c:5620:14:oberon_psa_wrap_key	56	static
C:/ncs/v3.1.1/modules/crypto/oberon-psa-crypto/library/psa_crypto.c:5670:14:oberon_psa_unwrap_key	64	static
C:/ncs/v3.1.1/modules/crypto/oberon-psa-crypto/library/psa_crypto.c:5746:14:psa_generate_random	16	static
C:/ncs/v3.1.1/modules/crypto/oberon-psa-crypto/library/psa_crypto.c:2903:14:psa_cipher_generate_iv	40	static
C:/ncs/v3.1.1/modules/crypto/oberon-psa-crypto/library/psa_crypto.c:3073:14:psa_cipher_encrypt	88	static
C:/ncs/v3.1.1/modules/crypto/oberon-psa-crypto/library/psa_crypto.c:3501:14:psa_aead_generate_nonce	40	static
C:/ncs/v3.1.1/modules/crypto/oberon-psa-crypto/library/psa_crypto.c:4812:14:psa_raw_key_agreement	56	static
C:/ncs/v3.1.1/modules/crypto/oberon-psa-crypto/library/psa_crypto.c:4858:14:psa_key_agreement	40	static
C:/ncs/v3.1.1/modules/crypto/oberon-psa-crypto/library/psa_crypto.c:5841:14:psa_generate_key_internal	16	static
C:/ncs/v3.1.1/modules/crypto/oberon-psa-crypto/library/psa_crypto.c:5868:14:psa_generate_key	48	static
C:/ncs/v3.1.1/modules/crypto/oberon-psa-crypto/library/psa_crypto.c:5968:6:mbedtls_psa_crypto_free	8	static
C:/ncs/v3.1.1/modules/crypto/oberon-psa-crypto/library/psa_crypto.c:6044:14:psa_crypto_init	16	static
