C:/ncs/v3.1.1/zephyr/lib/os/cbprintf_complete.c:318:15:extract_decimal	0	static
C:/ncs/v3.1.1/zephyr/lib/os/cbprintf_complete.c:339:27:extract_flags	0	static
C:/ncs/v3.1.1/zephyr/lib/os/cbprintf_complete.c:388:27:extract_width	24	static
C:/ncs/v3.1.1/zephyr/lib/os/cbprintf_complete.c:420:27:extract_prec	16	static
C:/ncs/v3.1.1/zephyr/lib/os/cbprintf_complete.c:453:27:extract_length	0	static
C:/ncs/v3.1.1/zephyr/lib/os/cbprintf_complete.c:513:27:extract_specifier	4	static
C:/ncs/v3.1.1/zephyr/lib/os/cbprintf_complete.c:643:27:extract_conversion	8	static
C:/ncs/v3.1.1/zephyr/lib/os/cbprintf_complete.c:704:13:_ldiv5	4	static
C:/ncs/v3.1.1/zephyr/lib/os/cbprintf_complete.c:738:13:_ldiv10	8	static
C:/ncs/v3.1.1/zephyr/lib/os/cbprintf_complete.c:747:13:_get_digit	0	static
C:/ncs/v3.1.1/zephyr/lib/os/cbprintf_complete.c:763:22:conversion_radix	0	static
C:/ncs/v3.1.1/zephyr/lib/os/cbprintf_complete.c:790:14:encode_uint	40	static
C:/ncs/v3.1.1/zephyr/lib/os/cbprintf_complete.c:869:14:encode_float	64	static
C:/ncs/v3.1.1/zephyr/lib/os/cbprintf_complete.c:1348:12:outs	24	static
C:/ncs/v3.1.1/zephyr/lib/os/cbprintf_complete.c:1369:5:z_cbvprintf_impl	128	static
