C:/ncs/v3.1.1/zephyr/lib/os/mpsc_pbuf.c:61:20:free_space	0	static
C:/ncs/v3.1.1/zephyr/lib/os/mpsc_pbuf.c:86:20:available	0	static
C:/ncs/v3.1.1/zephyr/lib/os/mpsc_pbuf.c:98:24:get_usage	16	static
C:/ncs/v3.1.1/zephyr/lib/os/mpsc_pbuf.c:109:20:max_utilization_update	16	static
C:/ncs/v3.1.1/zephyr/lib/os/mpsc_pbuf.c:158:13:rd_idx_inc	0	static
C:/ncs/v3.1.1/zephyr/lib/os/mpsc_pbuf.c:164:13:add_skip_item	4	static
C:/ncs/v3.1.1/zephyr/lib/os/mpsc_pbuf.c:175:13:drop_item_locked	48	static
C:/ncs/v3.1.1/zephyr/lib/os/mpsc_pbuf.c:266:13:post_drop_action	8	static
C:/ncs/v3.1.1/zephyr/lib/os/mpsc_pbuf.c:28:6:mpsc_pbuf_init	8	static
C:/ncs/v3.1.1/zephyr/lib/os/mpsc_pbuf.c:295:6:mpsc_pbuf_put_word	40	static
C:/ncs/v3.1.1/zephyr/lib/os/mpsc_pbuf.c:341:26:mpsc_pbuf_alloc	64	static
C:/ncs/v3.1.1/zephyr/lib/os/mpsc_pbuf.c:415:6:mpsc_pbuf_commit	16	static
C:/ncs/v3.1.1/zephyr/lib/os/mpsc_pbuf.c:429:6:mpsc_pbuf_put_word_ext	48	static
C:/ncs/v3.1.1/zephyr/lib/os/mpsc_pbuf.c:485:6:mpsc_pbuf_put_data	48	static
C:/ncs/v3.1.1/zephyr/lib/os/mpsc_pbuf.c:536:32:mpsc_pbuf_claim	32	static
C:/ncs/v3.1.1/zephyr/lib/os/mpsc_pbuf.c:582:6:mpsc_pbuf_free	16	static
C:/ncs/v3.1.1/zephyr/lib/os/mpsc_pbuf.c:616:6:mpsc_pbuf_is_pending	16	static
C:/ncs/v3.1.1/zephyr/lib/os/mpsc_pbuf.c:627:6:mpsc_pbuf_get_utilization	16	static
C:/ncs/v3.1.1/zephyr/lib/os/mpsc_pbuf.c:639:5:mpsc_pbuf_get_max_utilization	0	static
