C:/ncs/v3.1.1/zephyr/kernel/init.c:310:12:do_device_init	8	static
C:/ncs/v3.1.1/zephyr/kernel/init.c:351:13:z_sys_init_run_level	16	static
C:/ncs/v3.1.1/zephyr/kernel/init.c:600:13:init_idle_thread	32	static
C:/ncs/v3.1.1/zephyr/kernel/include/kthread.h:46:20:thread_schedule_new	8	static
C:/ncs/v3.1.1/zephyr/kernel/init.c:64:13:z_init_static_threads	32	static
C:/ncs/v3.1.1/zephyr/kernel/init.c:521:13:bg_thread_main	8	static
C:/ncs/v3.1.1/zephyr/kernel/init.c:709:27:switch_to_main_thread	8	static
C:/ncs/v3.1.1/zephyr/kernel/init.c:195:13:z_early_memset	8	static
C:/ncs/v3.1.1/zephyr/kernel/init.c:208:13:z_early_memcpy	8	static
C:/ncs/v3.1.1/zephyr/kernel/init.c:219:6:z_bss_zero	8	static
C:/ncs/v3.1.1/zephyr/kernel/init.c:384:5:z_impl_device_init	8	static
C:/ncs/v3.1.1/zephyr/kernel/init.c:630:6:z_init_cpu	8	static
C:/ncs/v3.1.1/zephyr/kernel/init.c:675:14:prepare_multithreading	40	static
C:/ncs/v3.1.1/zephyr/kernel/init.c:727:13:z_early_rand_get	24	static
C:/ncs/v3.1.1/zephyr/kernel/init.c:771:20:z_cstart	8	static
