C:/ncs/v3.1.1/zephyr/kernel/msg_q.c:43:6:k_msgq_init	0	static
C:/ncs/v3.1.1/zephyr/kernel/msg_q.c:69:5:z_impl_k_msgq_alloc_init	16	static
C:/ncs/v3.1.1/zephyr/kernel/msg_q.c:107:5:k_msgq_cleanup	8	static
C:/ncs/v3.1.1/zephyr/kernel/msg_q.c:128:5:z_impl_k_msgq_put	40	static
C:/ncs/v3.1.1/zephyr/kernel/msg_q.c:202:6:z_impl_k_msgq_get_attrs	0	static
C:/ncs/v3.1.1/zephyr/kernel/msg_q.c:220:5:z_impl_k_msgq_get	32	static
C:/ncs/v3.1.1/zephyr/kernel/msg_q.c:301:5:z_impl_k_msgq_peek	8	static
C:/ncs/v3.1.1/zephyr/kernel/msg_q.c:335:5:z_impl_k_msgq_peek_at	8	static
C:/ncs/v3.1.1/zephyr/kernel/msg_q.c:381:6:z_impl_k_msgq_purge	24	static
