C:/ncs/v3.1.1/zephyr/kernel/poll.c:63:20:is_condition_met	0	static
C:/ncs/v3.1.1/zephyr/kernel/poll.c:110:25:poller_thread	0	static
C:/ncs/v3.1.1/zephyr/kernel/poll.c:115:20:add_event	32	static
C:/ncs/v3.1.1/zephyr/kernel/poll.c:140:20:register_event	16	static
C:/ncs/v3.1.1/zephyr/kernel/poll.c:176:20:clear_event_registration	0	static
C:/ncs/v3.1.1/zephyr/kernel/poll.c:216:20:clear_event_registrations	16	static
C:/ncs/v3.1.1/zephyr/kernel/poll.c:233:19:register_events	48	static
C:/ncs/v3.1.1/zephyr/kernel/poll.c:569:13:triggered_work_handler	16	static
C:/ncs/v3.1.1/zephyr/kernel/poll.c:264:12:signal_poller	16	static
C:/ncs/v3.1.1/zephyr/kernel/poll.c:622:12:triggered_work_cancel	16	static
C:/ncs/v3.1.1/zephyr/kernel/poll.c:605:12:signal_triggered_work	16	static
C:/ncs/v3.1.1/zephyr/kernel/poll.c:438:12:signal_poll_event	16	static
C:/ncs/v3.1.1/zephyr/kernel/poll.c:592:13:triggered_work_expiration_handler	8	static
C:/ncs/v3.1.1/zephyr/kernel/poll.c:43:6:k_poll_event_init	4	static
C:/ncs/v3.1.1/zephyr/kernel/poll.c:287:5:z_impl_k_poll	40	static
C:/ncs/v3.1.1/zephyr/kernel/poll.c:464:6:z_handle_obj_poll_events	16	static
C:/ncs/v3.1.1/zephyr/kernel/poll.c:479:6:z_impl_k_poll_signal_init	0	static
C:/ncs/v3.1.1/zephyr/kernel/poll.c:498:6:z_impl_k_poll_signal_reset	0	static
C:/ncs/v3.1.1/zephyr/kernel/poll.c:505:6:z_impl_k_poll_signal_check	0	static
C:/ncs/v3.1.1/zephyr/kernel/poll.c:526:5:z_impl_k_poll_signal_raise	16	static
C:/ncs/v3.1.1/zephyr/kernel/poll.c:652:6:k_work_poll_init	16	static
C:/ncs/v3.1.1/zephyr/kernel/poll.c:665:5:k_work_poll_submit_to_queue	40	static
C:/ncs/v3.1.1/zephyr/kernel/poll.c:778:5:k_work_poll_submit	32	static
C:/ncs/v3.1.1/zephyr/kernel/poll.c:793:5:k_work_poll_cancel	16	static
