C:/ncs/v3.1.1/zephyr/include/zephyr/sys/sflist.h:386:1:sys_sflist_append	0	static
C:/ncs/v3.1.1/zephyr/include/zephyr/sys/sflist.h:404:1:sys_sflist_append_list	4	static
C:/ncs/v3.1.1/zephyr/include/zephyr/sys/sflist.h:433:1:sys_sflist_insert	8	static
C:/ncs/v3.1.1/zephyr/include/zephyr/sys/sflist.h:476:1:sys_sflist_remove	4	static
C:/ncs/v3.1.1/zephyr/include/zephyr/sys/sflist.h:491:1:sys_sflist_find_and_remove	8	static
C:/ncs/v3.1.1/zephyr/kernel/queue.c:81:13:prepare_thread_to_run	8	static
C:/ncs/v3.1.1/zephyr/kernel/queue.c:132:16:queue_insert	48	static
C:/ncs/v3.1.1/zephyr/kernel/queue.c:30:7:z_queue_node_peek	8	static
C:/ncs/v3.1.1/zephyr/kernel/queue.c:58:6:z_impl_k_queue_init	8	static
C:/ncs/v3.1.1/zephyr/kernel/queue.c:99:6:z_impl_k_queue_cancel_wait	24	static
C:/ncs/v3.1.1/zephyr/kernel/queue.c:188:6:k_queue_insert	24	static
C:/ncs/v3.1.1/zephyr/kernel/queue.c:197:6:k_queue_append	24	static
C:/ncs/v3.1.1/zephyr/kernel/queue.c:206:6:k_queue_prepend	24	static
C:/ncs/v3.1.1/zephyr/kernel/queue.c:215:9:z_impl_k_queue_alloc_append	24	static
C:/ncs/v3.1.1/zephyr/kernel/queue.c:236:9:z_impl_k_queue_alloc_prepend	24	static
C:/ncs/v3.1.1/zephyr/kernel/queue.c:257:5:k_queue_append_list	40	static
C:/ncs/v3.1.1/zephyr/kernel/queue.c:300:5:k_queue_merge_slist	8	static
C:/ncs/v3.1.1/zephyr/kernel/queue.c:335:7:z_impl_k_queue_get	32	static
C:/ncs/v3.1.1/zephyr/kernel/queue.c:372:6:k_queue_remove	16	static
C:/ncs/v3.1.1/zephyr/kernel/queue.c:383:6:k_queue_unique_append	8	static
C:/ncs/v3.1.1/zephyr/kernel/queue.c:404:7:z_impl_k_queue_peek_head	16	static
C:/ncs/v3.1.1/zephyr/kernel/queue.c:413:7:z_impl_k_queue_peek_tail	16	static
