C:/ncs/v3.1.1/zephyr/kernel/sched.c:316:21:thread_active_elsewhere	0	static
C:/ncs/v3.1.1/zephyr/kernel/sched.c:524:13:unready_thread	8	static
C:/ncs/v3.1.1/zephyr/kernel/sched.c:338:13:ready_thread	8	static
C:/ncs/v3.1.1/zephyr/kernel/sched.c:533:13:add_to_waitq_locked	16	static
C:/ncs/v3.1.1/zephyr/kernel/include/kswap.h:203:19:z_swap_irqlock	8	static
C:/ncs/v3.1.1/zephyr/kernel/include/timeout_q.h:64:20:z_abort_thread_timeout	8	static
C:/ncs/v3.1.1/zephyr/kernel/sched.c:1210:20:unpend_all	16	static
C:/ncs/v3.1.1/zephyr/kernel/sched.c:379:13:thread_halt_spin	32	static
C:/ncs/v3.1.1/zephyr/kernel/sched.c:546:13:add_thread_timeout	8	static
C:/ncs/v3.1.1/zephyr/kernel/sched.c:553:13:pend_locked	16	static
C:/ncs/v3.1.1/zephyr/kernel/sched.c:137:6:z_requeue_current	0	static
C:/ncs/v3.1.1/zephyr/kernel/sched.c:255:6:move_thread_to_end_of_prio_q	8	static
C:/ncs/v3.1.1/zephyr/kernel/sched.c:357:6:z_ready_thread	16	static
C:/ncs/v3.1.1/zephyr/kernel/sched.c:366:6:z_move_thread_to_end_of_prio_q	16	static
C:/ncs/v3.1.1/zephyr/kernel/sched.c:454:6:z_impl_k_thread_suspend	32	static
C:/ncs/v3.1.1/zephyr/kernel/sched.c:563:6:z_pend_thread	32	static
C:/ncs/v3.1.1/zephyr/kernel/sched.c:572:6:z_unpend_thread_no_timeout	0	static
C:/ncs/v3.1.1/zephyr/kernel/sched.c:581:6:z_sched_wake_thread	16	static
C:/ncs/v3.1.1/zephyr/kernel/sched.c:611:6:z_thread_timeout	8	static
C:/ncs/v3.1.1/zephyr/kernel/sched.c:620:5:z_pend_curr	8	static
C:/ncs/v3.1.1/zephyr/kernel/sched.c:642:18:z_unpend1_no_timeout	0	static
C:/ncs/v3.1.1/zephyr/kernel/sched.c:657:6:z_unpend_thread	8	static
C:/ncs/v3.1.1/zephyr/kernel/sched.c:666:6:z_thread_prio_set	24	static
C:/ncs/v3.1.1/zephyr/kernel/sched.c:749:6:z_reschedule	8	static
C:/ncs/v3.1.1/zephyr/kernel/sched.c:495:6:z_impl_k_thread_resume	16	static
C:/ncs/v3.1.1/zephyr/kernel/sched.c:759:6:z_reschedule_irqlock	8	static
C:/ncs/v3.1.1/zephyr/kernel/include/ksched.h:77:20:z_reschedule_unlocked	8	static
C:/ncs/v3.1.1/zephyr/kernel/sched.c:769:6:k_sched_lock	0	static
C:/ncs/v3.1.1/zephyr/kernel/sched.c:778:6:k_sched_unlock	16	static
C:/ncs/v3.1.1/zephyr/kernel/sched.c:796:18:z_swap_next_thread	0	static
C:/ncs/v3.1.1/zephyr/kernel/sched.c:929:5:z_unpend_all	16	static
C:/ncs/v3.1.1/zephyr/kernel/sched.c:943:6:init_ready_q	0	static
C:/ncs/v3.1.1/zephyr/kernel/sched.c:948:6:z_sched_init	8	static
C:/ncs/v3.1.1/zephyr/kernel/sched.c:959:6:z_impl_k_thread_priority_set	8	static
C:/ncs/v3.1.1/zephyr/kernel/sched.c:1033:6:z_impl_k_reschedule	16	static
C:/ncs/v3.1.1/zephyr/kernel/sched.c:1052:6:k_can_yield	8	static
C:/ncs/v3.1.1/zephyr/kernel/sched.c:1058:6:z_impl_k_yield	16	static
C:/ncs/v3.1.1/zephyr/kernel/sched.c:1080:16:z_tick_sleep	24	static
C:/ncs/v3.1.1/zephyr/kernel/sched.c:1122:9:z_impl_k_sleep	16	static
C:/ncs/v3.1.1/zephyr/kernel/sched.c:1148:9:z_impl_k_usleep	8	static
C:/ncs/v3.1.1/zephyr/kernel/sched.c:1172:6:z_impl_k_wakeup	16	static
C:/ncs/v3.1.1/zephyr/kernel/sched.c:1197:9:z_impl_k_sched_current_thread_query	0	static
C:/ncs/v3.1.1/zephyr/kernel/sched.c:1328:6:z_thread_abort	32	static
C:/ncs/v3.1.1/zephyr/kernel/sched.c:1359:5:z_impl_k_thread_join	24	static
C:/ncs/v3.1.1/zephyr/kernel/sched.c:1448:6:z_sched_wake	24	static
C:/ncs/v3.1.1/zephyr/kernel/sched.c:1470:5:z_sched_wait	24	static
C:/ncs/v3.1.1/zephyr/kernel/sched.c:1481:5:z_sched_waitq_walk	24	static
C:/ncs/v3.1.1/zephyr/kernel/sched.c:1509:6:z_unready_thread	16	static
