C:/ncs/v3.1.1/zephyr/kernel/thread.c:216:15:copy_bytes	8	static
C:/ncs/v3.1.1/zephyr/kernel/thread.c:383:14:setup_thread_stack	24	static
C:/ncs/v3.1.1/zephyr/kernel/include/kthread.h:46:20:thread_schedule_new	8	static
C:/ncs/v3.1.1/zephyr/kernel/thread.c:76:6:k_is_in_isr	0	static
C:/ncs/v3.1.1/zephyr/kernel/thread.c:111:5:z_impl_k_is_preempt_thread	0	static
C:/ncs/v3.1.1/zephyr/kernel/thread.c:124:5:z_impl_k_thread_priority_get	0	static
C:/ncs/v3.1.1/zephyr/kernel/thread.c:138:5:z_impl_k_thread_name_set	16	static
C:/ncs/v3.1.1/zephyr/kernel/thread.c:193:13:k_thread_name_get	0	static
C:/ncs/v3.1.1/zephyr/kernel/thread.c:203:5:z_impl_k_thread_name_copy	8	static
C:/ncs/v3.1.1/zephyr/kernel/thread.c:226:13:k_thread_state_str	32	static
C:/ncs/v3.1.1/zephyr/kernel/thread.c:333:6:z_check_stack_sentinel	0	static
C:/ncs/v3.1.1/zephyr/kernel/thread.c:743:6:z_init_thread_base	4	static
C:/ncs/v3.1.1/zephyr/kernel/thread.c:509:7:z_setup_new_thread	56	static
C:/ncs/v3.1.1/zephyr/kernel/thread.c:652:9:z_impl_k_thread_create	48	static
C:/ncs/v3.1.1/zephyr/kernel/thread.c:769:20:k_thread_user_mode_enter	8	static
C:/ncs/v3.1.1/zephyr/kernel/thread.c:806:5:z_stack_space_get	4	static
C:/ncs/v3.1.1/zephyr/kernel/thread.c:857:5:z_impl_k_thread_stack_space_get	8	static
C:/ncs/v3.1.1/zephyr/kernel/thread.c:917:6:z_thread_mark_switched_in	8	static
C:/ncs/v3.1.1/zephyr/kernel/thread.c:928:6:z_thread_mark_switched_out	8	static
C:/ncs/v3.1.1/zephyr/kernel/thread.c:947:5:k_thread_runtime_stats_get	8	static
C:/ncs/v3.1.1/zephyr/kernel/thread.c:963:5:k_thread_runtime_stats_all_get	40	static
C:/ncs/v3.1.1/zephyr/kernel/thread.c:997:5:k_thread_runtime_stats_cpu_get	8	static
C:/ncs/v3.1.1/zephyr/kernel/thread.c:1128:6:z_dummy_thread_init	0	static
