C:/ncs/v3.1.1/zephyr/kernel/timeout.c:43:25:first	0	static
C:/ncs/v3.1.1/zephyr/kernel/timeout.c:50:25:next	0	static
C:/ncs/v3.1.1/zephyr/kernel/timeout.c:57:13:remove_timeout	8	static
C:/ncs/v3.1.1/zephyr/kernel/timeout.c:87:16:next_timeout	8	static
C:/ncs/v3.1.1/zephyr/kernel/timeout.c:182:18:timeout_rem	16	static
C:/ncs/v3.1.1/zephyr/kernel/timeout.c:66:16:elapsed	8	static
C:/ncs/v3.1.1/zephyr/kernel/timeout.c:102:11:z_add_timeout	48	static
C:/ncs/v3.1.1/zephyr/kernel/timeout.c:161:5:z_abort_timeout	24	static
C:/ncs/v3.1.1/zephyr/kernel/timeout.c:196:11:z_timeout_remaining	24	static
C:/ncs/v3.1.1/zephyr/kernel/timeout.c:209:11:z_timeout_expires	24	static
C:/ncs/v3.1.1/zephyr/kernel/timeout.c:223:9:z_get_next_timeout_expiry	8	static
C:/ncs/v3.1.1/zephyr/kernel/timeout.c:233:6:sys_clock_announce	16	static
C:/ncs/v3.1.1/zephyr/kernel/timeout.c:284:9:sys_clock_tick_get	8	static
C:/ncs/v3.1.1/zephyr/kernel/timeout.c:294:10:sys_clock_tick_get_32	8	static
C:/ncs/v3.1.1/zephyr/kernel/timeout.c:303:9:z_impl_k_uptime_ticks	8	static
C:/ncs/v3.1.1/zephyr/kernel/timeout.c:316:15:sys_timepoint_calc	16	static
C:/ncs/v3.1.1/zephyr/kernel/timeout.c:337:13:sys_timepoint_timeout	24	static
