C:/ncs/v3.1.1/zephyr/kernel/timer.c:27:6:z_timer_expiration_handler	24	static
C:/ncs/v3.1.1/zephyr/kernel/include/ksched.h:77:20:z_reschedule_unlocked	8	static
C:/ncs/v3.1.1/zephyr/kernel/timer.c:113:6:k_timer_init	16	static
C:/ncs/v3.1.1/zephyr/kernel/timer.c:139:6:z_impl_k_timer_start	32	static
C:/ncs/v3.1.1/zephyr/kernel/timer.c:199:6:z_impl_k_timer_stop	8	static
C:/ncs/v3.1.1/zephyr/kernel/timer.c:232:10:z_impl_k_timer_status_get	0	static
C:/ncs/v3.1.1/zephyr/kernel/timer.c:252:10:z_impl_k_timer_status_sync	24	static
