C:/ncs/v3.1.1/zephyr/arch/arm/core/mpu/arm_mpu_v8_internal.h:139:13:mpu_init	0	static
C:/ncs/v3.1.1/zephyr/arch/arm/core/mpu/arm_mpu_v8_internal.h:147:13:mpu_set_region	0	static
C:/ncs/v3.1.1/zephyr/arch/arm/core/mpu/arm_mpu_v8_internal.h:159:13:region_init	8	static
C:/ncs/v3.1.1/zephyr/arch/arm/core/mpu/arm_mpu_v8_internal.h:194:12:mpu_partition_is_valid	0	static
C:/ncs/v3.1.1/zephyr/arch/arm/core/mpu/arm_mpu_v8_internal.h:293:20:mpu_region_get_conf	0	static
C:/ncs/v3.1.1/zephyr/arch/arm/core/mpu/arm_mpu_v8_internal.h:238:19:get_region_index	16	static
C:/ncs/v3.1.1/zephyr/arch/arm/core/mpu/arm_mpu_v8_internal.h:693:12:mpu_mark_areas_for_dynamic_regions	16	static
C:/ncs/v3.1.1/zephyr/arch/arm/core/mpu/arm_mpu.c:73:12:region_allocate_and_init	8	static
C:/ncs/v3.1.1/zephyr/arch/arm/core/mpu/arm_mpu.c:171:12:mpu_configure_region	24	static
C:/ncs/v3.1.1/zephyr/arch/arm/core/mpu/arm_mpu_v8_internal.h:531:12:mpu_configure_regions_and_partition	64	static
C:/ncs/v3.1.1/zephyr/arch/arm/core/mpu/arm_mpu_v8_internal.h:667:12:mpu_configure_static_mpu_regions	8	static
C:/ncs/v3.1.1/zephyr/arch/arm/core/mpu/arm_mpu_v8_internal.h:746:12:mpu_configure_dynamic_mpu_regions	24	static
C:/ncs/v3.1.1/zephyr/arch/arm/core/mpu/arm_mpu.c:101:12:mpu_configure_regions_from_dt	48	static
C:/ncs/v3.1.1/zephyr/arch/arm/core/mpu/arm_mpu.c:272:6:arm_core_mpu_enable	0	static
C:/ncs/v3.1.1/zephyr/arch/arm/core/mpu/arm_mpu.c:291:6:arm_core_mpu_disable	0	static
C:/ncs/v3.1.1/zephyr/arch/arm/core/mpu/arm_mpu.c:367:6:arm_core_mpu_configure_static_mpu_regions	8	static
C:/ncs/v3.1.1/zephyr/arch/arm/core/mpu/arm_mpu.c:383:6:arm_core_mpu_mark_areas_for_dynamic_regions	8	static
C:/ncs/v3.1.1/zephyr/arch/arm/core/mpu/arm_mpu.c:399:6:arm_core_mpu_configure_dynamic_mpu_regions	8	static
C:/ncs/v3.1.1/zephyr/arch/arm/core/mpu/arm_mpu.c:418:5:z_arm_mpu_init	16	static
