C:/ncs/v3.1.1/modules/debug/segger/SEGGER/SEGGER_RTT.c:526:17:_GetAvailWriteSpace	0	static
C:/ncs/v3.1.1/modules/debug/segger/SEGGER/SEGGER_RTT.c:436:13:_WriteNoCheck	32	static
C:/ncs/v3.1.1/modules/debug/segger/SEGGER/SEGGER_RTT.c:374:17:_WriteBlocking	32	static
C:/ncs/v3.1.1/modules/debug/segger/SEGGER/SEGGER_RTT.c:504:13:_PostTerminalSwitch	16	static
C:/ncs/v3.1.1/modules/debug/segger/SEGGER/SEGGER_RTT.c:315:13:_DoInit	8	static
C:/ncs/v3.1.1/modules/debug/segger/SEGGER/SEGGER_RTT.c:1892:13:SEGGER_RTT_StrongCheckInit	8	static
C:/ncs/v3.1.1/modules/debug/segger/SEGGER/SEGGER_RTT.c:573:10:SEGGER_RTT_ReadUpBufferNoLock	32	static
C:/ncs/v3.1.1/modules/debug/segger/SEGGER/SEGGER_RTT.c:665:10:SEGGER_RTT_ReadNoLock	32	static
C:/ncs/v3.1.1/modules/debug/segger/SEGGER/SEGGER_RTT.c:762:10:SEGGER_RTT_ReadUpBuffer	24	static
C:/ncs/v3.1.1/modules/debug/segger/SEGGER/SEGGER_RTT.c:794:10:SEGGER_RTT_Read	24	static
C:/ncs/v3.1.1/modules/debug/segger/SEGGER/SEGGER_RTT.c:833:6:SEGGER_RTT_WriteWithOverwriteNoLock	32	static
C:/ncs/v3.1.1/modules/debug/segger/SEGGER/SEGGER_RTT.c:934:10:SEGGER_RTT_WriteSkipNoLock	32	static
C:/ncs/v3.1.1/modules/debug/segger/SEGGER/SEGGER_RTT.c:1025:10:SEGGER_RTT_WriteDownBufferNoLock	24	static
C:/ncs/v3.1.1/modules/debug/segger/SEGGER/SEGGER_RTT.c:1100:10:SEGGER_RTT_WriteNoLock	24	static
C:/ncs/v3.1.1/modules/debug/segger/SEGGER/SEGGER_RTT.c:1176:10:SEGGER_RTT_WriteDownBuffer	24	static
C:/ncs/v3.1.1/modules/debug/segger/SEGGER/SEGGER_RTT.c:1205:10:SEGGER_RTT_Write	24	static
C:/ncs/v3.1.1/modules/debug/segger/SEGGER/SEGGER_RTT.c:1235:10:SEGGER_RTT_WriteString	16	static
C:/ncs/v3.1.1/modules/debug/segger/SEGGER/SEGGER_RTT.c:1265:10:SEGGER_RTT_PutCharSkipNoLock	8	static
C:/ncs/v3.1.1/modules/debug/segger/SEGGER/SEGGER_RTT.c:1315:10:SEGGER_RTT_PutCharSkip	16	static
C:/ncs/v3.1.1/modules/debug/segger/SEGGER/SEGGER_RTT.c:1374:10:SEGGER_RTT_PutChar	16	static
C:/ncs/v3.1.1/modules/debug/segger/SEGGER/SEGGER_RTT.c:1437:5:SEGGER_RTT_GetKey	16	static
C:/ncs/v3.1.1/modules/debug/segger/SEGGER/SEGGER_RTT.c:1465:5:SEGGER_RTT_WaitKey	8	static
C:/ncs/v3.1.1/modules/debug/segger/SEGGER/SEGGER_RTT.c:1488:5:SEGGER_RTT_HasKey	8	static
C:/ncs/v3.1.1/modules/debug/segger/SEGGER/SEGGER_RTT.c:1516:10:SEGGER_RTT_HasData	0	static
C:/ncs/v3.1.1/modules/debug/segger/SEGGER/SEGGER_RTT.c:1537:10:SEGGER_RTT_HasDataUp	0	static
C:/ncs/v3.1.1/modules/debug/segger/SEGGER/SEGGER_RTT.c:1566:5:SEGGER_RTT_AllocDownBuffer	32	static
C:/ncs/v3.1.1/modules/debug/segger/SEGGER/SEGGER_RTT.c:1615:5:SEGGER_RTT_AllocUpBuffer	24	static
C:/ncs/v3.1.1/modules/debug/segger/SEGGER/SEGGER_RTT.c:1670:5:SEGGER_RTT_ConfigUpBuffer	24	static
C:/ncs/v3.1.1/modules/debug/segger/SEGGER/SEGGER_RTT.c:1722:5:SEGGER_RTT_ConfigDownBuffer	24	static
C:/ncs/v3.1.1/modules/debug/segger/SEGGER/SEGGER_RTT.c:1765:5:SEGGER_RTT_SetNameUpBuffer	16	static
C:/ncs/v3.1.1/modules/debug/segger/SEGGER/SEGGER_RTT.c:1800:5:SEGGER_RTT_SetNameDownBuffer	16	static
C:/ncs/v3.1.1/modules/debug/segger/SEGGER/SEGGER_RTT.c:1836:5:SEGGER_RTT_SetFlagsUpBuffer	16	static
C:/ncs/v3.1.1/modules/debug/segger/SEGGER/SEGGER_RTT.c:1872:5:SEGGER_RTT_SetFlagsDownBuffer	16	static
C:/ncs/v3.1.1/modules/debug/segger/SEGGER/SEGGER_RTT.c:1922:6:SEGGER_RTT_Init	8	static
C:/ncs/v3.1.1/modules/debug/segger/SEGGER/SEGGER_RTT.c:1958:5:SEGGER_RTT_SetTerminal	24	static
C:/ncs/v3.1.1/modules/debug/segger/SEGGER/SEGGER_RTT.c:2007:5:SEGGER_RTT_TerminalOut	32	static
C:/ncs/v3.1.1/modules/debug/segger/SEGGER/SEGGER_RTT.c:2095:10:SEGGER_RTT_GetAvailWriteSpace	8	static
C:/ncs/v3.1.1/modules/debug/segger/SEGGER/SEGGER_RTT.c:2116:10:SEGGER_RTT_GetBytesInBuffer	0	static
