C:/ncs/v3.1.1/modules/debug/segger/SEGGER/SEGGER_SYSVIEW.c:423:12:_EncodeData	0	static
C:/ncs/v3.1.1/modules/debug/segger/SEGGER/SEGGER_SYSVIEW.c:462:12:_EncodeFloat	0	static
C:/ncs/v3.1.1/modules/debug/segger/SEGGER/SEGGER_SYSVIEW.c:502:12:_EncodeStr	4	static
C:/ncs/v3.1.1/modules/debug/segger/SEGGER/SEGGER_SYSVIEW.c:560:12:_PreparePacket	0	static
C:/ncs/v3.1.1/modules/debug/segger/SEGGER/SEGGER_SYSVIEW.c:644:12:_TrySendOverflowPacket	32	static
C:/ncs/v3.1.1/modules/debug/segger/SEGGER/SEGGER_SYSVIEW.c:1431:6:SEGGER_SYSVIEW_Init	40	static
C:/ncs/v3.1.1/modules/debug/segger/SEGGER/SEGGER_SYSVIEW.c:1482:6:SEGGER_SYSVIEW_SetRAMBase	0	static
C:/ncs/v3.1.1/modules/debug/segger/SEGGER/SEGGER_SYSVIEW.c:1939:5:SEGGER_SYSVIEW_GetChannelID	0	static
C:/ncs/v3.1.1/modules/debug/segger/SEGGER/SEGGER_SYSVIEW.c:2011:6:SEGGER_SYSVIEW_SendStackInfo	16	static
C:/ncs/v3.1.1/modules/debug/segger/SEGGER/SEGGER_SYSVIEW.c:2056:6:SEGGER_SYSVIEW_SendTaskList	8	static
C:/ncs/v3.1.1/modules/debug/segger/SEGGER/SEGGER_SYSVIEW.c:2807:5:SEGGER_SYSVIEW_EncodeU32	0	static
C:/ncs/v3.1.1/modules/debug/segger/SEGGER/SEGGER_SYSVIEW.c:2834:5:SEGGER_SYSVIEW_EncodeString	8	static
C:/ncs/v3.1.1/modules/debug/segger/SEGGER/SEGGER_SYSVIEW.c:2860:5:SEGGER_SYSVIEW_EncodeData	8	static
C:/ncs/v3.1.1/modules/debug/segger/SEGGER/SEGGER_SYSVIEW.c:2888:5:SEGGER_SYSVIEW_EncodeId	0	static
C:/ncs/v3.1.1/modules/debug/segger/SEGGER/SEGGER_SYSVIEW.c:2916:5:SEGGER_SYSVIEW_ShrinkId	0	static
C:/ncs/v3.1.1/modules/debug/segger/SEGGER/SEGGER_SYSVIEW.c:3059:6:SEGGER_SYSVIEW_SendModuleDescription	8	static
C:/ncs/v3.1.1/modules/debug/segger/SEGGER/SEGGER_SYSVIEW.c:3080:6:SEGGER_SYSVIEW_SendNumModules	8	static
C:/ncs/v3.1.1/modules/debug/segger/SEGGER/SEGGER_SYSVIEW.c:1866:6:SEGGER_SYSVIEW_Start	16	static
C:/ncs/v3.1.1/modules/debug/segger/SEGGER/SEGGER_SYSVIEW.c:577:13:_HandleIncomingPacket	16	static
C:/ncs/v3.1.1/modules/debug/segger/SEGGER/SEGGER_SYSVIEW.c:748:13:_SendPacket	24	static
C:/ncs/v3.1.1/modules/debug/segger/SEGGER/SEGGER_SYSVIEW.c:1496:6:SEGGER_SYSVIEW_RecordVoid	16	static
C:/ncs/v3.1.1/modules/debug/segger/SEGGER/SEGGER_SYSVIEW.c:1516:6:SEGGER_SYSVIEW_RecordU32	16	static
C:/ncs/v3.1.1/modules/debug/segger/SEGGER/SEGGER_SYSVIEW.c:1539:6:SEGGER_SYSVIEW_RecordU32x2	24	static
C:/ncs/v3.1.1/modules/debug/segger/SEGGER/SEGGER_SYSVIEW.c:2104:6:SEGGER_SYSVIEW_RecordSystime	8	static
C:/ncs/v3.1.1/modules/debug/segger/SEGGER/SEGGER_SYSVIEW.c:1564:6:SEGGER_SYSVIEW_RecordU32x3	24	static
C:/ncs/v3.1.1/modules/debug/segger/SEGGER/SEGGER_SYSVIEW.c:1591:6:SEGGER_SYSVIEW_RecordU32x4	32	static
C:/ncs/v3.1.1/modules/debug/segger/SEGGER/SEGGER_SYSVIEW.c:1620:6:SEGGER_SYSVIEW_RecordU32x5	32	static
C:/ncs/v3.1.1/modules/debug/segger/SEGGER/SEGGER_SYSVIEW.c:1651:6:SEGGER_SYSVIEW_RecordU32x6	40	static
C:/ncs/v3.1.1/modules/debug/segger/SEGGER/SEGGER_SYSVIEW.c:1684:6:SEGGER_SYSVIEW_RecordU32x7	48	static
C:/ncs/v3.1.1/modules/debug/segger/SEGGER/SEGGER_SYSVIEW.c:1719:6:SEGGER_SYSVIEW_RecordU32x8	48	static
C:/ncs/v3.1.1/modules/debug/segger/SEGGER/SEGGER_SYSVIEW.c:1756:6:SEGGER_SYSVIEW_RecordU32x9	48	static
C:/ncs/v3.1.1/modules/debug/segger/SEGGER/SEGGER_SYSVIEW.c:1795:6:SEGGER_SYSVIEW_RecordU32x10	48	static
C:/ncs/v3.1.1/modules/debug/segger/SEGGER/SEGGER_SYSVIEW.c:1830:6:SEGGER_SYSVIEW_RecordString	24	static
C:/ncs/v3.1.1/modules/debug/segger/SEGGER/SEGGER_SYSVIEW.c:1921:6:SEGGER_SYSVIEW_Stop	8	static
C:/ncs/v3.1.1/modules/debug/segger/SEGGER/SEGGER_SYSVIEW.c:1951:6:SEGGER_SYSVIEW_GetSysDesc	8	static
C:/ncs/v3.1.1/modules/debug/segger/SEGGER/SEGGER_SYSVIEW.c:1979:6:SEGGER_SYSVIEW_SendTaskInfo	16	static
C:/ncs/v3.1.1/modules/debug/segger/SEGGER/SEGGER_SYSVIEW.c:2036:6:SEGGER_SYSVIEW_SampleData	16	static
C:/ncs/v3.1.1/modules/debug/segger/SEGGER/SEGGER_SYSVIEW.c:2086:6:SEGGER_SYSVIEW_SendSysDesc	16	static
C:/ncs/v3.1.1/modules/debug/segger/SEGGER/SEGGER_SYSVIEW.c:2128:6:SEGGER_SYSVIEW_RecordEnterISR	16	static
C:/ncs/v3.1.1/modules/debug/segger/SEGGER/SEGGER_SYSVIEW.c:2155:6:SEGGER_SYSVIEW_RecordExitISR	8	static
C:/ncs/v3.1.1/modules/debug/segger/SEGGER/SEGGER_SYSVIEW.c:2177:6:SEGGER_SYSVIEW_RecordExitISRToScheduler	8	static
C:/ncs/v3.1.1/modules/debug/segger/SEGGER/SEGGER_SYSVIEW.c:2195:6:SEGGER_SYSVIEW_RecordEnterTimer	16	static
C:/ncs/v3.1.1/modules/debug/segger/SEGGER/SEGGER_SYSVIEW.c:2213:6:SEGGER_SYSVIEW_RecordExitTimer	8	static
C:/ncs/v3.1.1/modules/debug/segger/SEGGER/SEGGER_SYSVIEW.c:2231:6:SEGGER_SYSVIEW_RecordEndCall	16	static
C:/ncs/v3.1.1/modules/debug/segger/SEGGER/SEGGER_SYSVIEW.c:2253:6:SEGGER_SYSVIEW_RecordEndCallU32	16	static
C:/ncs/v3.1.1/modules/debug/segger/SEGGER/SEGGER_SYSVIEW.c:2272:6:SEGGER_SYSVIEW_OnIdle	8	static
C:/ncs/v3.1.1/modules/debug/segger/SEGGER/SEGGER_SYSVIEW.c:2291:6:SEGGER_SYSVIEW_OnTaskCreate	16	static
C:/ncs/v3.1.1/modules/debug/segger/SEGGER/SEGGER_SYSVIEW.c:2316:6:SEGGER_SYSVIEW_OnTaskTerminate	16	static
C:/ncs/v3.1.1/modules/debug/segger/SEGGER/SEGGER_SYSVIEW.c:2340:6:SEGGER_SYSVIEW_OnTaskStartExec	16	static
C:/ncs/v3.1.1/modules/debug/segger/SEGGER/SEGGER_SYSVIEW.c:2360:6:SEGGER_SYSVIEW_OnTaskStopExec	8	static
C:/ncs/v3.1.1/modules/debug/segger/SEGGER/SEGGER_SYSVIEW.c:2378:6:SEGGER_SYSVIEW_OnTaskStartReady	16	static
C:/ncs/v3.1.1/modules/debug/segger/SEGGER/SEGGER_SYSVIEW.c:2401:6:SEGGER_SYSVIEW_OnTaskStopReady	16	static
C:/ncs/v3.1.1/modules/debug/segger/SEGGER/SEGGER_SYSVIEW.c:2424:6:SEGGER_SYSVIEW_MarkStart	16	static
C:/ncs/v3.1.1/modules/debug/segger/SEGGER/SEGGER_SYSVIEW.c:2445:6:SEGGER_SYSVIEW_MarkStop	16	static
C:/ncs/v3.1.1/modules/debug/segger/SEGGER/SEGGER_SYSVIEW.c:2466:6:SEGGER_SYSVIEW_Mark	16	static
C:/ncs/v3.1.1/modules/debug/segger/SEGGER/SEGGER_SYSVIEW.c:2493:6:SEGGER_SYSVIEW_NameMarker	24	static
C:/ncs/v3.1.1/modules/debug/segger/SEGGER/SEGGER_SYSVIEW.c:2521:6:SEGGER_SYSVIEW_NameResource	24	static
C:/ncs/v3.1.1/modules/debug/segger/SEGGER/SEGGER_SYSVIEW.c:2547:6:SEGGER_SYSVIEW_RegisterData	24	static
C:/ncs/v3.1.1/modules/debug/segger/SEGGER/SEGGER_SYSVIEW.c:2619:6:SEGGER_SYSVIEW_HeapDefine	24	static
C:/ncs/v3.1.1/modules/debug/segger/SEGGER/SEGGER_SYSVIEW.c:2668:6:SEGGER_SYSVIEW_HeapAlloc	24	static
C:/ncs/v3.1.1/modules/debug/segger/SEGGER/SEGGER_SYSVIEW.c:2720:6:SEGGER_SYSVIEW_HeapAllocEx	24	static
C:/ncs/v3.1.1/modules/debug/segger/SEGGER/SEGGER_SYSVIEW.c:2750:6:SEGGER_SYSVIEW_HeapFree	24	static
C:/ncs/v3.1.1/modules/debug/segger/SEGGER/SEGGER_SYSVIEW.c:2780:5:SEGGER_SYSVIEW_SendPacket	24	static
C:/ncs/v3.1.1/modules/debug/segger/SEGGER/SEGGER_SYSVIEW.c:2976:6:SEGGER_SYSVIEW_RecordModuleDescription	24	static
C:/ncs/v3.1.1/modules/debug/segger/SEGGER/SEGGER_SYSVIEW.c:3017:6:SEGGER_SYSVIEW_SendModule	24	static
C:/ncs/v3.1.1/modules/debug/segger/SEGGER/SEGGER_SYSVIEW.c:2938:6:SEGGER_SYSVIEW_RegisterModule	16	static
C:/ncs/v3.1.1/modules/debug/segger/SEGGER/SEGGER_SYSVIEW.c:953:12:_VPrintHost	88	static
C:/ncs/v3.1.1/modules/debug/segger/SEGGER/SEGGER_SYSVIEW.c:1034:13:_StoreChar	16	static
C:/ncs/v3.1.1/modules/debug/segger/SEGGER/SEGGER_SYSVIEW.c:1076:13:_PrintUnsigned	40	static
C:/ncs/v3.1.1/modules/debug/segger/SEGGER/SEGGER_SYSVIEW.c:1167:13:_PrintInt	40	static
C:/ncs/v3.1.1/modules/debug/segger/SEGGER/SEGGER_SYSVIEW.c:1240:13:_VPrintTarget	56	static
C:/ncs/v3.1.1/modules/debug/segger/SEGGER/SEGGER_SYSVIEW.c:3107:6:SEGGER_SYSVIEW_PrintfHostEx	12	static
C:/ncs/v3.1.1/modules/debug/segger/SEGGER/SEGGER_SYSVIEW.c:3144:6:SEGGER_SYSVIEW_VPrintfHostEx	8	static
C:/ncs/v3.1.1/modules/debug/segger/SEGGER/SEGGER_SYSVIEW.c:3174:6:SEGGER_SYSVIEW_PrintfHost	16	static
C:/ncs/v3.1.1/modules/debug/segger/SEGGER/SEGGER_SYSVIEW.c:3209:6:SEGGER_SYSVIEW_VPrintfHost	8	static
C:/ncs/v3.1.1/modules/debug/segger/SEGGER/SEGGER_SYSVIEW.c:3240:6:SEGGER_SYSVIEW_WarnfHost	16	static
C:/ncs/v3.1.1/modules/debug/segger/SEGGER/SEGGER_SYSVIEW.c:3276:6:SEGGER_SYSVIEW_VWarnfHost	8	static
C:/ncs/v3.1.1/modules/debug/segger/SEGGER/SEGGER_SYSVIEW.c:3307:6:SEGGER_SYSVIEW_ErrorfHost	16	static
C:/ncs/v3.1.1/modules/debug/segger/SEGGER/SEGGER_SYSVIEW.c:3343:6:SEGGER_SYSVIEW_VErrorfHost	8	static
C:/ncs/v3.1.1/modules/debug/segger/SEGGER/SEGGER_SYSVIEW.c:3372:6:SEGGER_SYSVIEW_PrintfTargetEx	12	static
C:/ncs/v3.1.1/modules/debug/segger/SEGGER/SEGGER_SYSVIEW.c:3393:6:SEGGER_SYSVIEW_VPrintfTargetEx	8	static
C:/ncs/v3.1.1/modules/debug/segger/SEGGER/SEGGER_SYSVIEW.c:3408:6:SEGGER_SYSVIEW_PrintfTarget	16	static
C:/ncs/v3.1.1/modules/debug/segger/SEGGER/SEGGER_SYSVIEW.c:3428:6:SEGGER_SYSVIEW_VPrintfTarget	8	static
C:/ncs/v3.1.1/modules/debug/segger/SEGGER/SEGGER_SYSVIEW.c:3443:6:SEGGER_SYSVIEW_WarnfTarget	16	static
C:/ncs/v3.1.1/modules/debug/segger/SEGGER/SEGGER_SYSVIEW.c:3463:6:SEGGER_SYSVIEW_VWarnfTarget	8	static
C:/ncs/v3.1.1/modules/debug/segger/SEGGER/SEGGER_SYSVIEW.c:3478:6:SEGGER_SYSVIEW_ErrorfTarget	16	static
C:/ncs/v3.1.1/modules/debug/segger/SEGGER/SEGGER_SYSVIEW.c:3498:6:SEGGER_SYSVIEW_VErrorfTarget	8	static
C:/ncs/v3.1.1/modules/debug/segger/SEGGER/SEGGER_SYSVIEW.c:3513:6:SEGGER_SYSVIEW_Print	16	static
C:/ncs/v3.1.1/modules/debug/segger/SEGGER/SEGGER_SYSVIEW.c:3535:6:SEGGER_SYSVIEW_Warn	16	static
C:/ncs/v3.1.1/modules/debug/segger/SEGGER/SEGGER_SYSVIEW.c:3557:6:SEGGER_SYSVIEW_Error	16	static
C:/ncs/v3.1.1/modules/debug/segger/SEGGER/SEGGER_SYSVIEW.c:3579:6:SEGGER_SYSVIEW_EnableEvents	0	static
C:/ncs/v3.1.1/modules/debug/segger/SEGGER/SEGGER_SYSVIEW.c:3593:6:SEGGER_SYSVIEW_DisableEvents	0	static
C:/ncs/v3.1.1/modules/debug/segger/SEGGER/SEGGER_SYSVIEW.c:3608:5:SEGGER_SYSVIEW_IsStarted	8	static
