C:/ncs/v3.1.1/nrf/subsys/nrf_security/src/drivers/cracen/cracenpsa/src/cipher.c:26:13:is_alg_supported	0	static
C:/ncs/v3.1.1/nrf/subsys/nrf_security/src/drivers/cracen/cracenpsa/src/cipher.c:446:13:is_multi_part_supported	0	static
C:/ncs/v3.1.1/nrf/subsys/nrf_security/src/drivers/cracen/cracenpsa/src/cipher.c:66:21:setup	32	static
C:/ncs/v3.1.1/nrf/subsys/nrf_security/src/drivers/cracen/cracenpsa/src/cipher.c:388:21:initialize_cipher	8	static
C:/ncs/v3.1.1/nrf/subsys/nrf_security/src/drivers/cracen/cracenpsa/src/cipher.c:460:14:cracen_cipher_encrypt_setup	32	static
C:/ncs/v3.1.1/nrf/subsys/nrf_security/src/drivers/cracen/cracenpsa/src/cipher.c:471:14:cracen_cipher_decrypt_setup	32	static
C:/ncs/v3.1.1/nrf/subsys/nrf_security/src/drivers/cracen/cracenpsa/src/cipher.c:482:14:cracen_cipher_set_iv	8	static
C:/ncs/v3.1.1/nrf/subsys/nrf_security/src/drivers/cracen/cracenpsa/src/cipher.c:516:14:cracen_cipher_update	40	static
C:/ncs/v3.1.1/nrf/subsys/nrf_security/src/drivers/cracen/cracenpsa/src/cipher.c:666:14:cracen_cipher_finish	24	static
C:/ncs/v3.1.1/nrf/subsys/nrf_security/src/drivers/cracen/cracenpsa/src/cipher.c:100:21:crypt	32	static
C:/ncs/v3.1.1/nrf/subsys/nrf_security/src/drivers/cracen/cracenpsa/src/cipher.c:277:14:cracen_cipher_encrypt	424	static
C:/ncs/v3.1.1/nrf/subsys/nrf_security/src/drivers/cracen/cracenpsa/src/cipher.c:330:14:cracen_cipher_decrypt	432	static
C:/ncs/v3.1.1/nrf/subsys/nrf_security/src/drivers/cracen/cracenpsa/src/cipher.c:808:14:cracen_cipher_abort	16	static
