C:/ncs/v3.1.1/nrf/subsys/nrf_security/src/drivers/cracen/cracenpsa/src/rsa_key.h:15:13:cracen_ffkey_write_sz	8	static
C:/ncs/v3.1.1/nrf/subsys/nrf_security/src/drivers/cracen/cracenpsa/src/common.c:148:21:get_sx_brainpool_curve	0	static
C:/ncs/v3.1.1/nrf/subsys/nrf_security/src/drivers/cracen/cracenpsa/src/common.c:189:21:get_sx_secp_r1_curve	0	static
C:/ncs/v3.1.1/nrf/subsys/nrf_security/src/drivers/cracen/cracenpsa/src/common.c:226:21:get_sx_secp_k1_curve	0	static
C:/ncs/v3.1.1/nrf/subsys/nrf_security/src/drivers/cracen/cracenpsa/src/common.c:251:21:get_sx_montgomery_curve	0	static
C:/ncs/v3.1.1/nrf/subsys/nrf_security/src/drivers/cracen/cracenpsa/src/common.c:276:21:get_sx_edwards_curve	0	static
C:/ncs/v3.1.1/nrf/subsys/nrf_security/src/drivers/cracen/cracenpsa/src/common.c:440:12:cracen_asn1_get_len	8	static
C:/ncs/v3.1.1/nrf/subsys/nrf_security/src/drivers/cracen/cracenpsa/src/common.c:472:12:cracen_asn1_get_tag	8	static
C:/ncs/v3.1.1/nrf/subsys/nrf_security/src/drivers/cracen/cracenpsa/src/common.c:487:12:cracen_asn1_get_int	24	static
C:/ncs/v3.1.1/nrf/subsys/nrf_security/src/drivers/cracen/cracenpsa/src/common.c:744:12:cracen_clean_ik_key	0	static
C:/ncs/v3.1.1/nrf/subsys/nrf_security/src/drivers/cracen/cracenpsa/src/common.c:749:13:cracen_is_ikg_key	0	static
C:/ncs/v3.1.1/nrf/subsys/nrf_security/src/drivers/cracen/cracenpsa/src/common.c:765:21:cracen_load_ikg_keyref	0	static
C:/ncs/v3.1.1/nrf/subsys/nrf_security/src/drivers/cracen/cracenpsa/src/common.c:873:21:cracen_get_ikg_opaque_key_size	0	static
C:/ncs/v3.1.1/nrf/subsys/nrf_security/src/drivers/cracen/silexpk/include/silexpk/sxops/rsa.h:65:1:sx_async_mod_single_op_cmd_go	40	static
C:/ncs/v3.1.1/nrf/subsys/nrf_security/src/drivers/cracen/silexpk/include/silexpk/sxops/impl.h:31:20:sx_async_finish_single	16	static
C:/ncs/v3.1.1/nrf/subsys/nrf_security/src/drivers/cracen/silexpk/include/silexpk/sxops/rsa.h:126:19:sx_mod_single_op_cmd	24	static
C:/ncs/v3.1.1/nrf/subsys/nrf_security/src/drivers/cracen/silexpk/include/silexpk/sxops/eccweierstrass.h:530:36:sx_async_ec_ptoncurve_go	32	static
C:/ncs/v3.1.1/nrf/subsys/nrf_security/src/drivers/cracen/silexpk/include/silexpk/sxops/eccweierstrass.h:584:19:sx_ec_ptoncurve	24	static
C:/ncs/v3.1.1/nrf/subsys/nrf_security/src/drivers/cracen/cracenpsa/src/common.c:676:5:cracen_prepare_ik_key	24	static
C:/ncs/v3.1.1/nrf/subsys/nrf_security/src/drivers/cracen/cracenpsa/src/rsa_key.h:32:13:cracen_ffkey_write	24	static
C:/ncs/v3.1.1/nrf/subsys/nrf_security/src/drivers/cracen/cracenpsa/src/common.c:49:14:silex_statuscodes_to_psa	0	static
C:/ncs/v3.1.1/nrf/subsys/nrf_security/src/drivers/cracen/cracenpsa/src/common.c:109:1:hash_get_algo	0	static
C:/ncs/v3.1.1/nrf/subsys/nrf_security/src/drivers/cracen/cracenpsa/src/common.c:301:14:cracen_ecc_get_ecurve_from_psa	8	static
C:/ncs/v3.1.1/nrf/subsys/nrf_security/src/drivers/cracen/cracenpsa/src/common.c:326:6:cracen_ecc_curve_is_weierstrass	0	static
C:/ncs/v3.1.1/nrf/subsys/nrf_security/src/drivers/cracen/cracenpsa/src/common.c:342:14:cracen_ecc_reduce_p256	40	static
C:/ncs/v3.1.1/nrf/subsys/nrf_security/src/drivers/cracen/cracenpsa/src/common.c:358:14:cracen_ecc_check_public_key	176	static
C:/ncs/v3.1.1/nrf/subsys/nrf_security/src/drivers/cracen/cracenpsa/src/common.c:433:6:cracen_xorbytes	4	static
C:/ncs/v3.1.1/nrf/subsys/nrf_security/src/drivers/cracen/cracenpsa/src/common.c:530:5:cracen_signature_asn1_get_operand	32	static
C:/ncs/v3.1.1/nrf/subsys/nrf_security/src/drivers/cracen/cracenpsa/src/common.c:560:5:cracen_signature_get_rsa_key	48	static
C:/ncs/v3.1.1/nrf/subsys/nrf_security/src/drivers/cracen/cracenpsa/src/common.c:801:14:cracen_load_keyref	24	static
C:/ncs/v3.1.1/nrf/subsys/nrf_security/src/drivers/cracen/cracenpsa/src/common.c:900:14:cracen_get_opaque_size	8	static
C:/ncs/v3.1.1/nrf/subsys/nrf_security/src/drivers/cracen/cracenpsa/src/common.c:929:6:cracen_be_add	0	static
C:/ncs/v3.1.1/nrf/subsys/nrf_security/src/drivers/cracen/cracenpsa/src/common.c:939:5:cracen_be_cmp	4	static
C:/ncs/v3.1.1/nrf/subsys/nrf_security/src/drivers/cracen/cracenpsa/src/common.c:391:14:rnd_in_range	32	static
C:/ncs/v3.1.1/nrf/subsys/nrf_security/src/drivers/cracen/cracenpsa/src/common.c:963:5:cracen_hash_all_inputs_with_context	24	static
C:/ncs/v3.1.1/nrf/subsys/nrf_security/src/drivers/cracen/cracenpsa/src/common.c:990:5:cracen_hash_all_inputs	256	static
C:/ncs/v3.1.1/nrf/subsys/nrf_security/src/drivers/cracen/cracenpsa/src/common.c:999:5:cracen_hash_input	24	static
C:/ncs/v3.1.1/nrf/subsys/nrf_security/src/drivers/cracen/cracenpsa/src/common.c:1005:5:cracen_hash_input_with_context	24	static
C:/ncs/v3.1.1/nrf/subsys/nrf_security/src/drivers/cracen/cracenpsa/src/common.c:1013:5:cracen_rsa_modexp	40	static
