C:/ncs/v3.1.1/modules/crypto/oberon-psa-crypto/include/psa/crypto_struct.h:396:20:psa_extend_key_usage_flags	0	static
C:/ncs/v3.1.1/nrf/subsys/nrf_security/src/drivers/cracen/cracenpsa/src/kmu.c:452:21:get_kmu_slot_count	0	static
C:/ncs/v3.1.1/nrf/subsys/nrf_security/src/drivers/cracen/cracenpsa/src/kmu.c:528:21:convert_to_psa_attributes	16	static
C:/ncs/v3.1.1/nrf/subsys/nrf_security/src/drivers/cracen/cracenpsa/src/kmu.c:344:13:is_secondary_slot	16	static
C:/ncs/v3.1.1/nrf/subsys/nrf_security/src/drivers/cracen/cracenpsa/src/kmu.c:352:21:read_primary_slot_metadata	8	static
C:/ncs/v3.1.1/nrf/subsys/nrf_security/src/drivers/cracen/cracenpsa/src/kmu.c:365:21:get_kmu_slot_id_and_metadata	8	static
C:/ncs/v3.1.1/nrf/subsys/nrf_security/src/drivers/cracen/cracenpsa/src/kmu.c:483:21:get_kmu_slot_id_and_count	24	static
C:/ncs/v3.1.1/nrf/subsys/nrf_security/src/drivers/cracen/cracenpsa/src/kmu.c:422:21:set_provisioning_in_progress	40	static
C:/ncs/v3.1.1/nrf/subsys/nrf_security/src/drivers/cracen/cracenpsa/src/kmu.c:386:21:clean_up_unfinished_provisioning	32	static
C:/ncs/v3.1.1/nrf/subsys/nrf_security/src/drivers/cracen/cracenpsa/src/kmu.c:444:21:end_provisioning	8	static
C:/ncs/v3.1.1/nrf/subsys/nrf_security/src/drivers/cracen/cracenpsa/src/kmu.c:708:21:convert_from_psa_attributes	8	static
C:/ncs/v3.1.1/nrf/subsys/nrf_security/src/drivers/cracen/cracenpsa/src/kmu.c:267:5:cracen_kmu_prepare_key	16	static
C:/ncs/v3.1.1/nrf/subsys/nrf_security/src/drivers/cracen/cracenpsa/src/kmu.c:1122:21:push_kmu_key_to_ram	24	static
C:/ncs/v3.1.1/nrf/subsys/nrf_security/src/drivers/cracen/cracenpsa/src/kmu.c:309:5:cracen_kmu_clean_key	8	static
C:/ncs/v3.1.1/nrf/subsys/nrf_security/src/drivers/cracen/cracenpsa/src/kmu.c:497:14:cracen_kmu_destroy_key	16	static
C:/ncs/v3.1.1/nrf/subsys/nrf_security/src/drivers/cracen/cracenpsa/src/kmu.c:940:14:cracen_kmu_provision	64	static
C:/ncs/v3.1.1/nrf/subsys/nrf_security/src/drivers/cracen/cracenpsa/src/kmu.c:216:14:cracen_provision_prot_ram_inv_data	72	static
C:/ncs/v3.1.1/nrf/subsys/nrf_security/src/drivers/cracen/cracenpsa/src/kmu.c:1072:14:cracen_kmu_get_key_slot	24	static
C:/ncs/v3.1.1/nrf/subsys/nrf_security/src/drivers/cracen/cracenpsa/src/kmu.c:1106:14:cracen_kmu_block	16	static
C:/ncs/v3.1.1/nrf/subsys/nrf_security/src/drivers/cracen/cracenpsa/src/kmu.c:1145:14:cracen_kmu_get_builtin_key	40	static
