C:/ncs/v3.1.1/modules/hal/nordic/nrfx/hal/nrf_saadc.h:1139:24:nrf_saadc_channel_pos_input_set	0	static
C:/ncs/v3.1.1/modules/hal/nordic/nrfx/hal/nrf_saadc.h:1130:24:nrf_saadc_channel_input_set	16	static
C:/ncs/v3.1.1/modules/hal/nordic/nrfx/hal/nrf_saadc.h:1351:24:nrf_saadc_channel_init	4	static
C:/ncs/v3.1.1/modules/hal/nordic/nrfx/haly/nrfy_saadc.h:726:25:__nrfy_internal_saadc_event_handle	4	static
C:/ncs/v3.1.1/modules/hal/nordic/nrfx/haly/nrfy_saadc.h:744:10:__nrfy_internal_saadc_events_process	32	static
C:/ncs/v3.1.1/modules/hal/nordic/nrfx/haly/nrfy_saadc.h:270:25:nrfy_saadc_sample_start	16	static
C:/ncs/v3.1.1/modules/hal/nordic/nrfx/haly/nrfy_saadc.h:324:25:nrfy_saadc_calibrate	8	static
C:/ncs/v3.1.1/modules/hal/nordic/nrfx/haly/nrfy_saadc.h:790:25:__nrfy_internal_saadc_buffer_latch	8	static
C:/ncs/v3.1.1/modules/hal/nordic/nrfx/haly/nrfy_saadc.h:803:25:__nrfy_internal_saadc_stop	8	static
C:/ncs/v3.1.1/modules/hal/nordic/nrfx/drivers/src/nrfx_saadc.c:126:19:saadc_channel_count_get	4	static
C:/ncs/v3.1.1/modules/hal/nordic/nrfx/drivers/src/nrfx_saadc.c:150:13:saadc_channel_config	16	static
C:/ncs/v3.1.1/modules/hal/nordic/nrfx/drivers/src/nrfx_saadc.c:186:13:saadc_busy_check	0	static
C:/ncs/v3.1.1/modules/hal/nordic/nrfx/drivers/src/nrfx_saadc.c:200:13:saadc_generic_mode_set	40	static
C:/ncs/v3.1.1/modules/hal/nordic/nrfx/drivers/src/nrfx_saadc.c:766:13:saadc_pre_calibration_state_restore	0	static
C:/ncs/v3.1.1/modules/hal/nordic/nrfx/drivers/src/nrfx_saadc.c:793:13:saadc_event_started_handle	24	static
C:/ncs/v3.1.1/modules/hal/nordic/nrfx/drivers/src/nrfx_saadc.c:841:13:saadc_event_end_handle	32	static
C:/ncs/v3.1.1/modules/hal/nordic/nrfx/drivers/src/nrfx_saadc.c:161:13:saadc_channels_deconfig	0	static
C:/ncs/v3.1.1/modules/hal/nordic/nrfx/drivers/src/nrfx_saadc.c:175:13:saadc_channels_disable	8	static
C:/ncs/v3.1.1/modules/hal/nordic/nrfx/drivers/src/nrfx_saadc.c:889:13:saadc_event_limits_handle	24	static
C:/ncs/v3.1.1/modules/hal/nordic/nrfx/haly/nrfy_saadc.h:141:25:nrfy_saadc_int_init	16	static
C:/ncs/v3.1.1/modules/hal/nordic/nrfx/drivers/src/nrfx_saadc.c:263:12:nrfx_saadc_init	16	static
C:/ncs/v3.1.1/modules/hal/nordic/nrfx/drivers/src/nrfx_saadc.c:324:6:nrfx_saadc_init_check	0	static
C:/ncs/v3.1.1/modules/hal/nordic/nrfx/drivers/src/nrfx_saadc.c:329:12:nrfx_saadc_channels_config	16	static
C:/ncs/v3.1.1/modules/hal/nordic/nrfx/drivers/src/nrfx_saadc.c:356:12:nrfx_saadc_channel_config	8	static
C:/ncs/v3.1.1/modules/hal/nordic/nrfx/drivers/src/nrfx_saadc.c:371:10:nrfx_saadc_channels_configured_get	0	static
C:/ncs/v3.1.1/modules/hal/nordic/nrfx/drivers/src/nrfx_saadc.c:378:12:nrfx_saadc_channels_deconfig	8	static
C:/ncs/v3.1.1/modules/hal/nordic/nrfx/drivers/src/nrfx_saadc.c:392:12:nrfx_saadc_simple_mode_set	40	static
C:/ncs/v3.1.1/modules/hal/nordic/nrfx/drivers/src/nrfx_saadc.c:434:12:nrfx_saadc_advanced_mode_set	48	static
C:/ncs/v3.1.1/modules/hal/nordic/nrfx/drivers/src/nrfx_saadc.c:498:12:nrfx_saadc_buffer_set	8	static
C:/ncs/v3.1.1/modules/hal/nordic/nrfx/drivers/src/nrfx_saadc.c:555:12:nrfx_saadc_mode_trigger	24	static
C:/ncs/v3.1.1/modules/hal/nordic/nrfx/drivers/src/nrfx_saadc.c:652:6:nrfx_saadc_abort	8	static
C:/ncs/v3.1.1/modules/hal/nordic/nrfx/drivers/src/nrfx_saadc.c:313:6:nrfx_saadc_uninit	16	static
C:/ncs/v3.1.1/modules/hal/nordic/nrfx/drivers/src/nrfx_saadc.c:669:12:nrfx_saadc_limits_set	8	static
C:/ncs/v3.1.1/modules/hal/nordic/nrfx/drivers/src/nrfx_saadc.c:719:12:nrfx_saadc_offset_calibrate	24	static
C:/ncs/v3.1.1/modules/hal/nordic/nrfx/drivers/src/nrfx_saadc.c:918:6:nrfx_saadc_irq_handler	16	static
