C:/ncs/v3.1.1/modules/hal/nordic/nrfx/hal/nrf_gpiote.h:872:24:nrf_gpiote_event_configure	4	static
C:/ncs/v3.1.1/modules/hal/nordic/nrfx/hal/nrf_gpiote.h:917:24:nrf_gpiote_task_configure	8	static
C:/ncs/v3.1.1/modules/hal/nordic/nrfx/haly/nrfy_gpiote.h:385:25:__nrfy_internal_gpiote_event_handle	4	static
C:/ncs/v3.1.1/modules/hal/nordic/nrfx/haly/nrfy_gpiote.h:402:29:__nrfy_internal_gpiote_events_process	32	static
C:/ncs/v3.1.1/modules/hal/nordic/nrfx/hal/nrf_gpio.h:968:35:nrf_gpio_pin_port_decode	0	static
C:/ncs/v3.1.1/modules/hal/nordic/nrfx/hal/nrf_gpio.h:1042:24:nrf_gpio_reconfigure	32	static
C:/ncs/v3.1.1/modules/hal/nordic/nrfx/hal/nrf_gpio.h:1129:24:nrf_gpio_cfg_default	16	static
C:/ncs/v3.1.1/modules/hal/nordic/nrfx/hal/nrf_gpio.h:1171:24:nrf_gpio_cfg_sense_set	24	static
C:/ncs/v3.1.1/modules/hal/nordic/nrfx/hal/nrf_gpio.h:1197:24:nrf_gpio_pin_set	16	static
C:/ncs/v3.1.1/modules/hal/nordic/nrfx/hal/nrf_gpio.h:1205:24:nrf_gpio_pin_clear	16	static
C:/ncs/v3.1.1/modules/hal/nordic/nrfx/hal/nrf_gpio.h:1213:24:nrf_gpio_pin_toggle	16	static
C:/ncs/v3.1.1/modules/hal/nordic/nrfx/hal/nrf_gpio.h:1250:28:nrf_gpio_pin_read	16	static
C:/ncs/v3.1.1/modules/hal/nordic/nrfx/hal/nrf_gpio.h:1270:40:nrf_gpio_pin_sense_get	16	static
C:/ncs/v3.1.1/modules/hal/nordic/nrfx/hal/nrf_gpio.h:1473:24:nrf_gpio_latches_read_and_clear	32	static
C:/ncs/v3.1.1/modules/hal/nordic/nrfx/hal/nrf_gpio.h:1499:24:nrf_gpio_pin_latch_clear	16	static
C:/ncs/v3.1.1/modules/hal/nordic/nrfx/hal/nrf_gpio.h:1540:24:nrf_gpio_pin_present_check	0	static
C:/ncs/v3.1.1/modules/hal/nordic/nrfx/drivers/src/nrfx_gpiote.c:285:16:get_pin_idx	0	static
C:/ncs/v3.1.1/modules/hal/nordic/nrfx/drivers/src/nrfx_gpiote.c:323:33:get_cb	0	static
C:/ncs/v3.1.1/modules/hal/nordic/nrfx/drivers/src/nrfx_gpiote.c:343:32:get_config	0	static
C:/ncs/v3.1.1/modules/hal/nordic/nrfx/drivers/src/nrfx_gpiote.c:362:13:pin_in_use	16	static
C:/ncs/v3.1.1/modules/hal/nordic/nrfx/drivers/src/nrfx_gpiote.c:376:13:pin_in_use_by_te	16	static
C:/ncs/v3.1.1/modules/hal/nordic/nrfx/drivers/src/nrfx_gpiote.c:388:13:pin_has_trigger	16	static
C:/ncs/v3.1.1/modules/hal/nordic/nrfx/drivers/src/nrfx_gpiote.c:404:13:pin_is_output	16	static
C:/ncs/v3.1.1/modules/hal/nordic/nrfx/drivers/src/nrfx_gpiote.c:416:13:pin_is_task_output	16	static
C:/ncs/v3.1.1/modules/hal/nordic/nrfx/drivers/src/nrfx_gpiote.c:428:13:pin_is_input	8	static
C:/ncs/v3.1.1/modules/hal/nordic/nrfx/drivers/src/nrfx_gpiote.c:434:30:gpiote_polarity_to_trigger	0	static
C:/ncs/v3.1.1/modules/hal/nordic/nrfx/drivers/src/nrfx_gpiote.c:440:30:gpiote_trigger_to_polarity	0	static
C:/ncs/v3.1.1/modules/hal/nordic/nrfx/drivers/src/nrfx_gpiote.c:446:16:pin_te_get	16	static
C:/ncs/v3.1.1/modules/hal/nordic/nrfx/drivers/src/nrfx_gpiote.c:451:13:is_level	0	static
C:/ncs/v3.1.1/modules/hal/nordic/nrfx/drivers/src/nrfx_gpiote.c:456:13:handler_in_use	16	static
C:/ncs/v3.1.1/modules/hal/nordic/nrfx/drivers/src/nrfx_gpiote.c:519:13:pin_trigger_disable	16	static
C:/ncs/v3.1.1/modules/hal/nordic/nrfx/drivers/src/nrfx_gpiote.c:540:27:pin_in_event_get	16	static
C:/ncs/v3.1.1/modules/hal/nordic/nrfx/drivers/src/nrfx_gpiote.c:554:16:find_handler	24	static
C:/ncs/v3.1.1/modules/hal/nordic/nrfx/drivers/src/nrfx_gpiote.c:607:36:get_initial_sense	16	static
C:/ncs/v3.1.1/modules/hal/nordic/nrfx/drivers/src/nrfx_gpiote.c:632:45:channel_handler_get	8	static
C:/ncs/v3.1.1/modules/hal/nordic/nrfx/drivers/src/nrfx_gpiote.c:778:19:gpiote_output_configure	40	static
C:/ncs/v3.1.1/modules/hal/nordic/nrfx/drivers/src/nrfx_gpiote.c:833:13:gpiote_global_callback_set	16	static
C:/ncs/v3.1.1/modules/hal/nordic/nrfx/drivers/src/nrfx_gpiote.c:841:19:gpiote_channel_get	16	static
C:/ncs/v3.1.1/modules/hal/nordic/nrfx/drivers/src/nrfx_gpiote.c:910:13:gpiote_init_check	8	static
C:/ncs/v3.1.1/modules/hal/nordic/nrfx/drivers/src/nrfx_gpiote.c:977:13:pin_out_set	8	static
C:/ncs/v3.1.1/modules/hal/nordic/nrfx/drivers/src/nrfx_gpiote.c:985:13:pin_out_clear	8	static
C:/ncs/v3.1.1/modules/hal/nordic/nrfx/drivers/src/nrfx_gpiote.c:993:13:pin_out_toggle	8	static
C:/ncs/v3.1.1/modules/hal/nordic/nrfx/drivers/src/nrfx_gpiote.c:1001:13:pin_out_task_enable	8	static
C:/ncs/v3.1.1/modules/hal/nordic/nrfx/drivers/src/nrfx_gpiote.c:1010:13:pin_out_task_disable	8	static
C:/ncs/v3.1.1/modules/hal/nordic/nrfx/drivers/src/nrfx_gpiote.c:1018:26:pin_out_task_get	8	static
C:/ncs/v3.1.1/modules/hal/nordic/nrfx/drivers/src/nrfx_gpiote.c:1026:17:pin_out_task_address_get	8	static
C:/ncs/v3.1.1/modules/hal/nordic/nrfx/drivers/src/nrfx_gpiote.c:1033:26:pin_set_task_get	8	static
C:/ncs/v3.1.1/modules/hal/nordic/nrfx/drivers/src/nrfx_gpiote.c:1041:17:pin_set_task_address_get	8	static
C:/ncs/v3.1.1/modules/hal/nordic/nrfx/drivers/src/nrfx_gpiote.c:1049:26:pin_clr_task_get	8	static
C:/ncs/v3.1.1/modules/hal/nordic/nrfx/drivers/src/nrfx_gpiote.c:1058:13:pin_out_task_force	16	static
C:/ncs/v3.1.1/modules/hal/nordic/nrfx/drivers/src/nrfx_gpiote.c:1070:13:pin_out_task_trigger	8	static
C:/ncs/v3.1.1/modules/hal/nordic/nrfx/drivers/src/nrfx_gpiote.c:1080:13:pin_set_task_trigger	8	static
C:/ncs/v3.1.1/modules/hal/nordic/nrfx/drivers/src/nrfx_gpiote.c:1092:13:pin_clr_task_trigger	8	static
C:/ncs/v3.1.1/modules/hal/nordic/nrfx/drivers/src/nrfx_gpiote.c:1103:13:pin_trigger_enable	16	static
C:/ncs/v3.1.1/modules/hal/nordic/nrfx/drivers/src/nrfx_gpiote.c:1500:13:call_handler	24	static
C:/ncs/v3.1.1/modules/hal/nordic/nrfx/drivers/src/nrfx_gpiote.c:1516:13:next_sense_cond_call_handler	24	static
C:/ncs/v3.1.1/modules/hal/nordic/nrfx/drivers/src/nrfx_gpiote.c:1555:13:latch_pending_read_and_check	24	static
C:/ncs/v3.1.1/modules/hal/nordic/nrfx/drivers/src/nrfx_gpiote.c:961:19:pin_channel_alloc	8	static
C:/ncs/v3.1.1/modules/hal/nordic/nrfx/drivers/src/nrfx_gpiote.c:470:13:release_handler	16	static
C:/ncs/v3.1.1/modules/hal/nordic/nrfx/drivers/src/nrfx_gpiote.c:571:19:pin_handler_set	32	static
C:/ncs/v3.1.1/modules/hal/nordic/nrfx/drivers/src/nrfx_gpiote.c:676:19:gpiote_input_configure	48	static
C:/ncs/v3.1.1/modules/hal/nordic/nrfx/drivers/src/nrfx_gpiote.c:498:13:pin_handler_trigger_uninit	16	static
C:/ncs/v3.1.1/modules/hal/nordic/nrfx/drivers/src/nrfx_gpiote.c:646:19:pin_uninit	16	static
C:/ncs/v3.1.1/modules/hal/nordic/nrfx/drivers/src/nrfx_gpiote.c:661:13:pin_cond_uninit	16	static
C:/ncs/v3.1.1/modules/hal/nordic/nrfx/drivers/src/nrfx_gpiote.c:915:13:gpiote_uninit	16	static
C:/ncs/v3.1.1/modules/hal/nordic/nrfx/drivers/src/nrfx_gpiote.c:948:19:pin_channel_free	8	static
C:/ncs/v3.1.1/modules/hal/nordic/nrfx/haly/nrfy_gpiote.h:80:25:nrfy_gpiote_int_init	16	static
C:/ncs/v3.1.1/modules/hal/nordic/nrfx/drivers/src/nrfx_gpiote.c:858:19:gpiote_init	32	static
C:/ncs/v3.1.1/modules/hal/nordic/nrfx/drivers/src/nrfx_gpiote.c:1575:13:port_event_handle	48	static
C:/ncs/v3.1.1/modules/hal/nordic/nrfx/drivers/src/nrfx_gpiote.c:1735:13:gpiote_evt_handle	24	static
C:/ncs/v3.1.1/modules/hal/nordic/nrfx/drivers/src/nrfx_gpiote.c:1750:13:irq_handler	24	static
C:/ncs/v3.1.1/modules/hal/nordic/nrfx/drivers/src/nrfx_gpiote.c:1138:6:nrfx_gpiote_in_is_set	8	static
C:/ncs/v3.1.1/modules/hal/nordic/nrfx/drivers/src/nrfx_gpiote.c:1146:12:nrfx_gpiote_input_configure	8	static
C:/ncs/v3.1.1/modules/hal/nordic/nrfx/drivers/src/nrfx_gpiote.c:1153:12:nrfx_gpiote_output_configure	8	static
C:/ncs/v3.1.1/modules/hal/nordic/nrfx/drivers/src/nrfx_gpiote.c:1161:6:nrfx_gpiote_global_callback_set	8	static
C:/ncs/v3.1.1/modules/hal/nordic/nrfx/drivers/src/nrfx_gpiote.c:1168:12:nrfx_gpiote_channel_get	8	static
C:/ncs/v3.1.1/modules/hal/nordic/nrfx/drivers/src/nrfx_gpiote.c:1175:10:nrfx_gpiote_channels_number_get	8	static
C:/ncs/v3.1.1/modules/hal/nordic/nrfx/drivers/src/nrfx_gpiote.c:1180:12:nrfx_gpiote_init	8	static
C:/ncs/v3.1.1/modules/hal/nordic/nrfx/drivers/src/nrfx_gpiote.c:1185:6:nrfx_gpiote_init_check	8	static
C:/ncs/v3.1.1/modules/hal/nordic/nrfx/drivers/src/nrfx_gpiote.c:1190:6:nrfx_gpiote_uninit	8	static
C:/ncs/v3.1.1/modules/hal/nordic/nrfx/drivers/src/nrfx_gpiote.c:1195:12:nrfx_gpiote_pin_uninit	8	static
C:/ncs/v3.1.1/modules/hal/nordic/nrfx/drivers/src/nrfx_gpiote.c:1200:12:nrfx_gpiote_channel_free	8	static
C:/ncs/v3.1.1/modules/hal/nordic/nrfx/drivers/src/nrfx_gpiote.c:1205:12:nrfx_gpiote_channel_alloc	8	static
C:/ncs/v3.1.1/modules/hal/nordic/nrfx/drivers/src/nrfx_gpiote.c:1210:6:nrfx_gpiote_out_set	8	static
C:/ncs/v3.1.1/modules/hal/nordic/nrfx/drivers/src/nrfx_gpiote.c:1215:6:nrfx_gpiote_out_clear	8	static
C:/ncs/v3.1.1/modules/hal/nordic/nrfx/drivers/src/nrfx_gpiote.c:1220:6:nrfx_gpiote_out_toggle	8	static
C:/ncs/v3.1.1/modules/hal/nordic/nrfx/drivers/src/nrfx_gpiote.c:1225:6:nrfx_gpiote_out_task_enable	8	static
C:/ncs/v3.1.1/modules/hal/nordic/nrfx/drivers/src/nrfx_gpiote.c:1230:6:nrfx_gpiote_out_task_disable	8	static
C:/ncs/v3.1.1/modules/hal/nordic/nrfx/drivers/src/nrfx_gpiote.c:1235:19:nrfx_gpiote_out_task_get	8	static
C:/ncs/v3.1.1/modules/hal/nordic/nrfx/drivers/src/nrfx_gpiote.c:1240:10:nrfx_gpiote_out_task_address_get	8	static
C:/ncs/v3.1.1/modules/hal/nordic/nrfx/drivers/src/nrfx_gpiote.c:1246:19:nrfx_gpiote_set_task_get	8	static
C:/ncs/v3.1.1/modules/hal/nordic/nrfx/drivers/src/nrfx_gpiote.c:1251:10:nrfx_gpiote_set_task_address_get	8	static
C:/ncs/v3.1.1/modules/hal/nordic/nrfx/drivers/src/nrfx_gpiote.c:1258:19:nrfx_gpiote_clr_task_get	8	static
C:/ncs/v3.1.1/modules/hal/nordic/nrfx/drivers/src/nrfx_gpiote.c:1263:10:nrfx_gpiote_clr_task_address_get	8	static
C:/ncs/v3.1.1/modules/hal/nordic/nrfx/drivers/src/nrfx_gpiote.c:1270:6:nrfx_gpiote_out_task_force	8	static
C:/ncs/v3.1.1/modules/hal/nordic/nrfx/drivers/src/nrfx_gpiote.c:1277:6:nrfx_gpiote_out_task_trigger	8	static
C:/ncs/v3.1.1/modules/hal/nordic/nrfx/drivers/src/nrfx_gpiote.c:1283:6:nrfx_gpiote_set_task_trigger	8	static
C:/ncs/v3.1.1/modules/hal/nordic/nrfx/drivers/src/nrfx_gpiote.c:1290:6:nrfx_gpiote_clr_task_trigger	8	static
C:/ncs/v3.1.1/modules/hal/nordic/nrfx/drivers/src/nrfx_gpiote.c:1296:6:nrfx_gpiote_trigger_enable	8	static
C:/ncs/v3.1.1/modules/hal/nordic/nrfx/drivers/src/nrfx_gpiote.c:1303:6:nrfx_gpiote_trigger_disable	8	static
C:/ncs/v3.1.1/modules/hal/nordic/nrfx/drivers/src/nrfx_gpiote.c:1308:20:nrfx_gpiote_in_event_get	8	static
C:/ncs/v3.1.1/modules/hal/nordic/nrfx/drivers/src/nrfx_gpiote.c:1314:10:nrfx_gpiote_in_event_address_get	8	static
C:/ncs/v3.1.1/modules/hal/nordic/nrfx/drivers/src/nrfx_gpiote.c:1780:1:nrfx_gpiote_20_irq_handler	8	static
C:/ncs/v3.1.1/modules/hal/nordic/nrfx/drivers/src/nrfx_gpiote.c:1780:1:nrfx_gpiote_30_irq_handler	8	static
