C:/ncs/v3.1.1/modules/hal/nordic/nrfx/haly/nrfy_rramc.h:112:25:nrfy_rramc_configure	0	static
C:/ncs/v3.1.1/modules/hal/nordic/nrfx/haly/nrfy_rramc.h:192:25:nrfy_rramc_byte_write	16	static
C:/ncs/v3.1.1/modules/hal/nordic/nrfx/haly/nrfy_rramc.h:220:25:nrfy_rramc_bytes_write	32	static
C:/ncs/v3.1.1/modules/hal/nordic/nrfx/haly/nrfy_rramc.h:266:25:nrfy_rramc_word_write	16	static
C:/ncs/v3.1.1/modules/hal/nordic/nrfx/haly/nrfy_rramc.h:294:25:nrfy_rramc_words_write	32	static
C:/ncs/v3.1.1/modules/hal/nordic/nrfx/haly/nrfy_rramc.h:609:25:nrfy_rramc_erase_all_set	8	static
C:/ncs/v3.1.1/modules/hal/nordic/nrfx/haly/nrfy_rramc.h:647:29:__nrfy_internal_rramc_events_process	0	static
C:/ncs/v3.1.1/modules/hal/nordic/nrfx/drivers/src/nrfx_rramc.c:172:19:rramc_configure	24	static
C:/ncs/v3.1.1/modules/hal/nordic/nrfx/drivers/src/nrfx_rramc.c:105:6:nrfx_rramc_all_erase	8	static
C:/ncs/v3.1.1/modules/hal/nordic/nrfx/drivers/src/nrfx_rramc.c:114:6:nrfx_rramc_byte_write	8	static
C:/ncs/v3.1.1/modules/hal/nordic/nrfx/drivers/src/nrfx_rramc.c:123:6:nrfx_rramc_bytes_write	8	static
C:/ncs/v3.1.1/modules/hal/nordic/nrfx/drivers/src/nrfx_rramc.c:133:6:nrfx_rramc_word_write	8	static
C:/ncs/v3.1.1/modules/hal/nordic/nrfx/drivers/src/nrfx_rramc.c:143:6:nrfx_rramc_words_write	8	static
C:/ncs/v3.1.1/modules/hal/nordic/nrfx/drivers/src/nrfx_rramc.c:155:6:nrfx_rramc_write_enable_set	8	static
C:/ncs/v3.1.1/modules/hal/nordic/nrfx/drivers/src/nrfx_rramc.c:164:6:nrfx_rramc_write_enable_check	8	static
C:/ncs/v3.1.1/modules/hal/nordic/nrfx/drivers/src/nrfx_rramc.c:198:12:nrfx_rramc_init	8	static
C:/ncs/v3.1.1/modules/hal/nordic/nrfx/drivers/src/nrfx_rramc.c:228:12:nrfx_rramc_reconfigure	8	static
C:/ncs/v3.1.1/modules/hal/nordic/nrfx/drivers/src/nrfx_rramc.c:245:6:nrfx_rramc_uninit	8	static
C:/ncs/v3.1.1/modules/hal/nordic/nrfx/drivers/src/nrfx_rramc.c:259:10:nrfx_rramc_memory_size_get	0	static
C:/ncs/v3.1.1/modules/hal/nordic/nrfx/drivers/src/nrfx_rramc.c:264:6:nrfx_rramc_write_buffer_commit	0	static
C:/ncs/v3.1.1/modules/hal/nordic/nrfx/drivers/src/nrfx_rramc.c:269:6:nrfx_rramc_wake_up	0	static
C:/ncs/v3.1.1/modules/hal/nordic/nrfx/drivers/src/nrfx_rramc.c:274:6:nrfx_rramc_write_buffer_empty_check	0	static
C:/ncs/v3.1.1/modules/hal/nordic/nrfx/drivers/src/nrfx_rramc.c:279:6:nrfx_rramc_irq_handler	8	static
