C:/ncs/v3.1.1/modules/hal/nordic/nrfx/haly/nrfy_grtc.h:220:25:nrfy_grtc_prepare	8	static
C:/ncs/v3.1.1/modules/hal/nordic/nrfx/haly/nrfy_grtc.h:276:25:nrfy_grtc_sys_counter_start	0	static
C:/ncs/v3.1.1/modules/hal/nordic/nrfx/drivers/src/nrfx_grtc.c:124:16:num_of_channels_get	0	static
C:/ncs/v3.1.1/modules/hal/nordic/nrfx/drivers/src/nrfx_grtc.c:137:17:allocated_channels_mask_get	0	static
C:/ncs/v3.1.1/modules/hal/nordic/nrfx/drivers/src/nrfx_grtc.c:142:17:used_channels_mask_get	0	static
C:/ncs/v3.1.1/modules/hal/nordic/nrfx/drivers/src/nrfx_grtc.c:148:13:is_syscounter_running	0	static
C:/ncs/v3.1.1/modules/hal/nordic/nrfx/drivers/src/nrfx_grtc.c:154:13:is_channel_used	8	static
C:/ncs/v3.1.1/modules/hal/nordic/nrfx/drivers/src/nrfx_grtc.c:159:13:is_channel_allocated	8	static
C:/ncs/v3.1.1/modules/hal/nordic/nrfx/drivers/src/nrfx_grtc.c:164:13:channel_used_mark	0	static
C:/ncs/v3.1.1/modules/hal/nordic/nrfx/drivers/src/nrfx_grtc.c:169:13:channel_used_unmark	0	static
C:/ncs/v3.1.1/modules/hal/nordic/nrfx/drivers/src/nrfx_grtc.c:174:13:is_channel_available	0	static
C:/ncs/v3.1.1/modules/hal/nordic/nrfx/drivers/src/nrfx_grtc.c:179:19:syscounter_check	8	static
C:/ncs/v3.1.1/modules/hal/nordic/nrfx/drivers/src/nrfx_grtc.c:203:13:cc_channel_prepare	8	static
C:/ncs/v3.1.1/modules/hal/nordic/nrfx/drivers/src/nrfx_grtc.c:217:13:sleep_configure	0	static
C:/ncs/v3.1.1/modules/hal/nordic/nrfx/drivers/src/nrfx_grtc.c:224:13:sleep_configuration_get	0	static
C:/ncs/v3.1.1/modules/hal/nordic/nrfx/drivers/src/nrfx_grtc.c:192:16:get_channel_for_ch_data_idx	0	static
C:/ncs/v3.1.1/modules/hal/nordic/nrfx/haly/nrfy_grtc.h:155:25:nrfy_grtc_int_init	16	static
C:/ncs/v3.1.1/modules/hal/nordic/nrfx/drivers/src/nrfx_grtc.c:937:13:grtc_irq_handler	24	static
C:/ncs/v3.1.1/modules/hal/nordic/nrfx/drivers/src/nrfx_grtc.c:255:6:nrfx_grtc_active_request_check	0	static
C:/ncs/v3.1.1/modules/hal/nordic/nrfx/drivers/src/nrfx_grtc.c:262:6:nrfx_grtc_active_request_set	0	static
C:/ncs/v3.1.1/modules/hal/nordic/nrfx/drivers/src/nrfx_grtc.c:269:6:nrfx_grtc_ready_check	0	static
C:/ncs/v3.1.1/modules/hal/nordic/nrfx/drivers/src/nrfx_grtc.c:276:12:nrfx_grtc_syscounter_get	8	static
C:/ncs/v3.1.1/modules/hal/nordic/nrfx/drivers/src/nrfx_grtc.c:288:6:nrfx_grtc_channel_callback_set	4	static
C:/ncs/v3.1.1/modules/hal/nordic/nrfx/drivers/src/nrfx_grtc.c:300:12:nrfx_grtc_channel_alloc	8	static
C:/ncs/v3.1.1/modules/hal/nordic/nrfx/drivers/src/nrfx_grtc.c:316:12:nrfx_grtc_channel_free	8	static
C:/ncs/v3.1.1/modules/hal/nordic/nrfx/drivers/src/nrfx_grtc.c:344:6:nrfx_grtc_is_channel_used	8	static
C:/ncs/v3.1.1/modules/hal/nordic/nrfx/drivers/src/nrfx_grtc.c:349:12:nrfx_grtc_init	32	static
C:/ncs/v3.1.1/modules/hal/nordic/nrfx/drivers/src/nrfx_grtc.c:407:12:nrfx_grtc_sleep_configure	8	static
C:/ncs/v3.1.1/modules/hal/nordic/nrfx/drivers/src/nrfx_grtc.c:425:12:nrfx_grtc_sleep_configuration_get	8	static
C:/ncs/v3.1.1/modules/hal/nordic/nrfx/drivers/src/nrfx_grtc.c:529:12:nrfx_grtc_syscounter_start	24	static
C:/ncs/v3.1.1/modules/hal/nordic/nrfx/drivers/src/nrfx_grtc.c:577:12:nrfx_grtc_action_perform	8	static
C:/ncs/v3.1.1/modules/hal/nordic/nrfx/drivers/src/nrfx_grtc.c:600:6:nrfx_grtc_uninit	16	static
C:/ncs/v3.1.1/modules/hal/nordic/nrfx/drivers/src/nrfx_grtc.c:642:6:nrfx_grtc_init_check	0	static
C:/ncs/v3.1.1/modules/hal/nordic/nrfx/drivers/src/nrfx_grtc.c:688:12:nrfx_grtc_syscounter_cc_disable	16	static
C:/ncs/v3.1.1/modules/hal/nordic/nrfx/drivers/src/nrfx_grtc.c:729:6:nrfx_grtc_syscounter_cc_abs_set	24	static
C:/ncs/v3.1.1/modules/hal/nordic/nrfx/drivers/src/nrfx_grtc.c:754:12:nrfx_grtc_syscounter_cc_absolute_set	24	static
C:/ncs/v3.1.1/modules/hal/nordic/nrfx/drivers/src/nrfx_grtc.c:787:6:nrfx_grtc_syscounter_cc_rel_set	12	static
C:/ncs/v3.1.1/modules/hal/nordic/nrfx/drivers/src/nrfx_grtc.c:800:12:nrfx_grtc_syscounter_cc_relative_set	24	static
C:/ncs/v3.1.1/modules/hal/nordic/nrfx/drivers/src/nrfx_grtc.c:839:12:nrfx_grtc_syscounter_cc_int_disable	16	static
C:/ncs/v3.1.1/modules/hal/nordic/nrfx/drivers/src/nrfx_grtc.c:864:12:nrfx_grtc_syscounter_cc_int_enable	16	static
C:/ncs/v3.1.1/modules/hal/nordic/nrfx/drivers/src/nrfx_grtc.c:881:6:nrfx_grtc_syscounter_cc_int_enable_check	0	static
C:/ncs/v3.1.1/modules/hal/nordic/nrfx/drivers/src/nrfx_grtc.c:888:12:nrfx_grtc_syscounter_capture	16	static
C:/ncs/v3.1.1/modules/hal/nordic/nrfx/drivers/src/nrfx_grtc.c:906:12:nrfx_grtc_syscounter_cc_value_read	16	static
C:/ncs/v3.1.1/modules/hal/nordic/nrfx/drivers/src/nrfx_grtc.c:1022:6:nrfx_grtc_irq_handler	8	static
