C:/ncs/v3.1.1/modules/hal/nordic/nrfx/hal/nrf_cracen_rng.h:188:24:nrf_cracen_rng_control_set	0	static
C:/ncs/v3.1.1/modules/hal/nordic/nrfx/drivers/src/nrfx_cracen.c:86:13:trng_init	8	static
C:/ncs/v3.1.1/modules/hal/nordic/nrfx/drivers/src/nrfx_cracen.c:119:21:trng_setup_conditioning_key	0	static
C:/ncs/v3.1.1/modules/hal/nordic/nrfx/drivers/src/nrfx_cracen.c:147:21:trng_get	16	static
C:/ncs/v3.1.1/modules/hal/nordic/nrfx/drivers/src/nrfx_cracen.c:221:21:trng_entropy_get	16	static
C:/ncs/v3.1.1/modules/hal/nordic/nrfx/drivers/src/nrfx_cracen.c:260:21:cm_done_check	0	static
C:/ncs/v3.1.1/modules/hal/nordic/nrfx/drivers/src/nrfx_cracen.c:306:21:cm_aes_ecb	72	static
C:/ncs/v3.1.1/modules/hal/nordic/nrfx/drivers/src/nrfx_cracen.c:383:20:be_incr	0	static
C:/ncs/v3.1.1/modules/hal/nordic/nrfx/drivers/src/nrfx_cracen.c:415:21:ctr_drbg_update	64	static
C:/ncs/v3.1.1/modules/hal/nordic/nrfx/drivers/src/nrfx_cracen.c:450:21:ctr_drbg_reseed	64	static
C:/ncs/v3.1.1/modules/hal/nordic/nrfx/drivers/src/nrfx_cracen.c:473:12:nrfx_cracen_ctr_drbg_init	8	static
C:/ncs/v3.1.1/modules/hal/nordic/nrfx/drivers/src/nrfx_cracen.c:494:6:nrfx_cracen_ctr_drbg_uninit	0	static
C:/ncs/v3.1.1/modules/hal/nordic/nrfx/drivers/src/nrfx_cracen.c:501:12:nrfx_cracen_ctr_drbg_random_get	40	static
