C:/ncs/v3.1.1/zephyr/include/zephyr/drivers/adc.h:742:19:adc_channel_setup_dt	8	static
C:/ncs/v3.1.1/zephyr/include/zephyr/drivers/gpio.h:870:19:z_impl_gpio_pin_interrupt_configure	16	static
C:/ncs/v3.1.1/zephyr/include/zephyr/drivers/gpio.h:977:19:z_impl_gpio_pin_configure	16	static
C:/ncs/v3.1.1/zephyr/include/zephyr/drivers/gpio.h:1045:19:gpio_pin_configure_dt	8	static
C:/ncs/v3.1.1/zephyr/include/zephyr/drivers/gpio.h:1629:19:gpio_pin_set_raw	8	static
C:/ncs/v3.1.1/zephyr/include/zephyr/drivers/gpio.h:1669:19:gpio_pin_set	8	static
C:/ncs/v3.1.1/zephyr/include/zephyr/drivers/gpio.h:1774:19:gpio_add_callback	8	static
C:/Users/44747/Documents/GitHub/IOT/CW_1/CW_1/src/main.c:146:20:state_to_string	0	static
C:/Users/44747/Documents/GitHub/IOT/CW_1/CW_1/src/main.c:157:20:led_to_string	0	static
C:/Users/44747/Documents/GitHub/IOT/CW_1/CW_1/src/main.c:192:13:environment_is_stable	0	static
C:/Users/44747/Documents/GitHub/IOT/CW_1/CW_1/src/main.c:197:13:update_drift_welford	4	static
C:/Users/44747/Documents/GitHub/IOT/CW_1/CW_1/src/main.c:399:6:ble_thread	16	static
C:/Users/44747/Documents/GitHub/IOT/CW_1/CW_1/src/main.c:523:6:led_thread	16	static
C:/ncs/v3.1.1/zephyr/include/zephyr/drivers/adc.h:964:20:adc_is_ready_dt	8	static
C:/ncs/v3.1.1/zephyr/include/zephyr/drivers/gpio.h:837:20:gpio_is_ready_dt	8	static
C:/ncs/v3.1.1/zephyr/include/zephyr/drivers/adc.h:867:19:adc_raw_to_millivolts	24	static
C:/ncs/v3.1.1/zephyr/include/zephyr/drivers/adc.h:895:19:adc_raw_to_millivolts_dt	8	static
C:/Users/44747/Documents/GitHub/IOT/CW_1/CW_1/src/main.c:226:12:acquire_sample	40	static
C:/Users/44747/Documents/GitHub/IOT/CW_1/CW_1/src/main.c:438:6:acquisition_thread	24	static
C:/Users/44747/Documents/GitHub/IOT/CW_1/CW_1/src/main.c:292:13:process_sample	8	static
C:/Users/44747/Documents/GitHub/IOT/CW_1/CW_1/src/main.c:463:6:logic_thread	32	static
C:/Users/44747/Documents/GitHub/IOT/CW_1/CW_1/src/main.c:354:13:report_status	128	static
C:/Users/44747/Documents/GitHub/IOT/CW_1/CW_1/src/main.c:479:6:reporting_thread	16	static
C:/Users/44747/Documents/GitHub/IOT/CW_1/CW_1/src/main.c:174:13:button_pressed	8	static
C:/Users/44747/Documents/GitHub/IOT/CW_1/CW_1/src/main.c:168:13:sample_timer_handler	8	static
C:/Users/44747/Documents/GitHub/IOT/CW_1/CW_1/src/main.c:566:5:main	16	static
