C:/ncs/v3.1.1/zephyr/drivers/timer/nrf_grtc_timer.c:129:13:compare_int_lock	16	static
C:/ncs/v3.1.1/zephyr/drivers/timer/nrf_grtc_timer.c:138:13:compare_int_unlock	8	static
C:/ncs/v3.1.1/zephyr/drivers/timer/nrf_grtc_timer.c:92:19:get_comparator	8	static
C:/ncs/v3.1.1/zephyr/drivers/timer/nrf_grtc_timer.c:247:12:compare_set_nolocks	32	static
C:/ncs/v3.1.1/zephyr/drivers/timer/nrf_grtc_timer.c:265:12:compare_set	32	static
C:/ncs/v3.1.1/zephyr/drivers/timer/nrf_grtc_timer.c:123:13:system_timeout_set_abs	16	static
C:/ncs/v3.1.1/zephyr/drivers/timer/nrf_grtc_timer.c:146:13:sys_clock_timeout_handler	24	static
C:/ncs/v3.1.1/zephyr/drivers/timer/nrf_grtc_timer.c:458:12:sys_clock_driver_init	16	static
C:/ncs/v3.1.1/zephyr/drivers/timer/nrf_grtc_timer.c:171:9:z_nrf_grtc_timer_chan_alloc	16	static
C:/ncs/v3.1.1/zephyr/drivers/timer/nrf_grtc_timer.c:188:6:z_nrf_grtc_timer_chan_free	8	static
C:/ncs/v3.1.1/zephyr/drivers/timer/nrf_grtc_timer.c:198:6:z_nrf_grtc_timer_compare_evt_check	0	static
C:/ncs/v3.1.1/zephyr/drivers/timer/nrf_grtc_timer.c:207:10:z_nrf_grtc_timer_compare_evt_address_get	0	static
C:/ncs/v3.1.1/zephyr/drivers/timer/nrf_grtc_timer.c:214:10:z_nrf_grtc_timer_capture_task_address_get	0	static
C:/ncs/v3.1.1/zephyr/drivers/timer/nrf_grtc_timer.c:221:10:z_nrf_grtc_timer_read	16	static
C:/ncs/v3.1.1/zephyr/drivers/timer/nrf_grtc_timer.c:226:6:z_nrf_grtc_timer_compare_int_lock	8	static
C:/ncs/v3.1.1/zephyr/drivers/timer/nrf_grtc_timer.c:233:6:z_nrf_grtc_timer_compare_int_unlock	8	static
C:/ncs/v3.1.1/zephyr/drivers/timer/nrf_grtc_timer.c:240:5:z_nrf_grtc_timer_compare_read	8	static
C:/ncs/v3.1.1/zephyr/drivers/timer/nrf_grtc_timer.c:276:5:z_nrf_grtc_timer_set	16	static
C:/ncs/v3.1.1/zephyr/drivers/timer/nrf_grtc_timer.c:284:6:z_nrf_grtc_timer_abort	16	static
C:/ncs/v3.1.1/zephyr/drivers/timer/nrf_grtc_timer.c:293:10:z_nrf_grtc_timer_get_ticks	24	static
C:/ncs/v3.1.1/zephyr/drivers/timer/nrf_grtc_timer.c:308:5:z_nrf_grtc_timer_capture_prepare	32	static
C:/ncs/v3.1.1/zephyr/drivers/timer/nrf_grtc_timer.c:332:5:z_nrf_grtc_timer_capture_read	16	static
C:/ncs/v3.1.1/zephyr/drivers/timer/nrf_grtc_timer.c:362:10:z_nrf_grtc_timer_startup_value_get	0	static
C:/ncs/v3.1.1/zephyr/drivers/timer/nrf_grtc_timer.c:431:10:sys_clock_cycle_get_32	16	static
C:/ncs/v3.1.1/zephyr/drivers/timer/nrf_grtc_timer.c:440:10:sys_clock_cycle_get_64	16	static
C:/ncs/v3.1.1/zephyr/drivers/timer/nrf_grtc_timer.c:449:10:sys_clock_elapsed	16	static
C:/ncs/v3.1.1/zephyr/drivers/timer/nrf_grtc_timer.c:546:6:sys_clock_set_timeout	24	static
