C:/ncs/v3.1.1/nrf/subsys/nrf_security/src/psa_crypto_driver_wrappers.c:157:14:psa_driver_wrapper_init	8	static
C:/ncs/v3.1.1/nrf/subsys/nrf_security/src/psa_crypto_driver_wrappers.c:186:6:psa_driver_wrapper_free	0	static
C:/ncs/v3.1.1/nrf/subsys/nrf_security/src/psa_crypto_driver_wrappers.c:192:14:psa_driver_wrapper_sign_message	32	static
C:/ncs/v3.1.1/nrf/subsys/nrf_security/src/psa_crypto_driver_wrappers.c:254:14:psa_driver_wrapper_verify_message	24	static
C:/ncs/v3.1.1/nrf/subsys/nrf_security/src/psa_crypto_driver_wrappers.c:317:14:psa_driver_wrapper_sign_hash	0	static
C:/ncs/v3.1.1/nrf/subsys/nrf_security/src/psa_crypto_driver_wrappers.c:382:14:psa_driver_wrapper_verify_hash	0	static
C:/ncs/v3.1.1/nrf/subsys/nrf_security/src/psa_crypto_driver_wrappers.c:462:1:psa_driver_wrapper_get_key_buffer_size_from_key_data	8	static
C:/ncs/v3.1.1/nrf/subsys/nrf_security/src/psa_crypto_driver_wrappers.c:501:14:psa_driver_wrapper_get_key_buffer_size	8	static
C:/ncs/v3.1.1/nrf/subsys/nrf_security/src/psa_crypto_driver_wrappers.c:529:14:psa_driver_wrapper_generate_key	8	static
C:/ncs/v3.1.1/nrf/subsys/nrf_security/src/psa_crypto_driver_wrappers.c:591:14:psa_driver_wrapper_import_key	32	static
C:/ncs/v3.1.1/nrf/subsys/nrf_security/src/psa_crypto_driver_wrappers.c:654:14:psa_driver_wrapper_export_key	16	static
C:/ncs/v3.1.1/nrf/subsys/nrf_security/src/psa_crypto_driver_wrappers.c:681:14:psa_driver_wrapper_export_public_key	16	static
C:/ncs/v3.1.1/nrf/subsys/nrf_security/src/psa_crypto_driver_wrappers.c:743:14:psa_driver_wrapper_get_builtin_key	24	static
C:/ncs/v3.1.1/nrf/subsys/nrf_security/src/psa_crypto_driver_wrappers.c:773:14:psa_driver_wrapper_copy_key	16	static
C:/ncs/v3.1.1/nrf/subsys/nrf_security/src/psa_crypto_driver_wrappers.c:798:14:psa_driver_wrapper_derive_key	0	static
C:/ncs/v3.1.1/nrf/subsys/nrf_security/src/psa_crypto_driver_wrappers.c:844:14:psa_driver_wrapper_cipher_encrypt	0	static
C:/ncs/v3.1.1/nrf/subsys/nrf_security/src/psa_crypto_driver_wrappers.c:924:14:psa_driver_wrapper_cipher_decrypt	0	static
C:/ncs/v3.1.1/nrf/subsys/nrf_security/src/psa_crypto_driver_wrappers.c:988:14:psa_driver_wrapper_cipher_encrypt_setup	0	static
C:/ncs/v3.1.1/nrf/subsys/nrf_security/src/psa_crypto_driver_wrappers.c:1054:14:psa_driver_wrapper_cipher_decrypt_setup	0	static
C:/ncs/v3.1.1/nrf/subsys/nrf_security/src/psa_crypto_driver_wrappers.c:1120:14:psa_driver_wrapper_cipher_set_iv	0	static
C:/ncs/v3.1.1/nrf/subsys/nrf_security/src/psa_crypto_driver_wrappers.c:1144:14:psa_driver_wrapper_cipher_update	0	static
C:/ncs/v3.1.1/nrf/subsys/nrf_security/src/psa_crypto_driver_wrappers.c:1176:14:psa_driver_wrapper_cipher_finish	0	static
C:/ncs/v3.1.1/nrf/subsys/nrf_security/src/psa_crypto_driver_wrappers.c:1204:14:psa_driver_wrapper_cipher_abort	0	static
C:/ncs/v3.1.1/nrf/subsys/nrf_security/src/psa_crypto_driver_wrappers.c:1239:14:psa_driver_wrapper_hash_compute	0	static
C:/ncs/v3.1.1/nrf/subsys/nrf_security/src/psa_crypto_driver_wrappers.c:1282:14:psa_driver_wrapper_hash_setup	0	static
C:/ncs/v3.1.1/nrf/subsys/nrf_security/src/psa_crypto_driver_wrappers.c:1331:14:psa_driver_wrapper_hash_clone	0	static
C:/ncs/v3.1.1/nrf/subsys/nrf_security/src/psa_crypto_driver_wrappers.c:1359:14:psa_driver_wrapper_hash_update	0	static
C:/ncs/v3.1.1/nrf/subsys/nrf_security/src/psa_crypto_driver_wrappers.c:1382:14:psa_driver_wrapper_hash_finish	0	static
C:/ncs/v3.1.1/nrf/subsys/nrf_security/src/psa_crypto_driver_wrappers.c:1409:14:psa_driver_wrapper_hash_abort	0	static
C:/ncs/v3.1.1/nrf/subsys/nrf_security/src/psa_crypto_driver_wrappers.c:1429:14:psa_driver_wrapper_aead_encrypt	0	static
C:/ncs/v3.1.1/nrf/subsys/nrf_security/src/psa_crypto_driver_wrappers.c:1503:14:psa_driver_wrapper_aead_decrypt	0	static
C:/ncs/v3.1.1/nrf/subsys/nrf_security/src/psa_crypto_driver_wrappers.c:1583:14:psa_driver_wrapper_aead_encrypt_setup	0	static
C:/ncs/v3.1.1/nrf/subsys/nrf_security/src/psa_crypto_driver_wrappers.c:1650:14:psa_driver_wrapper_aead_decrypt_setup	0	static
C:/ncs/v3.1.1/nrf/subsys/nrf_security/src/psa_crypto_driver_wrappers.c:1719:14:psa_driver_wrapper_aead_set_nonce	0	static
C:/ncs/v3.1.1/nrf/subsys/nrf_security/src/psa_crypto_driver_wrappers.c:1745:14:psa_driver_wrapper_aead_set_lengths	0	static
C:/ncs/v3.1.1/nrf/subsys/nrf_security/src/psa_crypto_driver_wrappers.c:1772:14:psa_driver_wrapper_aead_update_ad	0	static
C:/ncs/v3.1.1/nrf/subsys/nrf_security/src/psa_crypto_driver_wrappers.c:1798:14:psa_driver_wrapper_aead_update	0	static
C:/ncs/v3.1.1/nrf/subsys/nrf_security/src/psa_crypto_driver_wrappers.c:1830:14:psa_driver_wrapper_aead_finish	0	static
C:/ncs/v3.1.1/nrf/subsys/nrf_security/src/psa_crypto_driver_wrappers.c:1866:14:psa_driver_wrapper_aead_verify	0	static
C:/ncs/v3.1.1/nrf/subsys/nrf_security/src/psa_crypto_driver_wrappers.c:1898:14:psa_driver_wrapper_aead_abort	0	static
C:/ncs/v3.1.1/nrf/subsys/nrf_security/src/psa_crypto_driver_wrappers.c:1921:14:psa_driver_wrapper_mac_compute	0	static
C:/ncs/v3.1.1/nrf/subsys/nrf_security/src/psa_crypto_driver_wrappers.c:1987:14:psa_driver_wrapper_mac_sign_setup	0	static
C:/ncs/v3.1.1/nrf/subsys/nrf_security/src/psa_crypto_driver_wrappers.c:2054:14:psa_driver_wrapper_mac_verify_setup	0	static
C:/ncs/v3.1.1/nrf/subsys/nrf_security/src/psa_crypto_driver_wrappers.c:2120:14:psa_driver_wrapper_mac_update	0	static
C:/ncs/v3.1.1/nrf/subsys/nrf_security/src/psa_crypto_driver_wrappers.c:2143:14:psa_driver_wrapper_mac_sign_finish	0	static
C:/ncs/v3.1.1/nrf/subsys/nrf_security/src/psa_crypto_driver_wrappers.c:2178:14:psa_driver_wrapper_mac_verify_finish	0	static
C:/ncs/v3.1.1/nrf/subsys/nrf_security/src/psa_crypto_driver_wrappers.c:2210:14:psa_driver_wrapper_mac_abort	0	static
C:/ncs/v3.1.1/nrf/subsys/nrf_security/src/psa_crypto_driver_wrappers.c:2233:14:psa_driver_wrapper_key_derivation_setup	0	static
C:/ncs/v3.1.1/nrf/subsys/nrf_security/src/psa_crypto_driver_wrappers.c:2263:1:psa_driver_wrapper_key_derivation_set_capacity	0	static
C:/ncs/v3.1.1/nrf/subsys/nrf_security/src/psa_crypto_driver_wrappers.c:2283:1:psa_driver_wrapper_key_derivation_input_bytes	0	static
C:/ncs/v3.1.1/nrf/subsys/nrf_security/src/psa_crypto_driver_wrappers.c:2307:14:psa_driver_wrapper_key_derivation_input_key	0	static
C:/ncs/v3.1.1/nrf/subsys/nrf_security/src/psa_crypto_driver_wrappers.c:2333:1:psa_driver_wrapper_key_derivation_input_integer	0	static
C:/ncs/v3.1.1/nrf/subsys/nrf_security/src/psa_crypto_driver_wrappers.c:2356:1:psa_driver_wrapper_key_derivation_output_bytes	0	static
C:/ncs/v3.1.1/nrf/subsys/nrf_security/src/psa_crypto_driver_wrappers.c:2378:14:psa_driver_wrapper_key_derivation_abort	0	static
C:/ncs/v3.1.1/nrf/subsys/nrf_security/src/psa_crypto_driver_wrappers.c:2398:14:psa_driver_wrapper_key_agreement	0	static
C:/ncs/v3.1.1/nrf/subsys/nrf_security/src/psa_crypto_driver_wrappers.c:2461:14:psa_driver_wrapper_key_encapsulate	0	static
C:/ncs/v3.1.1/nrf/subsys/nrf_security/src/psa_crypto_driver_wrappers.c:2495:14:psa_driver_wrapper_key_decapsulate	0	static
C:/ncs/v3.1.1/nrf/subsys/nrf_security/src/psa_crypto_driver_wrappers.c:2533:14:psa_driver_wrapper_pake_setup	0	static
C:/ncs/v3.1.1/nrf/subsys/nrf_security/src/psa_crypto_driver_wrappers.c:2576:14:psa_driver_wrapper_pake_set_role	0	static
C:/ncs/v3.1.1/nrf/subsys/nrf_security/src/psa_crypto_driver_wrappers.c:2594:14:psa_driver_wrapper_pake_set_user	0	static
C:/ncs/v3.1.1/nrf/subsys/nrf_security/src/psa_crypto_driver_wrappers.c:2616:14:psa_driver_wrapper_pake_set_peer	0	static
C:/ncs/v3.1.1/nrf/subsys/nrf_security/src/psa_crypto_driver_wrappers.c:2638:14:psa_driver_wrapper_pake_set_context	0	static
C:/ncs/v3.1.1/nrf/subsys/nrf_security/src/psa_crypto_driver_wrappers.c:2660:14:psa_driver_wrapper_pake_output	0	static
C:/ncs/v3.1.1/nrf/subsys/nrf_security/src/psa_crypto_driver_wrappers.c:2685:14:psa_driver_wrapper_pake_input	0	static
C:/ncs/v3.1.1/nrf/subsys/nrf_security/src/psa_crypto_driver_wrappers.c:2708:14:psa_driver_wrapper_pake_get_shared_key	0	static
C:/ncs/v3.1.1/nrf/subsys/nrf_security/src/psa_crypto_driver_wrappers.c:2734:14:psa_driver_wrapper_pake_abort	0	static
C:/ncs/v3.1.1/nrf/subsys/nrf_security/src/psa_crypto_driver_wrappers.c:2756:14:psa_driver_wrapper_asymmetric_encrypt	0	static
C:/ncs/v3.1.1/nrf/subsys/nrf_security/src/psa_crypto_driver_wrappers.c:2816:14:psa_driver_wrapper_asymmetric_decrypt	0	static
C:/ncs/v3.1.1/nrf/subsys/nrf_security/src/psa_crypto_driver_wrappers.c:2876:14:psa_driver_wrapper_init_random	8	static
C:/ncs/v3.1.1/nrf/subsys/nrf_security/src/psa_crypto_driver_wrappers.c:2896:14:psa_driver_wrapper_wrap_key	0	static
C:/ncs/v3.1.1/nrf/subsys/nrf_security/src/psa_crypto_driver_wrappers.c:2930:14:psa_driver_wrapper_unwrap_key	0	static
C:/ncs/v3.1.1/nrf/subsys/nrf_security/src/psa_crypto_driver_wrappers.c:2965:14:psa_driver_wrapper_get_random	8	static
C:/ncs/v3.1.1/nrf/subsys/nrf_security/src/psa_crypto_driver_wrappers.c:3013:14:psa_driver_wrapper_free_random	8	static
C:/ncs/v3.1.1/nrf/subsys/nrf_security/src/psa_crypto_driver_wrappers.c:3029:14:psa_driver_wrapper_get_entropy	0	static
C:/ncs/v3.1.1/nrf/subsys/nrf_security/src/psa_crypto_driver_wrappers.c:3043:14:psa_driver_wrapper_destroy_builtin_key	8	static
