C:/ncs/v3.1.1/zephyr/lib/net_buf/buf.c:57:12:pool_id	0	static
C:/ncs/v3.1.1/zephyr/lib/net_buf/buf.c:72:31:pool_get_uninit	16	static
C:/ncs/v3.1.1/zephyr/lib/net_buf/buf.c:96:17:generic_data_ref	0	static
C:/ncs/v3.1.1/zephyr/lib/net_buf/buf.c:159:13:fixed_data_unref	0	static
C:/ncs/v3.1.1/zephyr/lib/net_buf/buf.c:48:22:net_buf_pool_get	0	static
C:/ncs/v3.1.1/zephyr/lib/net_buf/buf.c:127:13:mem_pool_data_unref	8	static
C:/ncs/v3.1.1/zephyr/lib/net_buf/buf.c:106:17:mem_pool_data_alloc	16	static
C:/ncs/v3.1.1/zephyr/lib/net_buf/buf.c:211:17:data_alloc	24	static
C:/ncs/v3.1.1/zephyr/include/zephyr/net_buf.h:1435:20:net_buf_destroy	16	static
C:/ncs/v3.1.1/zephyr/lib/net_buf/buf.c:218:17:data_ref	16	static
C:/ncs/v3.1.1/zephyr/lib/net_buf/buf.c:62:5:net_buf_id	8	static
C:/ncs/v3.1.1/zephyr/lib/net_buf/buf.c:148:17:fixed_data_alloc	16	static
C:/ncs/v3.1.1/zephyr/lib/net_buf/buf.c:88:6:net_buf_reset	0	static
C:/ncs/v3.1.1/zephyr/lib/net_buf/buf.c:230:17:net_buf_alloc_len	48	static
C:/ncs/v3.1.1/zephyr/lib/net_buf/buf.c:356:17:net_buf_alloc_fixed	8	static
C:/ncs/v3.1.1/zephyr/lib/net_buf/buf.c:369:17:net_buf_alloc_with_data	16	static
C:/ncs/v3.1.1/zephyr/lib/net_buf/buf.c:393:6:net_buf_slist_put	0	static
C:/ncs/v3.1.1/zephyr/lib/net_buf/buf.c:405:17:net_buf_slist_get	0	static
C:/ncs/v3.1.1/zephyr/lib/net_buf/buf.c:424:6:net_buf_unref	16	static
C:/ncs/v3.1.1/zephyr/lib/net_buf/buf.c:467:17:net_buf_ref	0	static
C:/ncs/v3.1.1/zephyr/lib/net_buf/buf.c:477:17:net_buf_clone	48	static
C:/ncs/v3.1.1/zephyr/lib/net_buf/buf.c:524:5:net_buf_user_data_copy	8	static
C:/ncs/v3.1.1/zephyr/lib/net_buf/buf.c:542:17:net_buf_frag_last	0	static
C:/ncs/v3.1.1/zephyr/lib/net_buf/buf.c:553:6:net_buf_frag_insert	16	static
C:/ncs/v3.1.1/zephyr/lib/net_buf/buf.c:565:17:net_buf_frag_add	16	static
C:/ncs/v3.1.1/zephyr/lib/net_buf/buf.c:583:17:net_buf_frag_del	8	static
C:/ncs/v3.1.1/zephyr/lib/net_buf/buf.c:609:8:net_buf_linearize	24	static
C:/ncs/v3.1.1/zephyr/lib/net_buf/buf.c:649:8:net_buf_append_bytes	40	static
C:/ncs/v3.1.1/zephyr/lib/net_buf/buf.c:696:8:net_buf_data_match	20	static
