C:/ncs/v3.1.1/zephyr/include/zephyr/sys/byteorder.h:397:20:sys_put_be64	0	static
C:/ncs/v3.1.1/zephyr/include/zephyr/sys/byteorder.h:487:20:sys_put_le64	0	static
C:/ncs/v3.1.1/zephyr/lib/net_buf/buf_simple.c:32:6:net_buf_simple_init_with_data	0	static
C:/ncs/v3.1.1/zephyr/lib/net_buf/buf_simple.c:41:6:net_buf_simple_reserve	0	static
C:/ncs/v3.1.1/zephyr/lib/net_buf/buf_simple.c:50:6:net_buf_simple_clone	0	static
C:/ncs/v3.1.1/zephyr/lib/net_buf/buf_simple.c:56:7:net_buf_simple_add	0	static
C:/ncs/v3.1.1/zephyr/lib/net_buf/buf_simple.c:68:7:net_buf_simple_add_mem	16	static
C:/ncs/v3.1.1/zephyr/lib/net_buf/buf_simple.c:76:10:net_buf_simple_add_u8	8	static
C:/ncs/v3.1.1/zephyr/lib/net_buf/buf_simple.c:88:6:net_buf_simple_add_le16	8	static
C:/ncs/v3.1.1/zephyr/lib/net_buf/buf_simple.c:95:6:net_buf_simple_add_be16	8	static
C:/ncs/v3.1.1/zephyr/lib/net_buf/buf_simple.c:102:6:net_buf_simple_add_le24	8	static
C:/ncs/v3.1.1/zephyr/lib/net_buf/buf_simple.c:109:6:net_buf_simple_add_be24	8	static
C:/ncs/v3.1.1/zephyr/lib/net_buf/buf_simple.c:116:6:net_buf_simple_add_le32	8	static
C:/ncs/v3.1.1/zephyr/lib/net_buf/buf_simple.c:123:6:net_buf_simple_add_be32	8	static
C:/ncs/v3.1.1/zephyr/lib/net_buf/buf_simple.c:130:6:net_buf_simple_add_le40	16	static
C:/ncs/v3.1.1/zephyr/lib/net_buf/buf_simple.c:137:6:net_buf_simple_add_be40	16	static
C:/ncs/v3.1.1/zephyr/lib/net_buf/buf_simple.c:144:6:net_buf_simple_add_le48	16	static
C:/ncs/v3.1.1/zephyr/lib/net_buf/buf_simple.c:151:6:net_buf_simple_add_be48	16	static
C:/ncs/v3.1.1/zephyr/lib/net_buf/buf_simple.c:158:6:net_buf_simple_add_le64	16	static
C:/ncs/v3.1.1/zephyr/lib/net_buf/buf_simple.c:165:6:net_buf_simple_add_be64	16	static
C:/ncs/v3.1.1/zephyr/lib/net_buf/buf_simple.c:172:7:net_buf_simple_remove_mem	0	static
C:/ncs/v3.1.1/zephyr/lib/net_buf/buf_simple.c:182:9:net_buf_simple_remove_u8	8	static
C:/ncs/v3.1.1/zephyr/lib/net_buf/buf_simple.c:193:10:net_buf_simple_remove_le16	8	static
C:/ncs/v3.1.1/zephyr/lib/net_buf/buf_simple.c:204:10:net_buf_simple_remove_be16	8	static
C:/ncs/v3.1.1/zephyr/lib/net_buf/buf_simple.c:215:10:net_buf_simple_remove_le24	16	static
C:/ncs/v3.1.1/zephyr/lib/net_buf/buf_simple.c:228:10:net_buf_simple_remove_be24	16	static
C:/ncs/v3.1.1/zephyr/lib/net_buf/buf_simple.c:241:10:net_buf_simple_remove_le32	8	static
C:/ncs/v3.1.1/zephyr/lib/net_buf/buf_simple.c:252:10:net_buf_simple_remove_be32	8	static
C:/ncs/v3.1.1/zephyr/lib/net_buf/buf_simple.c:263:10:net_buf_simple_remove_le40	24	static
C:/ncs/v3.1.1/zephyr/lib/net_buf/buf_simple.c:276:10:net_buf_simple_remove_be40	24	static
C:/ncs/v3.1.1/zephyr/lib/net_buf/buf_simple.c:289:10:net_buf_simple_remove_le48	24	static
C:/ncs/v3.1.1/zephyr/lib/net_buf/buf_simple.c:302:10:net_buf_simple_remove_be48	24	static
C:/ncs/v3.1.1/zephyr/lib/net_buf/buf_simple.c:315:10:net_buf_simple_remove_le64	8	static
C:/ncs/v3.1.1/zephyr/lib/net_buf/buf_simple.c:326:10:net_buf_simple_remove_be64	8	static
C:/ncs/v3.1.1/zephyr/lib/net_buf/buf_simple.c:337:7:net_buf_simple_push	0	static
C:/ncs/v3.1.1/zephyr/lib/net_buf/buf_simple.c:348:7:net_buf_simple_push_mem	16	static
C:/ncs/v3.1.1/zephyr/lib/net_buf/buf_simple.c:356:6:net_buf_simple_push_le16	8	static
C:/ncs/v3.1.1/zephyr/lib/net_buf/buf_simple.c:363:6:net_buf_simple_push_be16	8	static
C:/ncs/v3.1.1/zephyr/lib/net_buf/buf_simple.c:370:6:net_buf_simple_push_u8	8	static
C:/ncs/v3.1.1/zephyr/lib/net_buf/buf_simple.c:377:6:net_buf_simple_push_le24	8	static
C:/ncs/v3.1.1/zephyr/lib/net_buf/buf_simple.c:384:6:net_buf_simple_push_be24	8	static
C:/ncs/v3.1.1/zephyr/lib/net_buf/buf_simple.c:391:6:net_buf_simple_push_le32	8	static
C:/ncs/v3.1.1/zephyr/lib/net_buf/buf_simple.c:398:6:net_buf_simple_push_be32	8	static
C:/ncs/v3.1.1/zephyr/lib/net_buf/buf_simple.c:405:6:net_buf_simple_push_le40	16	static
C:/ncs/v3.1.1/zephyr/lib/net_buf/buf_simple.c:412:6:net_buf_simple_push_be40	16	static
C:/ncs/v3.1.1/zephyr/lib/net_buf/buf_simple.c:419:6:net_buf_simple_push_le48	16	static
C:/ncs/v3.1.1/zephyr/lib/net_buf/buf_simple.c:426:6:net_buf_simple_push_be48	16	static
C:/ncs/v3.1.1/zephyr/lib/net_buf/buf_simple.c:433:6:net_buf_simple_push_le64	16	static
C:/ncs/v3.1.1/zephyr/lib/net_buf/buf_simple.c:440:6:net_buf_simple_push_be64	16	static
C:/ncs/v3.1.1/zephyr/lib/net_buf/buf_simple.c:447:7:net_buf_simple_pull	0	static
C:/ncs/v3.1.1/zephyr/lib/net_buf/buf_simple.c:457:7:net_buf_simple_pull_mem	0	static
C:/ncs/v3.1.1/zephyr/lib/net_buf/buf_simple.c:471:9:net_buf_simple_pull_u8	8	static
C:/ncs/v3.1.1/zephyr/lib/net_buf/buf_simple.c:481:10:net_buf_simple_pull_le16	8	static
C:/ncs/v3.1.1/zephyr/lib/net_buf/buf_simple.c:491:10:net_buf_simple_pull_be16	8	static
C:/ncs/v3.1.1/zephyr/lib/net_buf/buf_simple.c:501:10:net_buf_simple_pull_le24	16	static
C:/ncs/v3.1.1/zephyr/lib/net_buf/buf_simple.c:513:10:net_buf_simple_pull_be24	16	static
C:/ncs/v3.1.1/zephyr/lib/net_buf/buf_simple.c:525:10:net_buf_simple_pull_le32	8	static
C:/ncs/v3.1.1/zephyr/lib/net_buf/buf_simple.c:535:10:net_buf_simple_pull_be32	8	static
C:/ncs/v3.1.1/zephyr/lib/net_buf/buf_simple.c:545:10:net_buf_simple_pull_le40	24	static
C:/ncs/v3.1.1/zephyr/lib/net_buf/buf_simple.c:557:10:net_buf_simple_pull_be40	24	static
C:/ncs/v3.1.1/zephyr/lib/net_buf/buf_simple.c:569:10:net_buf_simple_pull_le48	24	static
C:/ncs/v3.1.1/zephyr/lib/net_buf/buf_simple.c:581:10:net_buf_simple_pull_be48	24	static
C:/ncs/v3.1.1/zephyr/lib/net_buf/buf_simple.c:593:10:net_buf_simple_pull_le64	16	static
C:/ncs/v3.1.1/zephyr/lib/net_buf/buf_simple.c:603:10:net_buf_simple_pull_be64	16	static
C:/ncs/v3.1.1/zephyr/lib/net_buf/buf_simple.c:613:8:net_buf_simple_headroom	0	static
C:/ncs/v3.1.1/zephyr/lib/net_buf/buf_simple.c:618:8:net_buf_simple_tailroom	16	static
C:/ncs/v3.1.1/zephyr/lib/net_buf/buf_simple.c:623:10:net_buf_simple_max_len	8	static
