C:/ncs/v3.1.1/nrf/subsys/nrf_security/src/drivers/cracen/sxsymcrypt/src/blkcipher.c:81:5:sx_blkcipher_free	16	static
C:/ncs/v3.1.1/nrf/subsys/nrf_security/src/drivers/cracen/sxsymcrypt/src/blkcipher.c:92:12:sx_blkcipher_hw_reserve	24	static
C:/ncs/v3.1.1/nrf/subsys/nrf_security/src/drivers/cracen/sxsymcrypt/src/blkcipher.c:122:12:sx_blkcipher_create_aesxts	24	static
C:/ncs/v3.1.1/nrf/subsys/nrf_security/src/drivers/cracen/sxsymcrypt/src/blkcipher.c:196:12:sx_blkcipher_create_aes_ba411	24	static
C:/ncs/v3.1.1/nrf/subsys/nrf_security/src/drivers/cracen/sxsymcrypt/src/blkcipher.c:166:5:sx_blkcipher_create_aesxts_enc	8	static
C:/ncs/v3.1.1/nrf/subsys/nrf_security/src/drivers/cracen/sxsymcrypt/src/blkcipher.c:181:5:sx_blkcipher_create_aesxts_dec	8	static
C:/ncs/v3.1.1/nrf/subsys/nrf_security/src/drivers/cracen/sxsymcrypt/src/blkcipher.c:233:5:sx_blkcipher_create_aesctr_enc	16	static
C:/ncs/v3.1.1/nrf/subsys/nrf_security/src/drivers/cracen/sxsymcrypt/src/blkcipher.c:239:5:sx_blkcipher_create_aesctr_dec	16	static
C:/ncs/v3.1.1/nrf/subsys/nrf_security/src/drivers/cracen/sxsymcrypt/src/blkcipher.c:245:5:sx_blkcipher_create_aesecb_enc	16	static
C:/ncs/v3.1.1/nrf/subsys/nrf_security/src/drivers/cracen/sxsymcrypt/src/blkcipher.c:251:5:sx_blkcipher_create_aesecb_dec	16	static
C:/ncs/v3.1.1/nrf/subsys/nrf_security/src/drivers/cracen/sxsymcrypt/src/blkcipher.c:256:5:sx_blkcipher_create_aescbc_enc	16	static
C:/ncs/v3.1.1/nrf/subsys/nrf_security/src/drivers/cracen/sxsymcrypt/src/blkcipher.c:262:5:sx_blkcipher_create_aescbc_dec	16	static
C:/ncs/v3.1.1/nrf/subsys/nrf_security/src/drivers/cracen/sxsymcrypt/src/blkcipher.c:268:5:sx_blkcipher_crypt	8	static
C:/ncs/v3.1.1/nrf/subsys/nrf_security/src/drivers/cracen/sxsymcrypt/src/blkcipher.c:284:5:sx_blkcipher_run	8	static
C:/ncs/v3.1.1/nrf/subsys/nrf_security/src/drivers/cracen/sxsymcrypt/src/blkcipher.c:306:5:sx_blkcipher_resume_state	16	static
C:/ncs/v3.1.1/nrf/subsys/nrf_security/src/drivers/cracen/sxsymcrypt/src/blkcipher.c:340:5:sx_blkcipher_save_state	8	static
C:/ncs/v3.1.1/nrf/subsys/nrf_security/src/drivers/cracen/sxsymcrypt/src/blkcipher.c:367:5:sx_blkcipher_status	16	static
C:/ncs/v3.1.1/nrf/subsys/nrf_security/src/drivers/cracen/sxsymcrypt/src/blkcipher.c:387:5:sx_blkcipher_wait	8	static
C:/ncs/v3.1.1/nrf/subsys/nrf_security/src/drivers/cracen/sxsymcrypt/src/blkcipher.c:398:5:sx_blkcipher_ecb_simple	96	static
