C:/ncs/v3.1.1/nrf/subsys/nrf_security/src/drivers/cracen/sxsymcrypt/src/hmac.c:49:12:sx_hash_create_hmac_ba413	24	static
C:/ncs/v3.1.1/nrf/subsys/nrf_security/src/drivers/cracen/sxsymcrypt/src/hmac.c:115:12:sx_hash_create_hmac_ba418	24	static
C:/ncs/v3.1.1/nrf/subsys/nrf_security/src/drivers/cracen/sxsymcrypt/src/hmac.c:85:5:sx_mac_create_hmac_sha2_256	8	static
C:/ncs/v3.1.1/nrf/subsys/nrf_security/src/drivers/cracen/sxsymcrypt/src/hmac.c:90:5:sx_mac_create_hmac_sha2_384	8	static
C:/ncs/v3.1.1/nrf/subsys/nrf_security/src/drivers/cracen/sxsymcrypt/src/hmac.c:95:5:sx_mac_create_hmac_sha2_512	8	static
C:/ncs/v3.1.1/nrf/subsys/nrf_security/src/drivers/cracen/sxsymcrypt/src/hmac.c:100:5:sx_mac_create_hmac_sha1	8	static
C:/ncs/v3.1.1/nrf/subsys/nrf_security/src/drivers/cracen/sxsymcrypt/src/hmac.c:110:5:sx_mac_create_hmac_sha2_224	8	static
C:/ncs/v3.1.1/nrf/subsys/nrf_security/src/drivers/cracen/sxsymcrypt/src/hmac.c:144:5:sx_mac_create_hmac_sha3_224	8	static
C:/ncs/v3.1.1/nrf/subsys/nrf_security/src/drivers/cracen/sxsymcrypt/src/hmac.c:149:5:sx_mac_create_hmac_sha3_256	8	static
C:/ncs/v3.1.1/nrf/subsys/nrf_security/src/drivers/cracen/sxsymcrypt/src/hmac.c:154:5:sx_mac_create_hmac_sha3_384	8	static
C:/ncs/v3.1.1/nrf/subsys/nrf_security/src/drivers/cracen/sxsymcrypt/src/hmac.c:159:5:sx_mac_create_hmac_sha3_512	8	static
