C:/ncs/v3.1.1/nrf/subsys/nrf_security/src/drivers/cracen/silexpk/target/baremetal_ba414e_with_ik/pk_baremetal.c:135:6:sx_pk_wrreg	0	static
C:/ncs/v3.1.1/nrf/subsys/nrf_security/src/drivers/cracen/silexpk/target/baremetal_ba414e_with_ik/pk_baremetal.c:82:6:sx_clear_interrupt	8	static
C:/ncs/v3.1.1/nrf/subsys/nrf_security/src/drivers/cracen/silexpk/target/baremetal_ba414e_with_ik/pk_baremetal.c:149:10:sx_pk_rdreg	0	static
C:/ncs/v3.1.1/nrf/subsys/nrf_security/src/drivers/cracen/silexpk/target/baremetal_ba414e_with_ik/pk_baremetal.c:61:6:ba414ep_is_busy	8	static
C:/ncs/v3.1.1/nrf/subsys/nrf_security/src/drivers/cracen/silexpk/target/baremetal_ba414e_with_ik/pk_baremetal.c:66:6:ik_is_busy	8	static
C:/ncs/v3.1.1/nrf/subsys/nrf_security/src/drivers/cracen/silexpk/target/baremetal_ba414e_with_ik/pk_baremetal.c:71:6:is_busy	8	static
C:/ncs/v3.1.1/nrf/subsys/nrf_security/src/drivers/cracen/silexpk/target/baremetal_ba414e_with_ik/pk_baremetal.c:93:5:read_status	8	static
C:/ncs/v3.1.1/nrf/subsys/nrf_security/src/drivers/cracen/silexpk/target/baremetal_ba414e_with_ik/pk_baremetal.c:106:5:sx_pk_wait	8	static
C:/ncs/v3.1.1/nrf/subsys/nrf_security/src/drivers/cracen/silexpk/target/baremetal_ba414e_with_ik/pk_baremetal.c:171:24:sx_pk_get_blinder	0	static
C:/ncs/v3.1.1/nrf/subsys/nrf_security/src/drivers/cracen/silexpk/target/baremetal_ba414e_with_ik/pk_baremetal.c:176:34:sx_pk_fetch_capabilities	8	static
C:/ncs/v3.1.1/nrf/subsys/nrf_security/src/drivers/cracen/silexpk/target/baremetal_ba414e_with_ik/pk_baremetal.c:194:5:sx_pk_init	8	static
C:/ncs/v3.1.1/nrf/subsys/nrf_security/src/drivers/cracen/silexpk/target/baremetal_ba414e_with_ik/pk_baremetal.c:221:22:sx_pk_acquire_req	16	static
C:/ncs/v3.1.1/nrf/subsys/nrf_security/src/drivers/cracen/silexpk/target/baremetal_ba414e_with_ik/pk_baremetal.c:252:12:sx_get_current_req	0	static
C:/ncs/v3.1.1/nrf/subsys/nrf_security/src/drivers/cracen/silexpk/target/baremetal_ba414e_with_ik/pk_baremetal.c:257:6:sx_pk_set_user_context	0	static
C:/ncs/v3.1.1/nrf/subsys/nrf_security/src/drivers/cracen/silexpk/target/baremetal_ba414e_with_ik/pk_baremetal.c:262:7:sx_pk_get_user_context	0	static
C:/ncs/v3.1.1/nrf/subsys/nrf_security/src/drivers/cracen/silexpk/target/baremetal_ba414e_with_ik/pk_baremetal.c:267:6:sx_pk_release_req	8	static
C:/ncs/v3.1.1/nrf/subsys/nrf_security/src/drivers/cracen/silexpk/target/baremetal_ba414e_with_ik/pk_baremetal.c:276:17:sx_pk_get_regs	0	static
C:/ncs/v3.1.1/nrf/subsys/nrf_security/src/drivers/cracen/silexpk/target/baremetal_ba414e_with_ik/pk_baremetal.c:281:28:sx_pk_get_caps	0	static
