C:/ncs/v3.1.1/zephyr/drivers/adc/adc_nrfx_saadc.c:551:13:has_single_ended	0	static
C:/ncs/v3.1.1/zephyr/drivers/adc/adc_nrfx_saadc.c:556:13:correct_single_ended	8	static
C:/ncs/v3.1.1/zephyr/drivers/adc/adc_context.h:137:20:adc_context_lock	16	static
C:/ncs/v3.1.1/zephyr/drivers/adc/adc_context.h:167:19:adc_context_wait_for_completion	8	static
C:/ncs/v3.1.1/zephyr/drivers/adc/adc_nrfx_saadc.c:439:20:adc_context_disable_timer	8	static
C:/ncs/v3.1.1/zephyr/drivers/adc/adc_context.h:184:20:adc_context_complete	8	static
C:/ncs/v3.1.1/zephyr/drivers/adc/adc_context.h:149:20:adc_context_release	8	static
C:/ncs/v3.1.1/zephyr/drivers/adc/adc_context.h:160:20:adc_context_unlock_unconditionally	8	static
C:/ncs/v3.1.1/zephyr/drivers/adc/adc_nrfx_saadc.c:219:12:gain_set	8	static
C:/ncs/v3.1.1/zephyr/drivers/adc/adc_nrfx_saadc.c:285:12:reference_set	8	static
C:/ncs/v3.1.1/zephyr/drivers/adc/adc_nrfx_saadc.c:124:12:acq_time_set	8	static
C:/ncs/v3.1.1/zephyr/drivers/adc/adc_nrfx_saadc.c:521:12:check_buffer_size	24	static
C:/ncs/v3.1.1/zephyr/drivers/adc/adc_nrfx_saadc.c:398:13:adc_context_update_buffer_pointer	16	static
C:/ncs/v3.1.1/zephyr/drivers/adc/adc_nrfx_saadc.c:384:13:adc_context_start_sampling	16	static
C:/ncs/v3.1.1/zephyr/drivers/adc/adc_context.h:238:20:adc_context_on_sampling_done	8	static
C:/ncs/v3.1.1/zephyr/drivers/adc/adc_nrfx_saadc.c:741:13:event_handler	16	static
C:/ncs/v3.1.1/zephyr/drivers/adc/adc_nrfx_saadc.c:453:12:get_resolution	8	static
C:/ncs/v3.1.1/zephyr/drivers/adc/adc_nrfx_saadc.c:476:12:get_oversampling	8	static
C:/ncs/v3.1.1/zephyr/drivers/adc/adc_nrfx_saadc.c:179:12:input_assign	8	static
C:/ncs/v3.1.1/zephyr/drivers/adc/adc_nrfx_saadc.c:425:20:adc_context_enable_timer	16	static
C:/ncs/v3.1.1/zephyr/drivers/adc/adc_context.h:212:20:adc_context_start_read	16	static
C:/ncs/v3.1.1/zephyr/drivers/adc/adc_nrfx_saadc.c:602:12:start_read	32	static
C:/ncs/v3.1.1/zephyr/drivers/adc/adc_nrfx_saadc.c:727:12:adc_nrfx_read_async	16	static
C:/ncs/v3.1.1/zephyr/drivers/adc/adc_nrfx_saadc.c:713:12:adc_nrfx_read	16	static
C:/ncs/v3.1.1/zephyr/drivers/adc/adc_nrfx_saadc.c:312:12:adc_nrfx_channel_setup	48	static
C:/ncs/v3.1.1/zephyr/drivers/adc/adc_nrfx_saadc.c:771:12:init_saadc	64	dynamic,bounded
C:/ncs/v3.1.1/zephyr/drivers/adc/adc_context.h:101:20:adc_context_request_next_sampling	8	static
C:/ncs/v3.1.1/zephyr/drivers/adc/adc_nrfx_saadc.c:446:13:adc_context_on_timer_expired	8	static
