C:/ncs/v3.1.1/nrf/subsys/nrf_security/src/drivers/cracen/silexpk/src/ed25519.c:24:20:write_ed25519dgst	16	static
C:/ncs/v3.1.1/nrf/subsys/nrf_security/src/drivers/cracen/silexpk/src/ed25519.c:30:20:encode_eddsa_pt	8	static
C:/ncs/v3.1.1/nrf/subsys/nrf_security/src/drivers/cracen/silexpk/src/ed25519.c:36:22:sx_async_ed25519_ptmult_go	24	static
C:/ncs/v3.1.1/nrf/subsys/nrf_security/src/drivers/cracen/silexpk/src/ed25519.c:56:6:sx_async_ed25519_ptmult_end	16	static
C:/ncs/v3.1.1/nrf/subsys/nrf_security/src/drivers/cracen/silexpk/src/ed25519.c:65:5:sx_ed25519_ptmult	24	static
C:/ncs/v3.1.1/nrf/subsys/nrf_security/src/drivers/cracen/silexpk/src/ed25519.c:80:22:sx_pk_async_ed25519_sign_go	48	static
C:/ncs/v3.1.1/nrf/subsys/nrf_security/src/drivers/cracen/silexpk/src/ed25519.c:106:6:sx_async_ed25519_sign_end	16	static
C:/ncs/v3.1.1/nrf/subsys/nrf_security/src/drivers/cracen/silexpk/src/ed25519.c:115:5:sx_ed25519_sign	24	static
C:/ncs/v3.1.1/nrf/subsys/nrf_security/src/drivers/cracen/silexpk/src/ed25519.c:144:22:sx_async_ed25519_verify_go	56	static
C:/ncs/v3.1.1/nrf/subsys/nrf_security/src/drivers/cracen/silexpk/src/ed25519.c:180:5:sx_ed25519_verify	32	static
