C:/ncs/v3.1.1/zephyr/subsys/bluetooth/host/adv.c:317:12:adv_create_legacy	0	static
C:/ncs/v3.1.1/zephyr/subsys/bluetooth/host/adv.c:807:13:ad_is_limited	4	static
C:/ncs/v3.1.1/zephyr/subsys/bluetooth/host/adv.c:907:16:get_filter_policy	0	static
C:/ncs/v3.1.1/zephyr/subsys/bluetooth/host/adv.c:923:16:get_adv_channel_map	0	static
C:/ncs/v3.1.1/zephyr/include/zephyr/sys/atomic.h:127:20:atomic_test_bit	0	static
C:/ncs/v3.1.1/zephyr/subsys/bluetooth/host/adv.c:528:12:set_data_add_complete	48	static
C:/ncs/v3.1.1/zephyr/subsys/bluetooth/host/adv.c:567:12:hci_set_ad	32	static
C:/ncs/v3.1.1/zephyr/subsys/bluetooth/host/adv.c:716:12:set_ad	8	static
C:/ncs/v3.1.1/zephyr/subsys/bluetooth/host/adv.c:728:12:set_sd	8	static
C:/ncs/v3.1.1/zephyr/subsys/bluetooth/host/adv.c:824:12:le_adv_update	72	static
C:/ncs/v3.1.1/zephyr/subsys/bluetooth/host/adv.c:423:13:valid_adv_ext_param	8	static
C:/ncs/v3.1.1/zephyr/subsys/bluetooth/host/adv.c:515:13:valid_adv_param	8	static
C:/ncs/v3.1.1/zephyr/include/zephyr/sys/atomic.h:228:20:atomic_set_bit_to	0	static
C:/ncs/v3.1.1/zephyr/include/zephyr/sys/atomic.h:147:20:atomic_test_and_clear_bit	4	static
C:/ncs/v3.1.1/zephyr/subsys/bluetooth/host/adv.c:188:20:get_adv_name_type	8	static
C:/ncs/v3.1.1/zephyr/subsys/bluetooth/host/adv.c:201:20:get_adv_name_type_param	0	static
C:/ncs/v3.1.1/zephyr/subsys/bluetooth/host/adv.c:1160:12:le_ext_adv_param_set	56	static
C:/ncs/v3.1.1/zephyr/subsys/bluetooth/host/adv.c:275:23:bt_adv_lookup_by_id	0	static
C:/ncs/v3.1.1/zephyr/subsys/bluetooth/host/adv.c:294:6:bt_le_ext_adv_foreach	8	static
C:/ncs/v3.1.1/zephyr/subsys/bluetooth/host/adv.c:308:6:bt_adv_reset_adv_pool	8	static
C:/ncs/v3.1.1/zephyr/subsys/bluetooth/host/adv.c:332:6:bt_le_adv_delete_legacy	0	static
C:/ncs/v3.1.1/zephyr/subsys/bluetooth/host/adv.c:342:23:bt_le_adv_lookup_legacy	0	static
C:/ncs/v3.1.1/zephyr/subsys/bluetooth/host/adv.c:351:5:bt_le_adv_set_enable_legacy	40	static
C:/ncs/v3.1.1/zephyr/subsys/bluetooth/host/adv.c:378:5:bt_le_adv_set_enable_ext	48	static
C:/ncs/v3.1.1/zephyr/subsys/bluetooth/host/adv.c:413:5:bt_le_adv_set_enable	8	static
C:/ncs/v3.1.1/zephyr/subsys/bluetooth/host/adv.c:887:5:bt_le_adv_update_data	48	static
C:/ncs/v3.1.1/zephyr/subsys/bluetooth/host/adv.c:1002:5:bt_le_adv_start_legacy	80	static
C:/ncs/v3.1.1/zephyr/subsys/bluetooth/host/adv.c:1340:5:bt_le_adv_start_ext	32	static
C:/ncs/v3.1.1/zephyr/subsys/bluetooth/host/adv.c:1438:5:bt_le_lim_adv_cancel_timeout	8	static
C:/ncs/v3.1.1/zephyr/subsys/bluetooth/host/adv.c:1443:5:bt_le_adv_start	40	static
C:/ncs/v3.1.1/zephyr/subsys/bluetooth/host/adv.c:1477:5:bt_le_adv_stop	8	static
C:/ncs/v3.1.1/zephyr/subsys/bluetooth/host/adv.c:1897:13:adv_timeout	8	static
