C:/ncs/v3.1.1/zephyr/include/zephyr/bluetooth/buf.h:68:23:bt_buf_type_to_h4	0	static
C:/ncs/v3.1.1/zephyr/include/zephyr/net_buf.h:1435:20:net_buf_destroy	16	static
C:/ncs/v3.1.1/zephyr/subsys/bluetooth/host/buf.c:41:13:buf_rx_freed_notify	8	static
C:/ncs/v3.1.1/zephyr/subsys/bluetooth/host/buf.c:93:13:hci_rx_pool_destroy	8	static
C:/ncs/v3.1.1/zephyr/subsys/bluetooth/host/buf.c:108:17:bt_buf_get_rx	16	static
C:/ncs/v3.1.1/zephyr/subsys/bluetooth/host/buf.c:135:6:bt_buf_rx_freed_cb_set	8	static
C:/ncs/v3.1.1/zephyr/subsys/bluetooth/host/buf.c:148:17:bt_buf_get_evt	8	static
C:/ncs/v3.1.1/zephyr/subsys/bluetooth/host/buf.c:209:17:bt_buf_make_view	24	static
C:/ncs/v3.1.1/zephyr/subsys/bluetooth/host/buf.c:247:6:bt_buf_destroy_view	16	static
C:/ncs/v3.1.1/zephyr/subsys/bluetooth/host/buf.c:262:6:bt_buf_has_view	0	static
