C:/ncs/v3.1.1/zephyr/include/zephyr/sys/byteorder.h:487:20:sys_put_le64	0	static
C:/ncs/v3.1.1/zephyr/include/zephyr/sys/byteorder.h:668:24:sys_get_le64	4	static
C:/ncs/v3.1.1/zephyr/subsys/bluetooth/host/hci_core.c:165:13:drv_quirk_no_reset	0	static
C:/ncs/v3.1.1/zephyr/subsys/bluetooth/host/hci_core.c:3140:13:read_local_ver_complete	0	static
C:/ncs/v3.1.1/zephyr/subsys/bluetooth/host/hci_core.c:3153:13:read_le_features_complete	0	static
C:/ncs/v3.1.1/zephyr/subsys/bluetooth/host/hci_core.c:3264:13:read_supported_commands_complete	12	static
C:/ncs/v3.1.1/zephyr/subsys/bluetooth/host/hci_core.c:3273:13:read_local_features_complete	0	static
C:/ncs/v3.1.1/zephyr/subsys/bluetooth/host/hci_core.c:3282:13:le_read_supp_states_complete	8	static
C:/ncs/v3.1.1/zephyr/subsys/bluetooth/host/hci_core.c:3760:12:bt_br_init	0	static
C:/ncs/v3.1.1/zephyr/subsys/bluetooth/host/hci_core.c:3899:20:vs_hw_platform	0	static
C:/ncs/v3.1.1/zephyr/subsys/bluetooth/host/hci_core.c:3912:20:vs_hw_variant	0	static
C:/ncs/v3.1.1/zephyr/subsys/bluetooth/host/hci_core.c:3929:20:vs_fw_variant	0	static
C:/ncs/v3.1.1/zephyr/subsys/bluetooth/host/hci_core.c:2457:13:hci_reset_complete	0	static
C:/ncs/v3.1.1/zephyr/subsys/bluetooth/host/hci_core.c:205:12:handle_event_common	24	static
C:/ncs/v3.1.1/zephyr/include/zephyr/sys/atomic.h:228:20:atomic_set_bit_to	0	static
C:/ncs/v3.1.1/zephyr/subsys/bluetooth/host/hci_core.c:2473:13:hci_cmd_done	32	static
C:/ncs/v3.1.1/zephyr/subsys/bluetooth/host/hci_core.c:2384:13:hci_hardware_error	8	static
C:/ncs/v3.1.1/zephyr/subsys/bluetooth/host/hci_core.c:229:13:handle_event	80	dynamic,bounded
C:/ncs/v3.1.1/zephyr/subsys/bluetooth/host/hci_core.c:3072:13:hci_event	16	static
C:/ncs/v3.1.1/zephyr/subsys/bluetooth/host/hci_core.c:2954:13:hci_le_meta_event	8	static
C:/ncs/v3.1.1/zephyr/subsys/bluetooth/host/hci_core.c:243:13:handle_vs_event	80	dynamic,bounded
C:/ncs/v3.1.1/zephyr/subsys/bluetooth/host/hci_core.c:2761:13:hci_vendor_event	8	static
C:/ncs/v3.1.1/zephyr/subsys/bluetooth/host/hci_core.c:4161:13:rx_queue_put	8	static
C:/ncs/v3.1.1/zephyr/subsys/bluetooth/host/hci_core.c:4286:13:rx_work_handler	16	static
C:/ncs/v3.1.1/zephyr/subsys/bluetooth/host/hci_core.c:170:6:bt_drv_quirk_no_auto_dle	0	static
C:/ncs/v3.1.1/zephyr/subsys/bluetooth/host/hci_core.c:175:6:bt_hci_cmd_state_set_init	8	static
C:/ncs/v3.1.1/zephyr/subsys/bluetooth/host/hci_core.c:257:6:bt_send_one_host_num_completed_packets	0	static
C:/ncs/v3.1.1/zephyr/subsys/bluetooth/host/hci_core.c:368:17:bt_hci_cmd_alloc	16	static
C:/ncs/v3.1.1/zephyr/subsys/bluetooth/host/hci_core.c:345:17:bt_hci_cmd_create	24	static
C:/ncs/v3.1.1/zephyr/subsys/bluetooth/host/hci_core.c:598:9:bt_get_phy	0	static
C:/ncs/v3.1.1/zephyr/subsys/bluetooth/host/hci_core.c:612:5:bt_get_df_cte_type	0	static
C:/ncs/v3.1.1/zephyr/subsys/bluetooth/host/hci_core.c:2587:5:bt_hci_get_conn_handle	0	static
C:/ncs/v3.1.1/zephyr/subsys/bluetooth/host/hci_core.c:3842:13:bt_hci_get_ver_str	72	static
C:/ncs/v3.1.1/zephyr/subsys/bluetooth/host/hci_core.c:3856:13:bt_dev_show_info	240	dynamic,bounded
C:/ncs/v3.1.1/zephyr/subsys/bluetooth/host/hci_core.c:4100:5:bt_send	8	static
C:/ncs/v3.1.1/zephyr/subsys/bluetooth/host/hci_core.c:4131:6:hci_event_prio	24	static
C:/ncs/v3.1.1/zephyr/subsys/bluetooth/host/hci_core.c:4175:12:bt_recv_unsafe	16	static
C:/ncs/v3.1.1/zephyr/subsys/bluetooth/host/hci_core.c:4217:5:bt_hci_recv	8	static
C:/ncs/v3.1.1/zephyr/subsys/bluetooth/host/hci_core.c:4229:6:bt_finalize_init	8	static
C:/ncs/v3.1.1/zephyr/subsys/bluetooth/host/hci_core.c:4519:6:bt_is_ready	0	static
C:/ncs/v3.1.1/zephyr/subsys/bluetooth/host/hci_core.c:4531:5:bt_set_name	0	static
C:/ncs/v3.1.1/zephyr/subsys/bluetooth/host/hci_core.c:4561:13:bt_get_name	0	static
C:/ncs/v3.1.1/zephyr/subsys/bluetooth/host/hci_core.c:4570:10:bt_get_appearance	0	static
C:/ncs/v3.1.1/zephyr/subsys/bluetooth/host/hci_core.c:4598:5:bt_le_get_local_features	4	static
C:/ncs/v3.1.1/zephyr/subsys/bluetooth/host/hci_core.c:4621:6:bt_le_bond_exists	0	static
C:/ncs/v3.1.1/zephyr/subsys/bluetooth/host/hci_core.c:4822:6:bt_tx_irq_raise	8	static
C:/ncs/v3.1.1/zephyr/subsys/bluetooth/host/hci_core.c:390:5:bt_hci_cmd_send	16	static
C:/ncs/v3.1.1/zephyr/subsys/bluetooth/host/hci_core.c:3091:13:hci_core_send_cmd	16	static
C:/ncs/v3.1.1/zephyr/subsys/bluetooth/host/hci_core.c:4791:13:process_pending_cmd	8	static
C:/ncs/v3.1.1/zephyr/subsys/bluetooth/host/hci_core.c:438:5:bt_hci_cmd_send_sync	112	dynamic,bounded
C:/ncs/v3.1.1/zephyr/subsys/bluetooth/host/hci_core.c:3313:12:common_init	16	static
C:/ncs/v3.1.1/zephyr/subsys/bluetooth/host/hci_core.c:3372:12:le_set_event_mask	8	static
C:/ncs/v3.1.1/zephyr/subsys/bluetooth/host/hci_core.c:3572:12:le_init	16	static
C:/ncs/v3.1.1/zephyr/subsys/bluetooth/host/hci_core.c:3784:12:set_event_mask	8	static
C:/ncs/v3.1.1/zephyr/subsys/bluetooth/host/hci_core.c:3945:13:hci_vs_init	176	dynamic,bounded
C:/ncs/v3.1.1/zephyr/subsys/bluetooth/host/hci_core.c:4038:12:hci_init	8	static
C:/ncs/v3.1.1/zephyr/subsys/bluetooth/host/hci_core.c:4240:12:bt_init	8	static
C:/ncs/v3.1.1/zephyr/subsys/bluetooth/host/hci_core.c:4276:13:init_work	8	static
C:/ncs/v3.1.1/zephyr/subsys/bluetooth/host/hci_core.c:4356:5:bt_enable	24	static
C:/ncs/v3.1.1/zephyr/subsys/bluetooth/host/hci_core.c:539:5:bt_hci_le_rand	24	static
C:/ncs/v3.1.1/zephyr/subsys/bluetooth/host/hci_core.c:571:5:bt_hci_le_read_max_data_len	24	static
C:/ncs/v3.1.1/zephyr/subsys/bluetooth/host/hci_core.c:4428:5:bt_disable	16	static
C:/ncs/v3.1.1/zephyr/subsys/bluetooth/host/hci_core.c:4707:5:bt_le_set_chan_map	16	static
C:/ncs/v3.1.1/zephyr/subsys/bluetooth/host/hci_core.c:4754:5:bt_configure_data_path	32	static
C:/ncs/v3.1.1/zephyr/subsys/bluetooth/host/hci_core.c:2566:13:hci_cmd_status	16	static
C:/ncs/v3.1.1/zephyr/subsys/bluetooth/host/hci_core.c:2531:13:hci_cmd_complete	72	dynamic,bounded
C:/ncs/v3.1.1/zephyr/subsys/bluetooth/host/hci_core.c:4803:13:tx_processor	8	static
