C:/ncs/v3.1.1/zephyr/subsys/bluetooth/host/id.c:1456:12:id_find	16	static
C:/ncs/v3.1.1/zephyr/subsys/bluetooth/host/id.c:133:12:set_random_address	16	static
C:/ncs/v3.1.1/zephyr/include/zephyr/sys/atomic.h:127:20:atomic_test_bit	0	static
C:/ncs/v3.1.1/zephyr/subsys/bluetooth/host/id.c:77:13:adv_id_check_func	8	static
C:/ncs/v3.1.1/zephyr/subsys/bluetooth/host/id.c:223:13:adv_rpa_expired	0	static
C:/ncs/v3.1.1/zephyr/subsys/bluetooth/host/id.c:1469:12:id_create	24	static
C:/ncs/v3.1.1/zephyr/subsys/bluetooth/host/id.c:1794:16:vs_read_static_addr	40	static
C:/ncs/v3.1.1/zephyr/subsys/bluetooth/host/id.c:56:21:bt_lookup_id_addr	0	static
C:/ncs/v3.1.1/zephyr/subsys/bluetooth/host/id.c:171:5:bt_id_set_adv_random_addr	8	static
C:/ncs/v3.1.1/zephyr/subsys/bluetooth/host/id.c:490:5:bt_id_set_private_addr	16	static
C:/ncs/v3.1.1/zephyr/subsys/bluetooth/host/id.c:518:5:bt_id_set_adv_private_addr	16	static
C:/ncs/v3.1.1/zephyr/subsys/bluetooth/host/id.c:714:6:bt_id_scan_random_addr_check	8	static
C:/ncs/v3.1.1/zephyr/subsys/bluetooth/host/id.c:761:6:bt_id_adv_random_addr_check	0	static
C:/ncs/v3.1.1/zephyr/subsys/bluetooth/host/id.c:828:6:bt_id_adv_limited_stopped	8	static
C:/ncs/v3.1.1/zephyr/subsys/bluetooth/host/id.c:1444:6:bt_id_get	16	static
C:/ncs/v3.1.1/zephyr/subsys/bluetooth/host/id.c:1530:5:bt_id_create	32	static
C:/ncs/v3.1.1/zephyr/subsys/bluetooth/host/id.c:1585:5:bt_id_reset	24	static
C:/ncs/v3.1.1/zephyr/subsys/bluetooth/host/id.c:1637:5:bt_id_delete	32	static
C:/ncs/v3.1.1/zephyr/subsys/bluetooth/host/id.c:1723:9:bt_id_read_public_addr	32	static
C:/ncs/v3.1.1/zephyr/subsys/bluetooth/host/id.c:1757:5:bt_setup_public_id_addr	16	static
C:/ncs/v3.1.1/zephyr/subsys/bluetooth/host/id.c:1847:5:bt_setup_random_id_addr	40	static
C:/ncs/v3.1.1/zephyr/subsys/bluetooth/host/id.c:2083:5:bt_id_set_adv_own_addr	16	static
C:/ncs/v3.1.1/zephyr/subsys/bluetooth/host/id.c:2236:5:bt_le_oob_get_local	16	static
C:/ncs/v3.1.1/zephyr/subsys/bluetooth/host/id.c:2426:5:bt_id_init	8	static
