C:/ncs/v3.1.1/zephyr/include/zephyr/logging/log_msg.h:738:24:log_msg_generic_get_wlen	0	static
C:/ncs/v3.1.1/zephyr/include/zephyr/logging/log_backend.h:138:20:log_backend_init	8	static
C:/ncs/v3.1.1/zephyr/subsys/logging/log_core.c:157:24:dummy_timestamp	0	static
C:/ncs/v3.1.1/zephyr/subsys/logging/log_core.c:479:13:msg_filter_check	0	static
C:/ncs/v3.1.1/zephyr/subsys/logging/log_core.c:512:13:msg_process	16	static
C:/ncs/v3.1.1/zephyr/subsys/logging/log_core.c:924:13:log_backend_notify_all	16	static
C:/ncs/v3.1.1/zephyr/subsys/logging/log_core.c:234:24:default_get_timestamp	8	static
C:/ncs/v3.1.1/zephyr/subsys/logging/log_core.c:306:17:activate_foreach_backend	24	static
C:/ncs/v3.1.1/zephyr/include/zephyr/kernel.h:579:23:k_msleep	8	static
C:/ncs/v3.1.1/zephyr/subsys/logging/log_core.c:326:17:z_log_init	24	static
C:/ncs/v3.1.1/zephyr/subsys/logging/log_core.c:394:13:thread_set	8	static
C:/ncs/v3.1.1/zephyr/subsys/logging/log_core.c:932:13:log_process_thread_timer_expiry_fn	8	static
C:/ncs/v3.1.1/zephyr/subsys/logging/log_core.c:659:24:msg_alloc	8	static
C:/ncs/v3.1.1/zephyr/subsys/logging/log_core.c:800:13:msg_free	8	static
C:/ncs/v3.1.1/zephyr/subsys/logging/log_core.c:812:13:msg_pending	8	static
C:/ncs/v3.1.1/zephyr/subsys/logging/log_core.c:987:12:enable_logger	48	static
C:/ncs/v3.1.1/zephyr/subsys/logging/log_core.c:95:19:log_format_func_t_get	0	static
C:/ncs/v3.1.1/zephyr/subsys/logging/log_core.c:100:8:log_format_table_size	0	static
C:/ncs/v3.1.1/zephyr/include/zephyr/logging/log_backend.h:322:19:log_backend_format_set	16	static
C:/ncs/v3.1.1/zephyr/subsys/logging/log_core.c:162:17:z_log_timestamp	8	static
C:/ncs/v3.1.1/zephyr/subsys/logging/log_core.c:205:27:log_format_set_all_active_backends	16	static
C:/ncs/v3.1.1/zephyr/subsys/logging/log_core.c:221:6:z_log_vprintk	24	static
C:/ncs/v3.1.1/zephyr/subsys/logging/log_core.c:379:6:log_init	8	static
C:/ncs/v3.1.1/zephyr/subsys/logging/log_core.c:384:6:log_thread_trigger	8	static
C:/ncs/v3.1.1/zephyr/subsys/logging/log_core.c:409:6:log_thread_set	0	static
C:/ncs/v3.1.1/zephyr/subsys/logging/log_core.c:418:5:log_set_timestamp_func	8	static
C:/ncs/v3.1.1/zephyr/subsys/logging/log_core.c:533:6:unordered_notify	8	static
C:/ncs/v3.1.1/zephyr/subsys/logging/log_core.c:540:6:z_log_notify_backend_enabled	8	static
C:/ncs/v3.1.1/zephyr/subsys/logging/log_core.c:615:10:z_impl_log_buffered_cnt	0	static
C:/ncs/v3.1.1/zephyr/subsys/logging/log_core.c:628:6:z_log_dropped	8	static
C:/ncs/v3.1.1/zephyr/include/zephyr/logging/log_internal.h:133:20:z_log_notify_drop	8	static
C:/ncs/v3.1.1/zephyr/subsys/logging/log_core.c:641:10:z_log_dropped_read_and_clear	0	static
C:/ncs/v3.1.1/zephyr/subsys/logging/log_core.c:522:6:dropped_notify	16	static
C:/ncs/v3.1.1/zephyr/subsys/logging/log_core.c:646:6:z_log_dropped_pending	0	static
C:/ncs/v3.1.1/zephyr/subsys/logging/log_core.c:651:6:z_log_msg_init	8	static
C:/ncs/v3.1.1/zephyr/subsys/logging/log_core.c:256:6:log_core_init	8	static
C:/ncs/v3.1.1/zephyr/subsys/logging/log_core.c:672:17:z_log_msg_alloc	8	static
C:/ncs/v3.1.1/zephyr/subsys/logging/log_core.c:709:24:z_log_msg_local_claim	8	static
C:/ncs/v3.1.1/zephyr/subsys/logging/log_core.c:720:24:z_log_msg_claim_oldest	24	static
C:/ncs/v3.1.1/zephyr/subsys/logging/log_core.c:786:24:z_log_msg_claim	8	static
C:/ncs/v3.1.1/zephyr/subsys/logging/log_core.c:807:6:z_log_msg_free	8	static
C:/ncs/v3.1.1/zephyr/subsys/logging/log_core.c:821:6:z_log_msg_pending	8	static
C:/ncs/v3.1.1/zephyr/subsys/logging/log_core.c:557:6:z_impl_log_process	16	static
C:/ncs/v3.1.1/zephyr/subsys/logging/log_core.c:437:6:z_impl_log_panic	8	static
C:/ncs/v3.1.1/zephyr/subsys/logging/log_core.c:167:13:z_log_msg_post_finalize	16	static
C:/ncs/v3.1.1/zephyr/subsys/logging/log_core.c:677:13:msg_commit	8	static
C:/ncs/v3.1.1/zephyr/subsys/logging/log_core.c:703:6:z_log_msg_commit	8	static
C:/ncs/v3.1.1/zephyr/subsys/logging/log_core.c:937:13:log_process_thread_func	24	static
C:/ncs/v3.1.1/zephyr/subsys/logging/log_core.c:851:6:z_log_msg_enqueue	24	static
C:/ncs/v3.1.1/zephyr/subsys/logging/log_core.c:870:13:z_log_get_tag	0	static
C:/ncs/v3.1.1/zephyr/subsys/logging/log_core.c:875:5:log_set_tag	0	static
C:/ncs/v3.1.1/zephyr/subsys/logging/log_core.c:899:5:log_mem_get_usage	8	static
C:/ncs/v3.1.1/zephyr/subsys/logging/log_core.c:913:5:log_mem_get_max_usage	8	static
C:/ncs/v3.1.1/zephyr/subsys/logging/log_core.c:1009:6:log_flush	8	static
